D/wifi_gbk2utf(  909): parseScanResults, line=level=-86
D/wifi_gbk2utf(  909):  
D/wifi_gbk2utf(  909): parseScanResults, line=tsf=0000001361371584
D/wifi_gbk2utf(  909):  
D/wifi_gbk2utf(  909): parseScanResults, line=flags=[WPA-PSK-CCMP+TKIP][WPA2-PSK-CCMP+TKIP][ESS]
D/wifi_gbk2utf(  909):  
D/wifi_gbk2utf(  909): parseScanResults, line=ssid=WeiHua
D/wifi_gbk2utf(  909):  
D/wifi_gbk2utf(  909): parseScanResults, ssid = WeiHua, buf = WeiHua,isUTF8= 0, isCh = 0
D/wifi_gbk2utf(  909): parseScanResults, line=====
D/wifi_gbk2utf(  909):  
D/wifi_gbk2utf(  909): After sscanf,ssid:WeiHua, isCh:0
D/wifi_gbk2utf(  909): parseScanResults, line=id=57
D/wifi_gbk2utf(  909):  
D/wifi_gbk2utf(  909): parseScanResults, line=bssid=02:0e:5e:4b:23:d8
D/wifi_gbk2utf(  909):  
D/wifi_gbk2utf(  909): parseScanResults, line=freq=2412
D/wifi_gbk2utf(  909):  
D/wifi_gbk2utf(  909): parseScanResults, line=level=-86
D/wifi_gbk2utf(  909):  
D/wifi_gbk2utf(  909): parseScanResults, line=tsf=0000001361371592
D/wifi_gbk2utf(  909):  
D/wifi_gbk2utf(  909): parseScanResults, line=flags=[WPA-PSK-CCMP+TKIP][ESS]
D/wifi_gbk2utf(  909):  
D/wifi_gbk2utf(  909): parseScanResults, line=ssid=ChinaNet-aiPm
D/wifi_gbk2utf(  909):  
D/wifi_gbk2utf(  909): parseScanResults, ssid = ChinaNet-aiPm, buf = ChinaNet-aiPm,isUTF8= 0, isCh = 0
D/wifi_gbk2utf(  909): parseScanResults, line=====
D/wifi_gbk2utf(  909):  
D/wifi_gbk2utf(  909): After sscanf,ssid:ChinaNet-aiPm, isCh:0
D/wifi_gbk2utf(  909): parseScanResults, line=id=58
D/wifi_gbk2utf(  909):  
D/wifi_gbk2utf(  909): parseScanResults, line=bssid=34:e0:cf:16:73:37
D/wifi_gbk2utf(  909):  
D/wifi_gbk2utf(  909): parseScanResults, line=freq=2442
D/wifi_gbk2utf(  909):  
D/wifi_gbk2utf(  909): parseScanResults, line=level=-86
D/wifi_gbk2utf(  909):  
D/wifi_gbk2utf(  909): parseScanResults, line=tsf=0000001361371600
D/wifi_gbk2utf(  909):  
D/wifi_gbk2utf(  909): parseScanResults, line=flags=[WPA-PSK-CCMP][WPS][ESS]
D/wifi_gbk2utf(  909):  
D/wifi_gbk2utf(  909): parseScanResults, line=ssid=ChinaNet-5Lwm
D/wifi_gbk2utf(  909):  
D/wifi_gbk2utf(  909): parseScanResults, ssid = ChinaNet-5Lwm, buf = ChinaNet-5Lwm,isUTF8= 0, isCh = 0
D/wifi_gbk2utf(  909): parseScanResults, line=====
D/wifi_gbk2utf(  909):  
D/wifi_gbk2utf(  909): After sscanf,ssid:ChinaNet-5Lwm, isCh:0
D/wifi_gbk2utf(  909): parseScanResults, line=id=59
D/wifi_gbk2utf(  909):  
D/wifi_gbk2utf(  909): parseScanResults, line=bssid=ac:85:3d:a5:69:a0
D/wifi_gbk2utf(  909):  
D/wifi_gbk2utf(  909): parseScanResults, line=freq=2412
D/wifi_gbk2utf(  909):  
D/wifi_gbk2utf(  909): parseScanResults, line=level=-86
D/wifi_gbk2utf(  909):  
D/wifi_gbk2utf(  909): parseScanResults, line=tsf=0000001361371607
D/wifi_gbk2utf(  909):  
D/wifi_gbk2utf(  909): parseScanResults, line=flags=[WPA-PSK-TKIP][WPA2-PSK-TKIP][ESS]
D/wifi_gbk2utf(  909):  
D/wifi_gbk2utf(  909): parseScanResults, line=ssid=luichi
D/wifi_gbk2utf(  909):  
D/wifi_gbk2utf(  909): parseScanResults, ssid = luichi, buf = luichi,isUTF8= 0, isCh = 0
D/wifi_gbk2utf(  909): parseScanResults, line=#### 
D/LBSSystemMonitorService(  909): handleMessage what - 4
D/Wiper_jni(  909): Send Network Location.
E/LocSvc_api_v02(  909): I/---> locClientSendReq line 2405 QMI_LOC_INJECT_WIFI_POSITION_REQ_V02
E/LocSvc_ApiV02(  909): I/<--- void globalRespCb(locClientHandleType, uint32_t, locClientRespIndUnionType, void*) line 106 QMI_LOC_INJECT_WIFI_POSITION_REQ_V02
D/wpa_supplicant( 1132): RX ctrl_iface - hexdump(len=11): 53 49 47 4e 41 4c 5f 50 4f 4c 4c
D/wpa_supplicant( 1132): wlan0: Control interface command 'SIGNAL_POLL'
D/wpa_supplicant( 1132): nl80211: survey data missing!
D/StatusBar.MSimNetworkController( 1052): refreshViews subscription =0mMSimDataConnected =false
D/StatusBar.MSimNetworkController( 1052): refreshViews mMSimDataActivity =0
D/StatusBar.MSimNetworkController( 1052): refreshViews: Data not connected!! Set no data type icon / Roaming for subscription: 0
D/StatusBar.MSimNetworkController( 1052): refreshViews connected={ wifi } level=0 mMSimcombinedSignalIconId=0x7f0202b4/com.android.systemui:drawable/stat_sys_wifi_signal_4_fully mMSimcombinedActivityIconId=0x7f0202ae mAirplaneMode=false mMSimDataActivity=0 mMSimPhoneSignalIconId=0x7f0202a3/com.android.systemui:drawable/stat_sys_signal_null_1 mMSimDataDirectionIconId=0x0 mMSimDataSignalIconId=0x7f0202a3 mMSimDataTypeIconId=0x0/(null) mNoMSimIconId=0x7f0200d6/com.android.systemui:drawable/stat_sys_no_sim_1 mMSimMobileActivityIconId=0x0/(null) mWifiIconId=0x7f0202b4 mBluetoothTetherIconId=0x10805e2
D/StatusBar.MSimNetworkController( 1052): refreshSignalCluster, mMSimPhoneSignalIconId[0]=com.android.systemui:drawable/stat_sys_signal_null_1 mMSimDataSignalIconId[0]=com.android.systemui:drawable/stat_sys_signal_null_1 mMSimDataTypeIconId[0]=(null) mMSimMobileActivityIconId[0]=(null) mNoMSimIconId[0]=com.android.systemui:drawable/stat_sys_no_sim_1
D/StatusBar.MSimNetworkController( 1052): refreshSignalCluster, mMSimPhoneSignalIconId[0]=com.android.systemui:drawable/stat_sys_signal_null_1 mMSimDataSignalIconId[0]=com.android.systemui:drawable/stat_sys_signal_null_1 mMSimDataTypeIconId[0]=(null) mMSimMobileActivityIconId[0]=(null) mNoMSimIconId[0]=com.android.systemui:drawable/stat_sys_no_sim_1
D/StatusBar.MSimNetworkController( 1052): refreshViews subscription =0mMSimDataConnected =false
D/StatusBar.MSimNetworkController( 1052): refreshViews mMSimDataActivity =0
D/StatusBar.MSimNetworkController( 1052): refreshViews: Data not connected!! Set no data type icon / Roaming for subscription: 0
D/StatusBar.MSimNetworkController( 1052): refreshViews connected={ wifi } level=0 mMSimcombinedSignalIconId=0x7f0202b4/com.android.systemui:drawable/stat_sys_wifi_signal_4_fully mMSimcombinedActivityIconId=0x7f0202ad mAirplaneMode=false mMSimDataActivity=0 mMSimPhoneSignalIconId=0x7f0202a3/com.android.systemui:drawable/stat_sys_signal_null_1 mMSimDataDirectionIconId=0x0 mMSimDataSignalIconId=0x7f0202a3 mMSimDataTypeIconId=0x0/(null) mNoMSimIconId=0x7f0200d6/com.android.systemui:drawable/stat_sys_no_sim_1 mMSimMobileActivityIconId=0x0/(null) mWifiIconId=0x7f0202b4 mBluetoothTetherIconId=0x10805e2
D/StatusBar.MSimNetworkController( 1052): refreshSignalCluster, mMSimPhoneSignalIconId[0]=com.android.systemui:drawable/stat_sys_signal_null_1 mMSimDataSignalIconId[0]=com.android.systemui:drawable/stat_sys_signal_null_1 mMSimDataTypeIconId[0]=(null) mMSimMobileActivityIconId[0]=(null) mNoMSimIconId[0]=com.android.systemui:drawable/stat_sys_no_sim_1
D/StatusBar.MSimNetworkController( 1052): refreshSignalCluster, mMSimPhoneSignalIconId[0]=com.android.systemui:drawable/stat_sys_signal_null_1 mMSimDataSignalIconId[0]=com.android.systemui:drawable/stat_sys_signal_null_1 mMSimDataTypeIconId[0]=(null) mMSimMobileActivityIconId[0]=(null) mNoMSimIconId[0]=com.android.systemui:drawable/stat_sys_no_sim_1
V/WLAN_PSA(  235): NL MSG, len[048], NL type[0x11] WNI type[0x5050] len[028]
I/Process (20227): Sending signal. PID: 20227 SIG: 9
I/ActivityManager(  909): Process com.yishu.idcarder (pid 20227) has died.
I/WindowState(  909): WIN DEATH: Window{41de81f0 u0 com.yishu.idcarder/com.yishu.idcarder.MainActivity}
I/WindowState(  909): WIN DEATH: Window{41b9b830 u0 com.yishu.idcarder/com.yishu.idcarder.LoginActivity}
D/dalvikvm(20924): Late-enabling CheckJNI
I/ActivityManager(  909): Start proc com.yishu.idcarder for activity com.yishu.idcarder/.LoginActivity: pid=20924 uid=10066 gids={50066, 3002, 3003}
D/ActivityThread(20924): handleBindApplication:com.yishu.idcarder
D/ActivityThread(20924): setTargetHeapUtilization:0.75
D/ActivityThread(20924): setTargetHeapMinFree:524288
W/dalvikvm(20924): VFY: unable to find class referenced in signature (Landroid/view/SearchEvent;)
I/dalvikvm(20924): Could not find method android.view.Window$Callback.onSearchRequested, referenced from method android.support.v7.internal.view.WindowCallbackWrapper.onSearchRequested
W/dalvikvm(20924): VFY: unable to resolve interface method 15553: Landroid/view/Window$Callback;.onSearchRequested (Landroid/view/SearchEvent;)Z
D/dalvikvm(20924): VFY: replacing opcode 0x72 at 0x0002
I/dalvikvm(20924): Could not find method android.view.Window$Callback.onWindowStartingActionMode, referenced from method android.support.v7.internal.view.WindowCallbackWrapper.onWindowStartingActionMode
W/dalvikvm(20924): VFY: unable to resolve interface method 15557: Landroid/view/Window$Callback;.onWindowStartingActionMode (Landroid/view/ActionMode$Callback;I)Landroid/view/ActionMode;
D/dalvikvm(20924): VFY: replacing opcode 0x72 at 0x0002
I/dalvikvm(20924): Could not find method android.content.res.Resources.getDrawable, referenced from method android.support.v7.internal.widget.ResourcesWrapper.getDrawable
W/dalvikvm(20924): VFY: unable to resolve virtual method 411: Landroid/content/res/Resources;.getDrawable (ILandroid/content/res/Resources$Theme;)Landroid/graphics/drawable/Drawable;
D/dalvikvm(20924): VFY: replacing opcode 0x6e at 0x0002
I/dalvikvm(20924): Could not find method android.content.res.Resources.getDrawableForDensity, referenced from method android.support.v7.internal.widget.ResourcesWrapper.getDrawableForDensity
W/dalvikvm(20924): VFY: unable to resolve virtual method 413: Landroid/content/res/Resources;.getDrawableForDensity (IILandroid/content/res/Resources$Theme;)Landroid/graphics/drawable/Drawable;
D/dalvikvm(20924): VFY: replacing opcode 0x6e at 0x0002
I/Adreno-EGL(20924): <qeglDrvAPI_eglInitialize:410>: EGL 1.4 QUALCOMM build:  ()
I/Adreno-EGL(20924): OpenGL ES Shader Compiler Version: E031.24.02.07
I/Adreno-EGL(20924): Build Date: 09/24/14 Wed
I/Adreno-EGL(20924): Local Branch: 
I/Adreno-EGL(20924): Remote Branch: 
I/Adreno-EGL(20924): Local Patches: 
I/Adreno-EGL(20924): Reconstruct Branch: 
D/OpenGLRenderer(20924): Enabling debug mode 0
W/Binder  ( 1166): Caught a RuntimeException from the binder stub implementation.
W/Binder  ( 1166): java.lang.NullPointerException
W/Binder  ( 1166): 	at android.inputmethodservice.IInputMethodWrapper.setSessionEnabled(IInputMethodWrapper.java:280)
W/Binder  ( 1166): 	at com.android.internal.view.IInputMethod$Stub.onTransact(IInputMethod.java:129)
W/Binder  ( 1166): 	at android.os.Binder.execTransact(Binder.java:404)
W/Binder  ( 1166): 	at dalvik.system.NativeStart.run(Native Method)
W/InputMethodManagerService(  909): Got RemoteException sending setActive(false) notification to pid 20227 uid 10066
I/Timeline(20924): Timeline: Activity_idle id: android.os.BinderProxy@41913078 time:1364522
I/ActivityManager(  909): Displayed com.yishu.idcarder/.LoginActivity: +443ms
I/Timeline(  909): Timeline: Activity_windows_visible id: ActivityRecord{41d879d0 u0 com.yishu.idcarder/.LoginActivity t12} time:1364528
D/wpa_supplicant( 1132): RX ctrl_iface - hexdump(len=11): 53 49 47 4e 41 4c 5f 50 4f 4c 4c
D/wpa_supplicant( 1132): wlan0: Control interface command 'SIGNAL_POLL'
D/wpa_supplicant( 1132): nl80211: survey data missing!
D/wpa_supplicant( 1132): RX ctrl_iface - hexdump(len=11): 53 49 47 4e 41 4c 5f 50 4f 4c 4c
D/wpa_supplicant( 1132): wlan0: Control interface command 'SIGNAL_POLL'
D/wpa_supplicant( 1132): nl80211: survey data missing!
V/WLAN_PSA(  235): NL MSG, len[048], NL type[0x11] WNI type[0x5050] len[028]
D/dalvikvm(10422): GC_FOR_ALLOC freed 583K, 40% free 4479K/7356K, paused 24ms, total 24ms
D/VM_BMS  (  403): wake_lock acquired
D/VM_BMS  (  403): New BMS data - Size=56
D/VM_BMS  (  403): Start process_bms_data
D/VM_BMS  (  403): For batt_temp=224 fcc_mah=1872
D/VM_BMS  (  403): For ocv=3721762 batt_temp=224 soc=30
D/VM_BMS  (  403): fifo_count=5 acc_count=0
D/VM_BMS  (  403): INIT: ocv=3721762 last_ocv=3721762 batt_temp=224 soc=30
D/VM_BMS  (  403): For soc=30 batt_temp=224 slope=4400
D/VM_BMS  (  403): For soc=30 batt_temp=224 rbatt_sf=143
D/VM_BMS  (  403): rbatt_mohm_default=146, rbatt_mohm=208, sf=143 batt_temp=224
D/VM_BMS  (  403): For ocv=3722008 batt_temp=224 soc=30
D/VM_BMS  (  403): FIFO=0 fifo_avg=3.809353 rbatt=0.208000 slope=0.440000 ibatt=-0.420520 ocv=3.722008 soc=30 fcc_ah=1.872000 sample_count=128 sample_interval=70 seq_num=52
D/VM_BMS  (  403): For soc=30 batt_temp=224 slope=4400
D/VM_BMS  (  403): For soc=30 batt_temp=224 rbatt_sf=143
D/VM_BMS  (  403): rbatt_mohm_default=146, rbatt_mohm=208, sf=143 batt_temp=224
D/VM_BMS  (  403): For ocv=3722216 batt_temp=224 soc=30
D/VM_BMS  (  403): FIFO=1 fifo_avg=3.796375 rbatt=0.208000 slope=0.440000 ibatt=-0.357032 ocv=3.722217 soc=30 fcc_ah=1.872000 sample_count=128 sample_interval=70 seq_num=52
D/VM_BMS  (  403): For soc=30 batt_temp=224 slope=4400
D/VM_BMS  (  403): For soc=30 batt_temp=224 rbatt_sf=143
D/VM_BMS  (  403): rbatt_mohm_default=146, rbatt_mohm=208, sf=143 batt_temp=224
D/VM_BMS  (  403): For ocv=3722410 batt_temp=224 soc=30
D/VM_BMS  (  403): FIFO=2 fifo_avg=3.791359 rbatt=0.208000 slope=0.440000 ibatt=-0.331952 ocv=3.722410 soc=30 fcc_ah=1.872000 sample_count=128 sample_interval=70 seq_num=52
D/VM_BMS  (  403): For soc=30 batt_temp=224 slope=4400
D/VM_BMS  (  403): For soc=30 batt_temp=224 rbatt_sf=143
D/VM_BMS  (  403): rbatt_mohm_default=146, rbatt_mohm=208, sf=143 batt_temp=224
D/VM_BMS  (  403): For ocv=3722653 batt_temp=224 soc=30
D/VM_BMS  (  403): FIFO=3 fifo_avg=3.809044 rbatt=0.208000 slope=0.440000 ibatt=-0.415924 ocv=3.722653 soc=30 fcc_ah=1.872000 sample_count=128 sample_interval=70 seq_num=52
D/VM_BMS  (  403): For soc=30 batt_temp=224 slope=4400
D/VM_BMS  (  403): For soc=30 batt_temp=224 rbatt_sf=143
D/VM_BMS  (  403): rbatt_mohm_default=146, rbatt_mohm=208, sf=143 batt_temp=224
D/VM_BMS  (  403): For ocv=3722890 batt_temp=224 soc=30
D/VM_BMS  (  403): FIFO=4 fifo_avg=3.807277 rbatt=0.208000 slope=0.440000 ibatt=-0.406275 ocv=3.722891 soc=30 fcc_ah=1.872000 sample_count=128 sample_interval=70 seq_num=52
I/VM_BMS  (  403): power_supply_update: ocv_uv=3722890 ibatt=-406275 soc=30 seq_num=52
D/VM_BMS  (  403): End process_bms_data
D/VM_BMS  (  403): wake_lock released
D/wpa_supplicant( 1132): RX ctrl_iface - hexdump(len=11): 53 49 47 4e 41 4c 5f 50 4f 4c 4c
D/wpa_supplicant( 1132): wlan0: Control interface command 'SIGNAL_POLL'
D/wpa_supplicant( 1132): nl80211: survey data missing!
D/StatusBar.NetworkController( 1052): updateWifiIcons, mWifiIconId = com.android.systemui:drawable/stat_sys_wifi_signal_3_fully mQSWifiIconId = com.android.systemui:drawable/ic_qs_wifi_3
D/StatusBar.MSimNetworkController( 1052): refreshViews subscription =0mMSimDataConnected =false
D/StatusBar.MSimNetworkController( 1052): refreshViews mMSimDataActivity =0
D/StatusBar.MSimNetworkController( 1052): refreshViews: Data not connected!! Set no data type icon / Roaming for subscription: 0
D/StatusBar.MSimNetworkController( 1052): refreshViews connected={ wifi } level=0 mMSimcombinedSignalIconId=0x7f0202b3/com.android.systemui:drawable/stat_sys_wifi_signal_3_fully mMSimcombinedActivityIconId=0x7f0202ad mAirplaneMode=false mMSimDataActivity=0 mMSimPhoneSignalIconId=0x7f0202a3/com.android.systemui:drawable/stat_sys_signal_null_1 mMSimDataDirectionIconId=0x0 mMSimDataSignalIconId=0x7f0202a3 mMSimDataTypeIconId=0x0/(null) mNoMSimIconId=0x7f0200d6/com.android.systemui:drawable/stat_sys_no_sim_1 mMSimMobileActivityIconId=0x0/(null) mWifiIconId=0x7f0202b3 mBluetoothTetherIconId=0x10805e2
D/StatusBar.MSimNetworkController( 1052): refreshSignalCluster, mMSimPhoneSignalIconId[0]=com.android.systemui:drawable/stat_sys_signal_null_1 mMSimDataSignalIconId[0]=com.android.systemui:drawable/stat_sys_signal_null_1 mMSimDataTypeIconId[0]=(null) mMSimMobileActivityIconId[0]=(null) mNoMSimIconId[0]=com.android.systemui:drawable/stat_sys_no_sim_1
D/StatusBar.MSimNetworkController( 1052): refreshSignalCluster, mMSimPhoneSignalIconId[0]=com.android.systemui:drawable/stat_sys_signal_null_1 mMSimDataSignalIconId[0]=com.android.systemui:drawable/stat_sys_signal_null_1 mMSimDataTypeIconId[0]=(null) mMSimMobileActivityIconId[0]=(null) mNoMSimIconId[0]=com.android.systemui:drawable/stat_sys_no_sim_1
V/WLAN_PSA(  235): NL MSG, len[048], NL type[0x11] WNI type[0x5050] len[028]
D/wpa_supplicant( 1132): RX ctrl_iface - hexdump(len=11): 53 49 47 4e 41 4c 5f 50 4f 4c 4c
D/wpa_supplicant( 1132): wlan0: Control interface command 'SIGNAL_POLL'
D/wpa_supplicant( 1132): nl80211: survey data missing!
D/wpa_supplicant( 1132): RX ctrl_iface - hexdump(len=11): 53 49 47 4e 41 4c 5f 50 4f 4c 4c
D/wpa_supplicant( 1132): wlan0: Control interface command 'SIGNAL_POLL'
D/wpa_supplicant( 1132): nl80211: survey data missing!
D/StatusBar.MSimNetworkController( 1052): refreshViews subscription =0mMSimDataConnected =false
D/StatusBar.MSimNetworkController( 1052): refreshViews mMSimDataActivity =0
D/StatusBar.MSimNetworkController( 1052): refreshViews: Data not connected!! Set no data type icon / Roaming for subscription: 0
D/StatusBar.MSimNetworkController( 1052): refreshViews connected={ wifi } level=0 mMSimcombinedSignalIconId=0x7f0202b3/com.android.systemui:drawable/stat_sys_wifi_signal_3_fully mMSimcombinedActivityIconId=0x7f0202ae mAirplaneMode=false mMSimDataActivity=0 mMSimPhoneSignalIconId=0x7f0202a3/com.android.systemui:drawable/stat_sys_signal_null_1 mMSimDataDirectionIconId=0x0 mMSimDataSignalIconId=0x7f0202a3 mMSimDataTypeIconId=0x0/(null) mNoMSimIconId=0x7f0200d6/com.android.systemui:drawable/stat_sys_no_sim_1 mMSimMobileActivityIconId=0x0/(null) mWifiIconId=0x7f0202b3 mBluetoothTetherIconId=0x10805e2
D/StatusBar.MSimNetworkController( 1052): refreshSignalCluster, mMSimPhoneSignalIconId[0]=com.android.systemui:drawable/stat_sys_signal_null_1 mMSimDataSignalIconId[0]=com.android.systemui:drawable/stat_sys_signal_null_1 mMSimDataTypeIconId[0]=(null) mMSimMobileActivityIconId[0]=(null) mNoMSimIconId[0]=com.android.systemui:drawable/stat_sys_no_sim_1
D/StatusBar.MSimNetworkController( 1052): refreshSignalCluster, mMSimPhoneSignalIconId[0]=com.android.systemui:drawable/stat_sys_signal_null_1 mMSimDataSignalIconId[0]=com.android.systemui:drawable/stat_sys_signal_null_1 mMSimDataTypeIconId[0]=(null) mMSimMobileActivityIconId[0]=(null) mNoMSimIconId[0]=com.android.systemui:drawable/stat_sys_no_sim_1
D/dalvikvm(10422): GC_FOR_ALLOC freed 550K, 39% free 4492K/7356K, paused 21ms, total 22ms
D/StatusBar.MSimNetworkController( 1052): refreshViews subscription =0mMSimDataConnected =false
D/StatusBar.MSimNetworkController( 1052): refreshViews mMSimDataActivity =0
D/StatusBar.MSimNetworkController( 1052): refreshViews: Data not connected!! Set no data type icon / Roaming for subscription: 0
D/StatusBar.MSimNetworkController( 1052): refreshViews connected={ wifi } level=0 mMSimcombinedSignalIconId=0x7f0202b3/com.android.systemui:drawable/stat_sys_wifi_signal_3_fully mMSimcombinedActivityIconId=0x7f0202ad mAirplaneMode=false mMSimDataActivity=0 mMSimPhoneSignalIconId=0x7f0202a3/com.android.systemui:drawable/stat_sys_signal_null_1 mMSimDataDirectionIconId=0x0 mMSimDataSignalIconId=0x7f0202a3 mMSimDataTypeIconId=0x0/(null) mNoMSimIconId=0x7f0200d6/com.android.systemui:drawable/stat_sys_no_sim_1 mMSimMobileActivityIconId=0x0/(null) mWifiIconId=0x7f0202b3 mBluetoothTetherIconId=0x10805e2
D/StatusBar.MSimNetworkController( 1052): refreshSignalCluster, mMSimPhoneSignalIconId[0]=com.android.systemui:drawable/stat_sys_signal_null_1 mMSimDataSignalIconId[0]=com.android.systemui:drawable/stat_sys_signal_null_1 mMSimDataTypeIconId[0]=(null) mMSimMobileActivityIconId[0]=(null) mNoMSimIconId[0]=com.android.systemui:drawable/stat_sys_no_sim_1
D/StatusBar.MSimNetworkController( 1052): refreshSignalCluster, mMSimPhoneSignalIconId[0]=com.android.systemui:drawable/stat_sys_signal_null_1 mMSimDataSignalIconId[0]=com.android.systemui:drawable/stat_sys_signal_null_1 mMSimDataTypeIconId[0]=(null) mMSimMobileActivityIconId[0]=(null) mNoMSimIconId[0]=com.android.systemui:drawable/stat_sys_no_sim_1
V/WLAN_PSA(  235): NL MSG, len[048], NL type[0x11] WNI type[0x5050] len[028]
D/dalvikvm(12201): GC_FOR_ALLOC freed 511K, 24% free 3360K/4388K, paused 14ms, total 14ms
D/wpa_supplicant( 1132): RX ctrl_iface - hexdump(len=11): 53 49 47 4e 41 4c 5f 50 4f 4c 4c
D/wpa_supplicant( 1132): wlan0: Control interface command 'SIGNAL_POLL'
D/wpa_supplicant( 1132): nl80211: survey data missing!
D/dalvikvm(10395): GC_FOR_ALLOC freed 2258K, 41% free 13248K/22112K, paused 141ms, total 142ms
D/dalvikvm( 2508): GC_FOR_ALLOC freed 503K, 17% free 3884K/4648K, paused 98ms, total 98ms
D/wpa_supplicant( 1132): RX ctrl_iface - hexdump(len=11): 53 49 47 4e 41 4c 5f 50 4f 4c 4c
D/wpa_supplicant( 1132): wlan0: Control interface command 'SIGNAL_POLL'
D/wpa_supplicant( 1132): nl80211: survey data missing!
V/WLAN_PSA(  235): NL MSG, len[048], NL type[0x11] WNI type[0x5050] len[028]
D/wpa_supplicant( 1132): RX ctrl_iface - hexdump(len=11): 53 49 47 4e 41 4c 5f 50 4f 4c 4c
D/wpa_supplicant( 1132): wlan0: Control interface command 'SIGNAL_POLL'
D/wpa_supplicant( 1132): nl80211: survey data missing!
D/dalvikvm(10422): GC_FOR_ALLOC freed 567K, 39% free 4492K/7356K, paused 22ms, total 23ms
W/ContextImpl(10422): Implicit intents with startService are not safe: Intent { act=com.qihoo.express.push.MSG_ARRIVED (has extras) } com.qihoo.express.mini.service.ce.a:-1 com.qihoo.express.mini.service.ce.a:-1 com.qihoo.express.mini.service.ce.a:-1 
I/Timeline(20924): Timeline: Activity_launch_request id:com.yishu.idcarder time:1387534
I/ActivityManager(  909): START u0 {cmp=com.yishu.idcarder/.RegisterActivity} from pid 20924
D/dalvikvm(20924): GC_FOR_ALLOC freed 170K, 9% free 3148K/3436K, paused 10ms, total 10ms
I/dalvikvm-heap(20924): Grow heap (frag case) to 4.060MB for 435616-byte allocation
I/Timeline(20924): Timeline: Activity_idle id: android.os.BinderProxy@41970830 time:1387706
I/ActivityManager(  909): Displayed com.yishu.idcarder/.RegisterActivity: +174ms
I/Timeline(  909): Timeline: Activity_windows_visible id: ActivityRecord{41dcc4c8 u0 com.yishu.idcarder/.RegisterActivity t12} time:1388030
D/StatusBar.MSimNetworkController( 1052): refreshViews subscription =0mMSimDataConnected =false
D/StatusBar.MSimNetworkController( 1052): refreshViews mMSimDataActivity =0
D/StatusBar.MSimNetworkController( 1052): refreshViews: Data not connected!! Set no data type icon / Roaming for subscription: 0
D/StatusBar.MSimNetworkController( 1052): refreshViews connected={ wifi } level=0 mMSimcombinedSignalIconId=0x7f0202b3/com.android.systemui:drawable/stat_sys_wifi_signal_3_fully mMSimcombinedActivityIconId=0x7f0202ae mAirplaneMode=false mMSimDataActivity=0 mMSimPhoneSignalIconId=0x7f0202a3/com.android.systemui:drawable/stat_sys_signal_null_1 mMSimDataDirectionIconId=0x0 mMSimDataSignalIconId=0x7f0202a3 mMSimDataTypeIconId=0x0/(null) mNoMSimIconId=0x7f0200d6/com.android.systemui:drawable/stat_sys_no_sim_1 mMSimMobileActivityIconId=0x0/(null) mWifiIconId=0x7f0202b3 mBluetoothTetherIconId=0x10805e2
D/StatusBar.MSimNetworkController( 1052): refreshSignalCluster, mMSimPhoneSignalIconId[0]=com.android.systemui:drawable/stat_sys_signal_null_1 mMSimDataSignalIconId[0]=com.android.systemui:drawable/stat_sys_signal_null_1 mMSimDataTypeIconId[0]=(null) mMSimMobileActivityIconId[0]=(null) mNoMSimIconId[0]=com.android.systemui:drawable/stat_sys_no_sim_1
D/StatusBar.MSimNetworkController( 1052): refreshSignalCluster, mMSimPhoneSignalIconId[0]=com.android.systemui:drawable/stat_sys_signal_null_1 mMSimDataSignalIconId[0]=com.android.systemui:drawable/stat_sys_signal_null_1 mMSimDataTypeIconId[0]=(null) mMSimMobileActivityIconId[0]=(null) mNoMSimIconId[0]=com.android.systemui:drawable/stat_sys_no_sim_1
V/WLAN_PSA(  235): NL MSG, len[048], NL type[0x11] WNI type[0x5050] len[028]
D/wpa_supplicant( 1132): RX ctrl_iface - hexdump(len=11): 53 49 47 4e 41 4c 5f 50 4f 4c 4c
D/wpa_supplicant( 1132): wlan0: Control interface command 'SIGNAL_POLL'
D/wpa_supplicant( 1132): nl80211: survey data missing!
D/wpa_supplicant( 1132): RX ctrl_iface - hexdump(len=11): 53 49 47 4e 41 4c 5f 50 4f 4c 4c
D/wpa_supplicant( 1132): wlan0: Control interface command 'SIGNAL_POLL'
D/wpa_supplicant( 1132): nl80211: survey data missing!
D/StatusBar.MSimNetworkController( 1052): refreshViews subscription =0mMSimDataConnected =false
D/StatusBar.MSimNetworkController( 1052): refreshViews mMSimDataActivity =0
D/StatusBar.MSimNetworkController( 1052): refreshViews: Data not connected!! Set no data type icon / Roaming for subscription: 0
D/StatusBar.MSimNetworkController( 1052): refreshViews connected={ wifi } level=0 mMSimcombinedSignalIconId=0x7f0202b3/com.android.systemui:drawable/stat_sys_wifi_signal_3_fully mMSimcombinedActivityIconId=0x7f0202ad mAirplaneMode=false mMSimDataActivity=0 mMSimPhoneSignalIconId=0x7f0202a3/com.android.systemui:drawable/stat_sys_signal_null_1 mMSimDataDirectionIconId=0x0 mMSimDataSignalIconId=0x7f0202a3 mMSimDataTypeIconId=0x0/(null) mNoMSimIconId=0x7f0200d6/com.android.systemui:drawable/stat_sys_no_sim_1 mMSimMobileActivityIconId=0x0/(null) mWifiIconId=0x7f0202b3 mBluetoothTetherIconId=0x10805e2
D/StatusBar.MSimNetworkController( 1052): refreshSignalCluster, mMSimPhoneSignalIconId[0]=com.android.systemui:drawable/stat_sys_signal_null_1 mMSimDataSignalIconId[0]=com.android.systemui:drawable/stat_sys_signal_null_1 mMSimDataTypeIconId[0]=(null) mMSimMobileActivityIconId[0]=(null) mNoMSimIconId[0]=com.android.systemui:drawable/stat_sys_no_sim_1
D/StatusBar.MSimNetworkController( 1052): refreshSignalCluster, mMSimPhoneSignalIconId[0]=com.android.systemui:drawable/stat_sys_signal_null_1 mMSimDataSignalIconId[0]=com.android.systemui:drawable/stat_sys_signal_null_1 mMSimDataTypeIconId[0]=(null) mMSimMobileActivityIconId[0]=(null) mNoMSimIconId[0]=com.android.systemui:drawable/stat_sys_no_sim_1
V/WLAN_PSA(  235): NL MSG, len[048], NL type[0x11] WNI type[0x5050] len[028]
V/AlarmManager(  909): Checking for alarms... rtc=1453716719999, elapsed=1394081
V/AlarmManager(  909): sending alarm Alarm{41bc8be8 type 3 android}
V/AlarmManager(  909): Received TIME_TICK alarm; rescheduling
V/AlarmManager(  909): set(PendingIntent{41bc4c08: PendingIntentRecord{41c1e270 android broadcastIntent}}) : type=3 triggerAtTime=1454081 win=0 tElapsed=1454081 maxElapsed=1454081 interval=0 standalone=true
I/Timeline(20924): Timeline: Activity_idle id: android.os.BinderProxy@41913078 time:1394161
I/Timeline(  909): Timeline: Activity_windows_visible id: ActivityRecord{41d879d0 u0 com.yishu.idcarder/.LoginActivity t12} time:1394499
D/dalvikvm(10422): GC_FOR_ALLOC freed 565K, 39% free 4495K/7356K, paused 22ms, total 22ms
D/StatusBar.MSimNetworkController( 1052): refreshViews subscription =0mMSimDataConnected =false
D/StatusBar.MSimNetworkController( 1052): refreshViews mMSimDataActivity =0
D/StatusBar.MSimNetworkController( 1052): refreshViews: Data not connected!! Set no data type icon / Roaming for subscription: 0
D/StatusBar.MSimNetworkController( 1052): refreshViews connected={ wifi } level=0 mMSimcombinedSignalIconId=0x7f0202b3/com.android.systemui:drawable/stat_sys_wifi_signal_3_fully mMSimcombinedActivityIconId=0x7f0202ae mAirplaneMode=false mMSimDataActivity=0 mMSimPhoneSignalIconId=0x7f0202a3/com.android.systemui:drawable/stat_sys_signal_null_1 mMSimDataDirectionIconId=0x0 mMSimDataSignalIconId=0x7f0202a3 mMSimDataTypeIconId=0x0/(null) mNoMSimIconId=0x7f0200d6/com.android.systemui:drawable/stat_sys_no_sim_1 mMSimMobileActivityIconId=0x0/(null) mWifiIconId=0x7f0202b3 mBluetoothTetherIconId=0x10805e2
D/StatusBar.MSimNetworkController( 1052): refreshSignalCluster, mMSimPhoneSignalIconId[0]=com.android.systemui:drawable/stat_sys_signal_null_1 mMSimDataSignalIconId[0]=com.android.systemui:drawable/stat_sys_signal_null_1 mMSimDataTypeIconId[0]=(null) mMSimMobileActivityIconId[0]=(null) mNoMSimIconId[0]=com.android.systemui:drawable/stat_sys_no_sim_1
D/wpa_supplicant( 1132): RX ctrl_iface - hexdump(len=11): 53 49 47 4e 41 4c 5f 50 4f 4c 4c
D/wpa_supplicant( 1132): wlan0: Control interface command 'SIGNAL_POLL'
D/wpa_supplicant( 1132): nl80211: survey data missing!
D/StatusBar.MSimNetworkController( 1052): refreshSignalCluster, mMSimPhoneSignalIconId[0]=com.android.systemui:drawable/stat_sys_signal_null_1 mMSimDataSignalIconId[0]=com.android.systemui:drawable/stat_sys_signal_null_1 mMSimDataTypeIconId[0]=(null) mMSimMobileActivityIconId[0]=(null) mNoMSimIconId[0]=com.android.systemui:drawable/stat_sys_no_sim_1
W/MountService(  909): getVolumeState(/storage/emulated/0/external_sd): Unknown volume
W/MountService(  909): getVolumeState(/mnt/sdcard-ext): Unknown volume
W/MountService(  909): getVolumeState(/mnt/ext_sdcard): Unknown volume
W/MountService(  909): getVolumeState(/mnt/sdcard2): Unknown volume
W/MountService(  909): getVolumeState(/mnt/emmc): Unknown volume
W/MountService(  909): getVolumeState(/mnt/extSdCard): Unknown volume
W/MountService(  909): getVolumeState(/mnt/sdcard/SD_CARD): Unknown volume
W/MountService(  909): getVolumeState(/mnt/sdcard/extra_sd): Unknown volume
W/MountService(  909): getVolumeState(/mnt/extrasd_bind): Unknown volume
W/MountService(  909): getVolumeState(/mnt/sdcard/ext_sd): Unknown volume
W/MountService(  909): getVolumeState(/storage/extSdCard): Unknown volume
W/MountService(  909): getVolumeState(/mnt/sdcard/external_SD): Unknown volume
W/MountService(  909): getVolumeState(/mnt/sdcard/external_sd): Unknown volume
D/dalvikvm(10422): GC_FOR_ALLOC freed 421K, 37% free 4642K/7356K, paused 28ms, total 29ms
I/dalvikvm(10422): Jit: resizing JitTable from 8192 to 16384
D/dalvikvm(10422): GC_FOR_ALLOC freed 695K, 38% free 4566K/7356K, paused 22ms, total 22ms
W/MountService(  909): getVolumeState(/storage/emulated/0/external_sd): Unknown volume
W/MountService(  909): getVolumeState(/mnt/sdcard-ext): Unknown volume
W/MountService(  909): getVolumeState(/mnt/ext_sdcard): Unknown volume
W/MountService(  909): getVolumeState(/mnt/sdcard2): Unknown volume
W/MountService(  909): getVolumeState(/mnt/emmc): Unknown volume
W/MountService(  909): getVolumeState(/mnt/extSdCard): Unknown volume
W/MountService(  909): getVolumeState(/mnt/sdcard/SD_CARD): Unknown volume
W/MountService(  909): getVolumeState(/mnt/sdcard/extra_sd): Unknown volume
W/MountService(  909): getVolumeState(/mnt/extrasd_bind): Unknown volume
W/MountService(  909): getVolumeState(/mnt/sdcard/ext_sd): Unknown volume
W/MountService(  909): getVolumeState(/storage/extSdCard): Unknown volume
W/MountService(  909): getVolumeState(/mnt/sdcard/external_SD): Unknown volume
W/MountService(  909): getVolumeState(/mnt/sdcard/external_sd): Unknown volume
D/wpa_supplicant( 1132): RX ctrl_iface - hexdump(len=11): 53 49 47 4e 41 4c 5f 50 4f 4c 4c
D/wpa_supplicant( 1132): wlan0: Control interface command 'SIGNAL_POLL'
D/StatusBar.MSimNetworkController( 1052): refreshViews subscription =0mMSimDataConnected =false
D/StatusBar.MSimNetworkController( 1052): refreshViews mMSimDataActivity =0
D/StatusBar.MSimNetworkController( 1052): refreshViews: Data not connected!! Set no data type icon / Roaming for subscription: 0
D/StatusBar.MSimNetworkController( 1052): refreshViews connected={ wifi } level=0 mMSimcombinedSignalIconId=0x7f0202b3/com.android.systemui:drawable/stat_sys_wifi_signal_3_fully mMSimcombinedActivityIconId=0x7f0202ad mAirplaneMode=false mMSimDataActivity=0 mMSimPhoneSignalIconId=0x7f0202a3/com.android.systemui:drawable/stat_sys_signal_null_1 mMSimDataDirectionIconId=0x0 mMSimDataSignalIconId=0x7f0202a3 mMSimDataTypeIconId=0x0/(null) mNoMSimIconId=0x7f0200d6/com.android.systemui:drawable/stat_sys_no_sim_1 mMSimMobileActivityIconId=0x0/(null) mWifiIconId=0x7f0202b3 mBluetoothTetherIconId=0x10805e2
D/StatusBar.MSimNetworkController( 1052): refreshSignalCluster, mMSimPhoneSignalIconId[0]=com.android.systemui:drawable/stat_sys_signal_null_1 mMSimDataSignalIconId[0]=com.android.systemui:drawable/stat_sys_signal_null_1 mMSimDataTypeIconId[0]=(null) mMSimMobileActivityIconId[0]=(null) mNoMSimIconId[0]=com.android.systemui:drawable/stat_sys_no_sim_1
D/StatusBar.MSimNetworkController( 1052): refreshSignalCluster, mMSimPhoneSignalIconId[0]=com.android.systemui:drawable/stat_sys_signal_null_1 mMSimDataSignalIconId[0]=com.android.systemui:drawable/stat_sys_signal_null_1 mMSimDataTypeIconId[0]=(null) mMSimMobileActivityIconId[0]=(null) mNoMSimIconId[0]=com.android.systemui:drawable/stat_sys_no_sim_1
D/wpa_supplicant( 1132): nl80211: survey data missing!
V/WLAN_PSA(  235): NL MSG, len[048], NL type[0x11] WNI type[0x5050] len[028]
D/dalvikvm(10422): GC_FOR_ALLOC freed 660K, 39% free 4499K/7356K, paused 23ms, total 23ms
D/StatusBar.MSimNetworkController( 1052): refreshViews subscription =0mMSimDataConnected =false
D/StatusBar.MSimNetworkController( 1052): refreshViews mMSimDataActivity =0
D/StatusBar.MSimNetworkController( 1052): refreshViews: Data not connected!! Set no data type icon / Roaming for subscription: 0
D/StatusBar.MSimNetworkController( 1052): refreshViews connected={ wifi } level=0 mMSimcombinedSignalIconId=0x7f0202b3/com.android.systemui:drawable/stat_sys_wifi_signal_3_fully mMSimcombinedActivityIconId=0x7f0202ae mAirplaneMode=false mMSimDataActivity=0 mMSimPhoneSignalIconId=0x7f0202a3/com.android.systemui:drawable/stat_sys_signal_null_1 mMSimDataDirectionIconId=0x0 mMSimDataSignalIconId=0x7f0202a3 mMSimDataTypeIconId=0x0/(null) mNoMSimIconId=0x7f0200d6/com.android.systemui:drawable/stat_sys_no_sim_1 mMSimMobileActivityIconId=0x0/(null) mWifiIconId=0x7f0202b3 mBluetoothTetherIconId=0x10805e2
D/StatusBar.MSimNetworkController( 1052): refreshSignalCluster, mMSimPhoneSignalIconId[0]=com.android.systemui:drawable/stat_sys_signal_null_1 mMSimDataSignalIconId[0]=com.android.systemui:drawable/stat_sys_signal_null_1 mMSimDataTypeIconId[0]=(null) mMSimMobileActivityIconId[0]=(null) mNoMSimIconId[0]=com.android.systemui:drawable/stat_sys_no_sim_1
D/StatusBar.MSimNetworkController( 1052): refreshSignalCluster, mMSimPhoneSignalIconId[0]=com.android.systemui:drawable/stat_sys_signal_null_1 mMSimDataSignalIconId[0]=com.android.systemui:drawable/stat_sys_signal_null_1 mMSimDataTypeIconId[0]=(null) mMSimMobileActivityIconId[0]=(null) mNoMSimIconId[0]=com.android.systemui:drawable/stat_sys_no_sim_1
D/wpa_supplicant( 1132): RX ctrl_iface - hexdump(len=11): 53 49 47 4e 41 4c 5f 50 4f 4c 4c
D/wpa_supplicant( 1132): wlan0: Control interface command 'SIGNAL_POLL'
D/wpa_supplicant( 1132): nl80211: survey data missing!
D/StatusBar.MSimNetworkController( 1052): refreshViews subscription =0mMSimDataConnected =false
D/StatusBar.MSimNetworkController( 1052): refreshViews mMSimDataActivity =0
D/StatusBar.MSimNetworkController( 1052): refreshViews: Data not connected!! Set no data type icon / Roaming for subscription: 0
D/StatusBar.MSimNetworkController( 1052): refreshViews connected={ wifi } level=0 mMSimcombinedSignalIconId=0x7f0202b3/com.android.systemui:drawable/stat_sys_wifi_signal_3_fully mMSimcombinedActivityIconId=0x7f0202ad mAirplaneMode=false mMSimDataActivity=0 mMSimPhoneSignalIconId=0x7f0202a3/com.android.systemui:drawable/stat_sys_signal_null_1 mMSimDataDirectionIconId=0x0 mMSimDataSignalIconId=0x7f0202a3 mMSimDataTypeIconId=0x0/(null) mNoMSimIconId=0x7f0200d6/com.android.systemui:drawable/stat_sys_no_sim_1 mMSimMobileActivityIconId=0x0/(null) mWifiIconId=0x7f0202b3 mBluetoothTetherIconId=0x10805e2
D/StatusBar.MSimNetworkController( 1052): refreshSignalCluster, mMSimPhoneSignalIconId[0]=com.android.systemui:drawable/stat_sys_signal_null_1 mMSimDataSignalIconId[0]=com.android.systemui:drawable/stat_sys_signal_null_1 mMSimDataTypeIconId[0]=(null) mMSimMobileActivityIconId[0]=(null) mNoMSimIconId[0]=com.android.systemui:drawable/stat_sys_no_sim_1
D/StatusBar.MSimNetworkController( 1052): refreshSignalCluster, mMSimPhoneSignalIconId[0]=com.android.systemui:drawable/stat_sys_signal_null_1 mMSimDataSignalIconId[0]=com.android.systemui:drawable/stat_sys_signal_null_1 mMSimDataTypeIconId[0]=(null) mMSimMobileActivityIconId[0]=(null) mNoMSimIconId[0]=com.android.systemui:drawable/stat_sys_no_sim_1
D/StatusBar.MSimNetworkController( 1052): refreshViews subscription =0mMSimDataConnected =false
D/StatusBar.MSimNetworkController( 1052): refreshViews mMSimDataActivity =0
D/StatusBar.MSimNetworkController( 1052): refreshViews: Data not connected!! Set no data type icon / Roaming for subscription: 0
D/StatusBar.MSimNetworkController( 1052): refreshViews connected={ wifi } level=0 mMSimcombinedSignalIconId=0x7f0202b3/com.android.systemui:drawable/stat_sys_wifi_signal_3_fully mMSimcombinedActivityIconId=0x7f0202ae mAirplaneMode=false mMSimDataActivity=0 mMSimPhoneSignalIconId=0x7f0202a3/com.android.systemui:drawable/stat_sys_signal_null_1 mMSimDataDirectionIconId=0x0 mMSimDataSignalIconId=0x7f0202a3 mMSimDataTypeIconId=0x0/(null) mNoMSimIconId=0x7f0200d6/com.android.systemui:drawable/stat_sys_no_sim_1 mMSimMobileActivityIconId=0x0/(null) mWifiIconId=0x7f0202b3 mBluetoothTetherIconId=0x10805e2
D/StatusBar.MSimNetworkController( 1052): refreshSignalCluster, mMSimPhoneSignalIconId[0]=com.android.systemui:drawable/stat_sys_signal_null_1 mMSimDataSignalIconId[0]=com.android.systemui:drawable/stat_sys_signal_null_1 mMSimDataTypeIconId[0]=(null) mMSimMobileActivityIconId[0]=(null) mNoMSimIconId[0]=com.android.systemui:drawable/stat_sys_no_sim_1
D/StatusBar.MSimNetworkController( 1052): refreshSignalCluster, mMSimPhoneSignalIconId[0]=com.android.systemui:drawable/stat_sys_signal_null_1 mMSimDataSignalIconId[0]=com.android.systemui:drawable/stat_sys_signal_null_1 mMSimDataTypeIconId[0]=(null) mMSimMobileActivityIconId[0]=(null) mNoMSimIconId[0]=com.android.systemui:drawable/stat_sys_no_sim_1
V/WLAN_PSA(  235): NL MSG, len[048], NL type[0x11] WNI type[0x5050] len[028]
D/wpa_supplicant( 1132): RX ctrl_iface - hexdump(len=11): 53 49 47 4e 41 4c 5f 50 4f 4c 4c
D/wpa_supplicant( 1132): wlan0: Control interface command 'SIGNAL_POLL'
D/wpa_supplicant( 1132): nl80211: survey data missing!
D/StatusBar.MSimNetworkController( 1052): refreshViews subscription =0mMSimDataConnected =false
D/StatusBar.MSimNetworkController( 1052): refreshViews mMSimDataActivity =0
D/StatusBar.MSimNetworkController( 1052): refreshViews: Data not connected!! Set no data type icon / Roaming for subscription: 0
D/StatusBar.MSimNetworkController( 1052): refreshViews connected={ wifi } level=0 mMSimcombinedSignalIconId=0x7f0202b3/com.android.systemui:drawable/stat_sys_wifi_signal_3_fully mMSimcombinedActivityIconId=0x7f0202ad mAirplaneMode=false mMSimDataActivity=0 mMSimPhoneSignalIconId=0x7f0202a3/com.android.systemui:drawable/stat_sys_signal_null_1 mMSimDataDirectionIconId=0x0 mMSimDataSignalIconId=0x7f0202a3 mMSimDataTypeIconId=0x0/(null) mNoMSimIconId=0x7f0200d6/com.android.systemui:drawable/stat_sys_no_sim_1 mMSimMobileActivityIconId=0x0/(null) mWifiIconId=0x7f0202b3 mBluetoothTetherIconId=0x10805e2
D/StatusBar.MSimNetworkController( 1052): refreshSignalCluster, mMSimPhoneSignalIconId[0]=com.android.systemui:drawable/stat_sys_signal_null_1 mMSimDataSignalIconId[0]=com.android.systemui:drawable/stat_sys_signal_null_1 mMSimDataTypeIconId[0]=(null) mMSimMobileActivityIconId[0]=(null) mNoMSimIconId[0]=com.android.systemui:drawable/stat_sys_no_sim_1
D/StatusBar.MSimNetworkController( 1052): refreshSignalCluster, mMSimPhoneSignalIconId[0]=com.android.systemui:drawable/stat_sys_signal_null_1 mMSimDataSignalIconId[0]=com.android.systemui:drawable/stat_sys_signal_null_1 mMSimDataTypeIconId[0]=(null) mMSimMobileActivityIconId[0]=(null) mNoMSimIconId[0]=com.android.systemui:drawable/stat_sys_no_sim_1
D/StatusBar.MSimNetworkController( 1052): refreshViews subscription =0mMSimDataConnected =false
D/StatusBar.MSimNetworkController( 1052): refreshViews mMSimDataActivity =0
D/StatusBar.MSimNetworkController( 1052): refreshViews: Data not connected!! Set no data type icon / Roaming for subscription: 0
D/StatusBar.MSimNetworkController( 1052): refreshViews connected={ wifi } level=0 mMSimcombinedSignalIconId=0x7f0202b3/com.android.systemui:drawable/stat_sys_wifi_signal_3_fully mMSimcombinedActivityIconId=0x7f0202ae mAirplaneMode=false mMSimDataActivity=0 mMSimPhoneSignalIconId=0x7f0202a3/com.android.systemui:drawable/stat_sys_signal_null_1 mMSimDataDirectionIconId=0x0 mMSimDataSignalIconId=0x7f0202a3 mMSimDataTypeIconId=0x0/(null) mNoMSimIconId=0x7f0200d6/com.android.systemui:drawable/stat_sys_no_sim_1 mMSimMobileActivityIconId=0x0/(null) mWifiIconId=0x7f0202b3 mBluetoothTetherIconId=0x10805e2
D/StatusBar.MSimNetworkController( 1052): refreshSignalCluster, mMSimPhoneSignalIconId[0]=com.android.systemui:drawable/stat_sys_signal_null_1 mMSimDataSignalIconId[0]=com.android.systemui:drawable/stat_sys_signal_null_1 mMSimDataTypeIconId[0]=(null) mMSimMobileActivityIconId[0]=(null) mNoMSimIconId[0]=com.android.systemui:drawable/stat_sys_no_sim_1
D/StatusBar.MSimNetworkController( 1052): refreshSignalCluster, mMSimPhoneSignalIconId[0]=com.android.systemui:drawable/stat_sys_signal_null_1 mMSimDataSignalIconId[0]=com.android.systemui:drawable/stat_sys_signal_null_1 mMSimDataTypeIconId[0]=(null) mMSimMobileActivityIconId[0]=(null) mNoMSimIconId[0]=com.android.systemui:drawable/stat_sys_no_sim_1
D/wpa_supplicant( 1132): RX ctrl_iface - hexdump(len=11): 53 49 47 4e 41 4c 5f 50 4f 4c 4c
D/wpa_supplicant( 1132): wlan0: Control interface command 'SIGNAL_POLL'
D/wpa_supplicant( 1132): nl80211: survey data missing!
D/StatusBar.MSimNetworkController( 1052): refreshViews subscription =0mMSimDataConnected =false
D/StatusBar.MSimNetworkController( 1052): refreshViews mMSimDataActivity =0
D/StatusBar.MSimNetworkController( 1052): refreshViews: Data not connected!! Set no data type icon / Roaming for subscription: 0
D/StatusBar.MSimNetworkController( 1052): refreshViews connected={ wifi } level=0 mMSimcombinedSignalIconId=0x7f0202b3/com.android.systemui:drawable/stat_sys_wifi_signal_3_fully mMSimcombinedActivityIconId=0x7f0202ad mAirplaneMode=false mMSimDataActivity=0 mMSimPhoneSignalIconId=0x7f0202a3/com.android.systemui:drawable/stat_sys_signal_null_1 mMSimDataDirectionIconId=0x0 mMSimDataSignalIconId=0x7f0202a3 mMSimDataTypeIconId=0x0/(null) mNoMSimIconId=0x7f0200d6/com.android.systemui:drawable/stat_sys_no_sim_1 mMSimMobileActivityIconId=0x0/(null) mWifiIconId=0x7f0202b3 mBluetoothTetherIconId=0x10805e2
D/StatusBar.MSimNetworkController( 1052): refreshSignalCluster, mMSimPhoneSignalIconId[0]=com.android.systemui:drawable/stat_sys_signal_null_1 mMSimDataSignalIconId[0]=com.android.systemui:drawable/stat_sys_signal_null_1 mMSimDataTypeIconId[0]=(null) mMSimMobileActivityIconId[0]=(null) mNoMSimIconId[0]=com.android.systemui:drawable/stat_sys_no_sim_1
D/StatusBar.MSimNetworkController( 1052): refreshSignalCluster, mMSimPhoneSignalIconId[0]=com.android.systemui:drawable/stat_sys_signal_null_1 mMSimDataSignalIconId[0]=com.android.systemui:drawable/stat_sys_signal_null_1 mMSimDataTypeIconId[0]=(null) mMSimMobileActivityIconId[0]=(null) mNoMSimIconId[0]=com.android.systemui:drawable/stat_sys_no_sim_1
V/WLAN_PSA(  235): NL MSG, len[048], NL type[0x11] WNI type[0x5050] len[028]
D/dalvikvm(10422): GC_FOR_ALLOC freed 584K, 40% free 4485K/7356K, paused 19ms, total 19ms
D/wpa_supplicant( 1132): RX ctrl_iface - hexdump(len=11): 53 49 47 4e 41 4c 5f 50 4f 4c 4c
D/wpa_supplicant( 1132): wlan0: Control interface command 'SIGNAL_POLL'
D/wpa_supplicant( 1132): nl80211: survey data missing!
D/wpa_supplicant( 1132): RX ctrl_iface - hexdump(len=11): 53 49 47 4e 41 4c 5f 50 4f 4c 4c
D/wpa_supplicant( 1132): wlan0: Control interface command 'SIGNAL_POLL'
D/wpa_supplicant( 1132): nl80211: survey data missing!
V/WLAN_PSA(  235): NL MSG, len[048], NL type[0x11] WNI type[0x5050] len[028]
D/StatusBar.MSimNetworkController( 1052): refreshViews subscription =0mMSimDataConnected =false
D/StatusBar.MSimNetworkController( 1052): refreshViews mMSimDataActivity =0
D/StatusBar.MSimNetworkController( 1052): refreshViews: Data not connected!! Set no data type icon / Roaming for subscription: 0
D/StatusBar.MSimNetworkController( 1052): refreshViews connected={ wifi } level=0 mMSimcombinedSignalIconId=0x7f0202b3/com.android.systemui:drawable/stat_sys_wifi_signal_3_fully mMSimcombinedActivityIconId=0x7f0202ae mAirplaneMode=false mMSimDataActivity=0 mMSimPhoneSignalIconId=0x7f0202a3/com.android.systemui:drawable/stat_sys_signal_null_1 mMSimDataDirectionIconId=0x0 mMSimDataSignalIconId=0x7f0202a3 mMSimDataTypeIconId=0x0/(null) mNoMSimIconId=0x7f0200d6/com.android.systemui:drawable/stat_sys_no_sim_1 mMSimMobileActivityIconId=0x0/(null) mWifiIconId=0x7f0202b3 mBluetoothTetherIconId=0x10805e2
D/StatusBar.MSimNetworkController( 1052): refreshSignalCluster, mMSimPhoneSignalIconId[0]=com.android.systemui:drawable/stat_sys_signal_null_1 mMSimDataSignalIconId[0]=com.android.systemui:drawable/stat_sys_signal_null_1 mMSimDataTypeIconId[0]=(null) mMSimMobileActivityIconId[0]=(null) mNoMSimIconId[0]=com.android.systemui:drawable/stat_sys_no_sim_1
D/StatusBar.MSimNetworkController( 1052): refreshSignalCluster, mMSimPhoneSignalIconId[0]=com.android.systemui:drawable/stat_sys_signal_null_1 mMSimDataSignalIconId[0]=com.android.systemui:drawable/stat_sys_signal_null_1 mMSimDataTypeIconId[0]=(null) mMSimMobileActivityIconId[0]=(null) mNoMSimIconId[0]=com.android.systemui:drawable/stat_sys_no_sim_1
D/StatusBar.MSimNetworkController( 1052): refreshViews subscription =0mMSimDataConnected =false
D/StatusBar.MSimNetworkController( 1052): refreshViews mMSimDataActivity =0
D/StatusBar.MSimNetworkController( 1052): refreshViews: Data not connected!! Set no data type icon / Roaming for subscription: 0
D/StatusBar.MSimNetworkController( 1052): refreshViews connected={ wifi } level=0 mMSimcombinedSignalIconId=0x7f0202b3/com.android.systemui:drawable/stat_sys_wifi_signal_3_fully mMSimcombinedActivityIconId=0x7f0202ad mAirplaneMode=false mMSimDataActivity=0 mMSimPhoneSignalIconId=0x7f0202a3/com.android.systemui:drawable/stat_sys_signal_null_1 mMSimDataDirectionIconId=0x0 mMSimDataSignalIconId=0x7f0202a3 mMSimDataTypeIconId=0x0/(null) mNoMSimIconId=0x7f0200d6/com.android.systemui:drawable/stat_sys_no_sim_1 mMSimMobileActivityIconId=0x0/(null) mWifiIconId=0x7f0202b3 mBluetoothTetherIconId=0x10805e2
D/StatusBar.MSimNetworkController( 1052): refreshSignalCluster, mMSimPhoneSignalIconId[0]=com.android.systemui:drawable/stat_sys_signal_null_1 mMSimDataSignalIconId[0]=com.android.systemui:drawable/stat_sys_signal_null_1 mMSimDataTypeIconId[0]=(null) mMSimMobileActivityIconId[0]=(null) mNoMSimIconId[0]=com.android.systemui:drawable/stat_sys_no_sim_1
D/StatusBar.MSimNetworkController( 1052): refreshSignalCluster, mMSimPhoneSignalIconId[0]=com.android.systemui:drawable/stat_sys_signal_null_1 mMSimDataSignalIconId[0]=com.android.systemui:drawable/stat_sys_signal_null_1 mMSimDataTypeIconId[0]=(null) mMSimMobileActivityIconId[0]=(null) mNoMSimIconId[0]=com.android.systemui:drawable/stat_sys_no_sim_1
D/wpa_supplicant( 1132): RX ctrl_iface - hexdump(len=11): 53 49 47 4e 41 4c 5f 50 4f 4c 4c
D/wpa_supplicant( 1132): wlan0: Control interface command 'SIGNAL_POLL'
D/wpa_supplicant( 1132): nl80211: survey data missing!
D/VM_BMS  (  403): wake_lock acquired
D/VM_BMS  (  403): New BMS data - Size=56
D/VM_BMS  (  403): Start process_bms_data
D/VM_BMS  (  403): For batt_temp=224 fcc_mah=1872
D/VM_BMS  (  403): For ocv=3722890 batt_temp=224 soc=30
D/VM_BMS  (  403): fifo_count=5 acc_count=0
D/VM_BMS  (  403): INIT: ocv=3722890 last_ocv=3722890 batt_temp=224 soc=30
D/VM_BMS  (  403): For soc=30 batt_temp=224 slope=4400
D/VM_BMS  (  403): For soc=30 batt_temp=224 rbatt_sf=143
D/VM_BMS  (  403): rbatt_mohm_default=146, rbatt_mohm=208, sf=143 batt_temp=224
D/VM_BMS  (  403): For ocv=3723141 batt_temp=224 soc=30
D/VM_BMS  (  403): FIFO=0 fifo_avg=3.812316 rbatt=0.208000 slope=0.440000 ibatt=-0.429329 ocv=3.723141 soc=30 fcc_ah=1.872000 sample_count=128 sample_interval=70 seq_num=53
D/VM_BMS  (  403): For soc=30 batt_temp=224 slope=4400
D/VM_BMS  (  403): For soc=30 batt_temp=224 rbatt_sf=143
D/VM_BMS  (  403): rbatt_mohm_default=146, rbatt_mohm=208, sf=143 batt_temp=224
D/VM_BMS  (  403): For ocv=3723377 batt_temp=224 soc=30
D/VM_BMS  (  403): FIFO=1 fifo_avg=3.807297 rbatt=0.208000 slope=0.440000 ibatt=-0.404028 ocv=3.723377 soc=30 fcc_ah=1.872000 sample_count=128 sample_interval=70 seq_num=53
D/VM_BMS  (  403): For soc=30 batt_temp=224 slope=4400
D/VM_BMS  (  403): For soc=30 batt_temp=224 rbatt_sf=143
D/VM_BMS  (  403): rbatt_mohm_default=146, rbatt_mohm=208, sf=143 batt_temp=224
D/VM_BMS  (  403): For ocv=3723615 batt_temp=224 soc=30
D/VM_BMS  (  403): FIFO=2 fifo_avg=3.808212 rbatt=0.208000 slope=0.440000 ibatt=-0.407288 ocv=3.723615 soc=30 fcc_ah=1.872000 sample_count=128 sample_interval=70 seq_num=53
D/VM_BMS  (  403): For soc=30 batt_temp=224 slope=4400
D/VM_BMS  (  403): For soc=30 batt_temp=224 rbatt_sf=143
D/VM_BMS  (  403): rbatt_mohm_default=146, rbatt_mohm=208, sf=143 batt_temp=224
D/VM_BMS  (  403): For ocv=3723863 batt_temp=224 soc=30
D/VM_BMS  (  403): FIFO=3 fifo_avg=3.812011 rbatt=0.208000 slope=0.440000 ibatt=-0.424384 ocv=3.723863 soc=30 fcc_ah=1.872000 sample_count=128 sample_interval=70 seq_num=53
D/VM_BMS  (  403): For soc=30 batt_temp=224 slope=4400
D/VM_BMS  (  403): For soc=30 batt_temp=224 rbatt_sf=143
D/VM_BMS  (  403): rbatt_mohm_default=146, rbatt_mohm=208, sf=143 batt_temp=224
D/VM_BMS  (  403): For ocv=3724116 batt_temp=224 soc=30
D/VM_BMS  (  403): FIFO=4 fifo_avg=3.814082 rbatt=0.208000 slope=0.440000 ibatt=-0.433136 ocv=3.724116 soc=30 fcc_ah=1.872000 sample_count=128 sample_interval=70 seq_num=53
I/VM_BMS  (  403): power_supply_update: ocv_uv=3724116 ibatt=-433136 soc=30 seq_num=53
D/VM_BMS  (  403): End process_bms_data
D/VM_BMS  (  403): wake_lock released
