D/StatusBar.MSimNetworkController( 1052): refreshViews connected={ wifi } level=0 mMSimcombinedSignalIconId=0x7f0202b3/com.android.systemui:drawable/stat_sys_wifi_signal_3_fully mMSimcombinedActivityIconId=0x7f0202ad mAirplaneMode=false mMSimDataActivity=0 mMSimPhoneSignalIconId=0x7f0202a3/com.android.systemui:drawable/stat_sys_signal_null_1 mMSimDataDirectionIconId=0x0 mMSimDataSignalIconId=0x7f0202a3 mMSimDataTypeIconId=0x0/(null) mNoMSimIconId=0x7f0200d6/com.android.systemui:drawable/stat_sys_no_sim_1 mMSimMobileActivityIconId=0x0/(null) mWifiIconId=0x7f0202b3 mBluetoothTetherIconId=0x10805e2
D/StatusBar.MSimNetworkController( 1052): refreshSignalCluster, mMSimPhoneSignalIconId[0]=com.android.systemui:drawable/stat_sys_signal_null_1 mMSimDataSignalIconId[0]=com.android.systemui:drawable/stat_sys_signal_null_1 mMSimDataTypeIconId[0]=(null) mMSimMobileActivityIconId[0]=(null) mNoMSimIconId[0]=com.android.systemui:drawable/stat_sys_no_sim_1
D/StatusBar.MSimNetworkController( 1052): refreshSignalCluster, mMSimPhoneSignalIconId[0]=com.android.systemui:drawable/stat_sys_signal_null_1 mMSimDataSignalIconId[0]=com.android.systemui:drawable/stat_sys_signal_null_1 mMSimDataTypeIconId[0]=(null) mMSimMobileActivityIconId[0]=(null) mNoMSimIconId[0]=com.android.systemui:drawable/stat_sys_no_sim_1
D/wpa_supplicant( 1132): RX ctrl_iface - hexdump(len=11): 53 49 47 4e 41 4c 5f 50 4f 4c 4c
D/wpa_supplicant( 1132): wlan0: Control interface command 'SIGNAL_POLL'
D/wpa_supplicant( 1132): nl80211: survey data missing!
V/WLAN_PSA(  235): NL MSG, len[048], NL type[0x11] WNI type[0x5050] len[028]
D/wpa_supplicant( 1132): RX ctrl_iface - hexdump(len=14): 53 43 41 4e 20 54 59 50 45 3d 4f 4e 4c 59
D/wpa_supplicant( 1132): wlan0: Control interface command 'SCAN TYPE=ONLY'
D/wpa_supplicant( 1132): wlan0: Setting scan request: 0 sec 0 usec
D/wpa_supplicant( 1132): wlan0: Starting AP scan for wildcard SSID
D/wpa_supplicant( 1132): wlan0: nl80211: scan request
D/wpa_supplicant( 1132): nl80211: Scan SSID - hexdump(len=0): [NULL]
D/wpa_supplicant( 1132): Scan requested (ret=0) - scan timeout 30 seconds
D/wpa_supplicant( 1132): nl80211: Event message available
D/wpa_supplicant( 1132): nl80211: Drv Event 33 (NL80211_CMD_TRIGGER_SCAN) received for wlan0
D/wpa_supplicant( 1132): wlan0: nl80211: Scan trigger
D/wpa_supplicant( 1132): wlan0: Event SCAN_STARTED (57) received
D/wpa_supplicant( 1132): wlan0: Own scan request started a scan
I/wpa_supplicant( 1132): wlan0: CTRL-EVENT-SCAN-STARTED 
D/wpa_supplicant( 1132): CTRL_IFACE monitor send - hexdump(len=39): 2f 64 61 74 61 2f 6d 69 73 63 2f 77 69 66 69 2f 73 6f 63 6b 65 74 73 2f 77 70 61 5f 63 74 72 6c ...
V/WLAN_PSA(  235): NL MSG, len[914], NL type[0x11] WNI type[0x5050] len[894]
V/WLAN_PSA(  235): NL MSG, len[048], NL type[0x11] WNI type[0x5050] len[028]
V/WLAN_PSA(  235): NL MSG, len[914], NL type[0x11] WNI type[0x5050] len[894]
V/WLAN_PSA(  235): NL MSG, len[914], NL type[0x11] WNI type[0x5050] len[894]
V/WLAN_PSA(  235): NL MSG, len[048], NL type[0x11] WNI type[0x5050] len[028]
V/WLAN_PSA(  235): NL MSG, len[914], NL type[0x11] WNI type[0x5050] len[894]
V/WLAN_PSA(  235): NL MSG, len[914], NL type[0x11] WNI type[0x5050] len[894]
V/WLAN_PSA(  235): NL MSG, len[048], NL type[0x11] WNI type[0x5050] len[028]
V/WLAN_PSA(  235): NL MSG, len[914], NL type[0x11] WNI type[0x5050] len[894]
V/WLAN_PSA(  235): NL MSG, len[914], NL type[0x11] WNI type[0x5050] len[894]
V/WLAN_PSA(  235): NL MSG, len[048], NL type[0x11] WNI type[0x5050] len[028]
V/WLAN_PSA(  235): NL MSG, len[914], NL type[0x11] WNI type[0x5050] len[894]
V/WLAN_PSA(  235): NL MSG, len[914], NL type[0x11] WNI type[0x5050] len[894]
V/WLAN_PSA(  235): NL MSG, len[048], NL type[0x11] WNI type[0x5050] len[028]
V/WLAN_PSA(  235): NL MSG, len[914], NL type[0x11] WNI type[0x5050] len[894]
D/wpa_supplicant( 1132): nl80211: Event message available
D/wpa_supplicant( 1132): nl80211: Drv Event 34 (NL80211_CMD_NEW_SCAN_RESULTS) received for wlan0
D/wpa_supplicant( 1132): wlan0: nl80211: New scan results available
D/wpa_supplicant( 1132): wlan0: Event SCAN_RESULTS (3) received
D/wpa_supplicant( 1132): nl80211: Associated on 2442 MHz
D/wpa_supplicant( 1132): nl80211: Associated with 80:89:17:b3:b6:76
D/wpa_supplicant( 1132): nl80211: Received scan results (11 BSSes)
D/wpa_supplicant( 1132): nl80211: Survey data missing
D/wpa_supplicant( 1132): nl80211: Scan results indicate BSS status with 80:89:17:b3:b6:76 as associated
D/wpa_supplicant( 1132): wlan0: BSS: Start scan result update 17
D/wpa_supplicant( 1132): wlan0: BSS: Add new id 69 BSSID 54:b8:0a:0c:b6:dc SSID 'WeiHua_QA2'
D/wpa_supplicant( 1132): CTRL_IFACE monitor send - hexdump(len=39): 2f 64 61 74 61 2f 6d 69 73 63 2f 77 69 66 69 2f 73 6f 63 6b 65 74 73 2f 77 70 61 5f 63 74 72 6c ...
D/wpa_supplicant( 1132): wlan0: BSS: Add new id 70 BSSID f0:b4:29:70:ee:ef SSID 'Tianhongchenxin'
D/wpa_supplicant( 1132): CTRL_IFACE monitor send - hexdump(len=39): 2f 64 61 74 61 2f 6d 69 73 63 2f 77 69 66 69 2f 73 6f 63 6b 65 74 73 2f 77 70 61 5f 63 74 72 6c ...
D/wpa_supplicant( 1132): wlan0: BSS: Remove id 64 BSSID 28:2c:b2:98:3d:d4 SSID 'gukedianzi' due to no match in scan
D/wpa_supplicant( 1132): CTRL_IFACE monitor send - hexdump(len=39): 2f 64 61 74 61 2f 6d 69 73 63 2f 77 69 66 69 2f 73 6f 63 6b 65 74 73 2f 77 70 61 5f 63 74 72 6c ...
D/wpa_supplicant( 1132): wlan0: BSS: Remove id 65 BSSID 78:54:2e:a2:f2:ce SSID 'dlink' due to no match in scan
D/wpa_supplicant( 1132): CTRL_IFACE monitor send - hexdump(len=39): 2f 64 61 74 61 2f 6d 69 73 63 2f 77 69 66 69 2f 73 6f 63 6b 65 74 73 2f 77 70 61 5f 63 74 72 6c ...
D/wpa_supplicant( 1132): wlan0: BSS: Remove id 61 BSSID d4:ee:07:2c:c7:90 SSID '\xe5\x9b\xbd\xe9\x87\x87\xe8\x83\xbd\xe6\xba\x9004' due to no match in scan
D/wpa_supplicant( 1132): CTRL_IFACE monitor send - hexdump(len=39): 2f 64 61 74 61 2f 6d 69 73 63 2f 77 69 66 69 2f 73 6f 63 6b 65 74 73 2f 77 70 61 5f 63 74 72 6c ...
D/wpa_supplicant( 1132): wlan0: BSS: Remove id 53 BSSID 50:bd:5f:38:e4:33 SSID 'TP-LINK_E433' due to no match in scan
D/wpa_supplicant( 1132): CTRL_IFACE monitor send - hexdump(len=39): 2f 64 61 74 61 2f 6d 69 73 63 2f 77 69 66 69 2f 73 6f 63 6b 65 74 73 2f 77 70 61 5f 63 74 72 6c ...
D/wpa_supplicant( 1132): wlan0: BSS: Remove id 60 BSSID 52:1f:cc:d8:3a:c9 SSID 'iTV-htbc' due to no match in scan
D/wpa_supplicant( 1132): CTRL_IFACE monitor send - hexdump(len=39): 2f 64 61 74 61 2f 6d 69 73 63 2f 77 69 66 69 2f 73 6f 63 6b 65 74 73 2f 77 70 61 5f 63 74 72 6c ...
D/wpa_supplicant( 1132): wlan0: BSS: Remove id 62 BSSID 6c:59:40:9c:bf:ae SSID 'WeiHua_Guest' due to no match in scan
D/wpa_supplicant( 1132): CTRL_IFACE monitor send - hexdump(len=39): 2f 64 61 74 61 2f 6d 69 73 63 2f 77 69 66 69 2f 73 6f 63 6b 65 74 73 2f 77 70 61 5f 63 74 72 6c ...
D/wpa_supplicant( 1132): wlan0: BSS: Remove id 66 BSSID e4:d3:32:5d:4d:82 SSID 'NJCJYJS201' due to no match in scan
D/wpa_supplicant( 1132): CTRL_IFACE monitor send - hexdump(len=39): 2f 64 61 74 61 2f 6d 69 73 63 2f 77 69 66 69 2f 73 6f 63 6b 65 74 73 2f 77 70 61 5f 63 74 72 6c ...
D/wpa_supplicant( 1132): wlan0: BSS: Remove id 63 BSSID 4c:1f:cc:d8:3a:c9 SSID 'ChinaNet-htbc' due to no match in scan
D/wpa_supplicant( 1132): CTRL_IFACE monitor send - hexdump(len=39): 2f 64 61 74 61 2f 6d 69 73 63 2f 77 69 66 69 2f 73 6f 63 6b 65 74 73 2f 77 70 61 5f 63 74 72 6c ...
D/wpa_supplicant( 1132): wlan0: BSS: Remove id 67 BSSID bc:d1:77:07:ad:cc SSID 'acpowerAP' due to no match in scan
D/wpa_supplicant( 1132): CTRL_IFACE monitor send - hexdump(len=39): 2f 64 61 74 61 2f 6d 69 73 63 2f 77 69 66 69 2f 73 6f 63 6b 65 74 73 2f 77 70 61 5f 63 74 72 6c ...
D/wpa_supplicant( 1132): BSS: last_scan_res_used=11/32 last_scan_full=0
D/wpa_supplicant( 1132): wlan0: Scan-only results received
D/wpa_supplicant( 1132): CTRL_IFACE monitor send - hexdump(len=39): 2f 64 61 74 61 2f 6d 69 73 63 2f 77 69 66 69 2f 73 6f 63 6b 65 74 73 2f 77 70 61 5f 63 74 72 6c ...
D/wpa_supplicant( 1132): wlan0: P2P: Station mode scan operation not pending anymore (sta_scan_pending=0 p2p_cb_on_scan_complete=0)
D/wpa_supplicant( 1132): nl80211: Drv Event 32 (NL80211_CMD_GET_SCAN) received for wlan0
D/wpa_supplicant( 1132): wlan0: nl80211: Ignored unknown event (cmd=32)
D/wpa_supplicant( 1132): RX ctrl_iface - hexdump(len=25): 42 53 53 20 52 41 4e 47 45 3d 30 2d 20 4d 41 53 4b 3d 30 78 32 31 39 38 37
D/wpa_supplicant( 1132): wlan0: Control interface command 'BSS RANGE=0- MASK=0x21987'
D/wifi_gbk2utf(  909): parseScanResults, line=id=0
D/wifi_gbk2utf(  909):  
D/wifi_gbk2utf(  909): parseScanResults, line=bssid=80:89:17:b3:b6:76
D/wifi_gbk2utf(  909):  
D/wifi_gbk2utf(  909): parseScanResults, line=freq=2442
D/wifi_gbk2utf(  909):  
D/wifi_gbk2utf(  909): parseScanResults, line=level=-62
D/wifi_gbk2utf(  909):  
D/wifi_gbk2utf(  909): parseScanResults, line=tsf=0000001740760277
D/wifi_gbk2utf(  909):  
D/wifi_gbk2utf(  909): parseScanResults, line=flags=[WPA-PSK-CCMP][WPA2-PSK-CCMP][ESS]
D/wifi_gbk2utf(  909):  
D/wifi_gbk2utf(  909): parseScanResults, line=ssid=DIANXIN
D/wifi_gbk2utf(  909):  
D/wifi_gbk2utf(  909): parseScanResults, ssid = DIANXIN, buf = DIANXIN,isUTF8= 0, isCh = 0
D/wifi_gbk2utf(  909): parseScanResults, line=====
D/wifi_gbk2utf(  909):  
D/wifi_gbk2utf(  909): After sscanf,ssid:DIANXIN, isCh:0
D/wifi_gbk2utf(  909): parseScanResults, line=id=9
D/wifi_gbk2utf(  909):  
D/wifi_gbk2utf(  909): parseScanResults, line=bssid=ea:86:87:47:e4:87
D/wifi_gbk2utf(  909):  
D/wifi_gbk2utf(  909): parseScanResults, line=freq=2412
D/wifi_gbk2utf(  909):  
D/wifi_gbk2utf(  909): parseScanResults, line=level=-61
D/wifi_gbk2utf(  909):  
D/wifi_gbk2utf(  909): parseScanResults, line=tsf=0000001740760302
D/wifi_gbk2utf(  909):  
D/wifi_gbk2utf(  909): parseScanResults, line=flags=[WPA2-PSK-CCMP][ESS]
D/wifi_gbk2utf(  909):  
D/wifi_gbk2utf(  909): parseScanResults, line=ssid=zyzx
D/wifi_gbk2utf(  909):  
D/wifi_gbk2utf(  909): parseScanResults, ssid = zyzx, buf = zyzx,isUTF8= 0, isCh = 0
D/wifi_gbk2utf(  909): parseScanResults, line=====
D/wifi_gbk2utf(  909):  
D/wifi_gbk2utf(  909): After sscanf,ssid:zyzx, isCh:0
D/wifi_gbk2utf(  909): parseScanResults, line=id=10
D/wifi_gbk2utf(  909):  
D/wifi_gbk2utf(  909): parseScanResults, line=bssid=0c:4c:39:12:49:06
D/wifi_gbk2utf(  909):  
D/wifi_gbk2utf(  909): parseScanResults, line=freq=2412
D/wifi_gbk2utf(  909):  
D/wifi_gbk2utf(  909): parseScanResults, line=level=-71
D/wifi_gbk2utf(  909):  
D/wifi_gbk2utf(  909): parseScanResults, line=tsf=0000001740760323
D/wifi_gbk2utf(  909):  
D/wifi_gbk2utf(  909): parseScanResults, line=flags=[WPA-PSK-CCMP+TKIP][WPS][ESS]
D/wifi_gbk2utf(  909):  
D/wifi_gbk2utf(  909): parseScanResults, line=ssid=ChinaNet-tXX5
D/wifi_gbk2utf(  909):  
D/wifi_gbk2utf(  909): parseScanResults, ssid = ChinaNet-tXX5, buf = ChinaNet-tXX5,isUTF8= 0, isCh = 0
D/wifi_gbk2utf(  909): parseScanResults, line=====
D/wifi_gbk2utf(  909):  
D/wifi_gbk2utf(  909): After sscanf,ssid:ChinaNet-tXX5, isCh:0
D/wifi_gbk2utf(  909): parseScanResults, line=id=11
D/wifi_gbk2utf(  909):  
D/wifi_gbk2utf(  909): parseScanResults, line=bssid=ec:88:8f:8e:43:f4
D/wifi_gbk2utf(  909):  
D/wifi_gbk2utf(  909): parseScanResults, line=freq=2437
D/wifi_gbk2utf(  909):  
D/wifi_gbk2utf(  909): parseScanResults, line=level=-69
D/wifi_gbk2utf(  909):  
D/wifi_gbk2utf(  909): parseScanResults, line=tsf=0000001740760309
D/wifi_gbk2utf(  909):  
D/wifi_gbk2utf(  909): parseScanResults, line=flags=[WPA-PSK-CCMP][WPS][ESS]
D/wifi_gbk2utf(  909):  
D/wifi_gbk2utf(  909): parseScanResults, line=ssid=HTZX
D/wifi_gbk2utf(  909):  
D/wifi_gbk2utf(  909): parseScanResults, ssid = HTZX, buf = HTZX,isUTF8= 0, isCh = 0
D/wifi_gbk2utf(  909): parseScanResults, line=====
D/wifi_gbk2utf(  909):  
D/wifi_gbk2utf(  909): After sscanf,ssid:HTZX, isCh:0
D/wifi_gbk2utf(  909): parseScanResults, line=id=12
D/wifi_gbk2utf(  909):  
D/wifi_gbk2utf(  909): parseScanResults, line=bssid=9c:21:6a:73:b2:26
D/wifi_gbk2utf(  909):  
D/wifi_gbk2utf(  909): parseScanResults, line=freq=2462
D/wifi_gbk2utf(  909):  
D/wifi_gbk2utf(  909): parseScanResults, line=level=-59
D/wifi_gbk2utf(  909):  
D/wifi_gbk2utf(  909): parseScanResults, line=tsf=0000001740760293
D/wifi_gbk2utf(  909):  
D/wifi_gbk2utf(  909): parseScanResults, line=flags=[WPA-PSK-CCMP][WPA2-PSK-CCMP][WPS][ESS]
D/wifi_gbk2utf(  909):  
D/wifi_gbk2utf(  909): parseScanResults, line=ssid=TP-LINKQX
D/wifi_gbk2utf(  909):  
D/wifi_gbk2utf(  909): parseScanResults, ssid = TP-LINKQX, buf = TP-LINKQX,isUTF8= 0, isCh = 0
D/wifi_gbk2utf(  909): parseScanResults, line=====
D/wifi_gbk2utf(  909):  
D/wifi_gbk2utf(  909): After sscanf,ssid:TP-LINKQX, isCh:0
D/wifi_gbk2utf(  909): parseScanResults, line=id=34
D/wifi_gbk2utf(  909):  
D/wifi_gbk2utf(  909): parseScanResults, line=bssid=9c:d3:6d:b3:81:1c
D/wifi_gbk2utf(  909):  
D/wifi_gbk2utf(  909): parseScanResults, line=freq=2447
D/wifi_gbk2utf(  909):  
D/wifi_gbk2utf(  909): parseScanResults, line=level=-85
D/wifi_gbk2utf(  909):  
D/wifi_gbk2utf(  909): parseScanResults, line=tsf=0000001740760344
D/wifi_gbk2utf(  909):  
D/wifi_gbk2utf(  909): parseScanResults, line=flags=[WPA2-PSK-CCMP][WPS][ESS]
D/wifi_gbk2utf(  909):  
D/wifi_gbk2utf(  909): parseScanResults, line=ssid=ChinaNet-wdga
D/wifi_gbk2utf(  909):  
D/wifi_gbk2utf(  909): parseScanResults, ssid = ChinaNet-wdga, buf = ChinaNet-wdga,isUTF8= 0, isCh = 0
D/wifi_gbk2utf(  909): parseScanResults, line=====
D/wifi_gbk2utf(  909):  
D/wifi_gbk2utf(  909): After sscanf,ssid:ChinaNet-wdga, isCh:0
D/wifi_gbk2utf(  909): parseScanResults, line=id=45
D/wifi_gbk2utf(  909):  
D/wifi_gbk2utf(  909): parseScanResults, line=bssid=d8:15:0d:9a:c4:a6
D/wifi_gbk2utf(  909):  
D/wifi_gbk2utf(  909): parseScanResults, line=freq=2462
D/wifi_gbk2utf(  909):  
D/wifi_gbk2utf(  909): parseScanResults, line=level=-67
D/wifi_gbk2utf(  909):  
D/wifi_gbk2utf(  909): parseScanResults, line=tsf=0000001695020932
D/wifi_gbk2utf(  909):  
D/wifi_gbk2utf(  909): parseScanResults, line=flags=[WPA-PSK-CCMP][WPA2-PSK-CCMP][WPS][ESS]
D/wifi_gbk2utf(  909):  
D/wifi_gbk2utf(  909): parseScanResults, line=ssid=WSDV-Work
D/wifi_gbk2utf(  909):  
D/wifi_gbk2utf(  909): parseScanResults, ssid = WSDV-Work, buf = WSDV-Work,isUTF8= 0, isCh = 0
D/wifi_gbk2utf(  909): parseScanResults, line=====
D/wifi_gbk2utf(  909):  
D/wifi_gbk2utf(  909): After sscanf,ssid:WSDV-Work, isCh:0
D/wifi_gbk2utf(  909): parseScanResults, line=id=52
D/wifi_gbk2utf(  909):  
D/wifi_gbk2utf(  909): parseScanResults, line=bssid=14:75:90:fb:f7:fd
D/wifi_gbk2utf(  909):  
D/wifi_gbk2utf(  909): parseScanResults, line=freq=2462
D/wifi_gbk2utf(  909):  
D/wifi_gbk2utf(  909): parseScanResults, line=level=-71
D/wifi_gbk2utf(  909):  
D/wifi_gbk2utf(  909): parseScanResults, line=tsf=0000001740760330
D/wifi_gbk2utf(  909):  
D/wifi_gbk2utf(  909): parseScanResults, line=flags=[WPA-PSK-CCMP+TKIP][WPA2-PSK-CCMP+TKIP][ESS]
D/wifi_gbk2utf(  909):  
D/wifi_gbk2utf(  909): parseScanResults, line=ssid=NJ KXT
D/wifi_gbk2utf(  909):  
D/wifi_gbk2utf(  909): parseScanResults, ssid = NJ KXT, buf = NJ KXT,isUTF8= 0, isCh = 0
D/wifi_gbk2utf(  909): parseScanResults, line=====
D/wifi_gbk2utf(  909):  
D/wifi_gbk2utf(  909): After sscanf,ssid:NJ KXT, isCh:0
D/wifi_gbk2utf(  909): parseScanResults, line=id=68
D/wifi_gbk2utf(  909):  
D/wifi_gbk2utf(  909): parseScanResults, line=bssid=bc:46:99:46:28:c2
D/wifi_gbk2utf(  909):  
D/wifi_gbk2utf(  909): parseScanResults, line=freq=2412
D/wifi_gbk2utf(  909):  
D/wifi_gbk2utf(  909): parseScanResults, line=level=-84
D/wifi_gbk2utf(  909):  
D/wifi_gbk2utf(  909): parseScanResults, line=tsf=0000001740760350
D/wifi_gbk2utf(  909):  
D/wifi_gbk2utf(  909): parseScanResults, line=flags=[WPA-PSK-CCMP][WPA2-PSK-CCMP][ESS]
D/wifi_gbk2utf(  909):  
D/wifi_gbk2utf(  909): parseScanResults, line=ssid=TP-LINK_28C2
D/wifi_gbk2utf(  909):  
D/wifi_gbk2utf(  909): parseScanResults, ssid = TP-LINK_28C2, buf = TP-LINK_28C2,isUTF8= 0, isCh = 0
D/wifi_gbk2utf(  909): parseScanResults, line=====
D/wifi_gbk2utf(  909):  
D/wifi_gbk2utf(  909): After sscanf,ssid:TP-LINK_28C2, isCh:0
D/wifi_gbk2utf(  909): parseScanResults, line=id=69
D/wifi_gbk2utf(  909):  
D/wifi_gbk2utf(  909): parseScanResults, line=bssid=54:b8:0a:0c:b6:dc
D/wifi_gbk2utf(  909):  
D/wifi_gbk2utf(  909): parseScanResults, line=freq=2412
D/wifi_gbk2utf(  909):  
D/wifi_gbk2utf(  909): parseScanResults, line=level=-82
D/wifi_gbk2utf(  909):  
D/wifi_gbk2utf(  909): parseScanResults, line=tsf=0000001740760356
D/wifi_gbk2utf(  909):  
D/wifi_gbk2utf(  909): parseScanResults, line=flags=[WPA-PSK-CCMP][WPA2-PSK-CCMP][WPS][ESS]
D/wifi_gbk2utf(  909):  
D/wifi_gbk2utf(  909): parseScanResults, line=ssid=WeiHua_QA2
D/wifi_gbk2utf(  909):  
D/wifi_gbk2utf(  909): parseScanResults, ssid = WeiHua_QA2, buf = WeiHua_QA2,isUTF8= 0, isCh = 0
D/wifi_gbk2utf(  909): parseScanResults, line=====
D/wifi_gbk2utf(  909):  
D/wifi_gbk2utf(  909): After sscanf,ssid:WeiHua_QA2, isCh:0
D/wifi_gbk2utf(  909): parseScanResults, line=id=70
D/wifi_gbk2utf(  909):  
D/wifi_gbk2utf(  909): parseScanResults, line=bssid=f0:b4:29:70:ee:ef
D/wifi_gbk2utf(  909):  
D/wifi_gbk2utf(  909): parseScanResults, line=freq=2422
D/wifi_gbk2utf(  909):  
D/wifi_gbk2utf(  909): parseScanResults, line=level=-84
D/wifi_gbk2utf(  909):  
D/wifi_gbk2utf(  909): parseScanResults, line=tsf=0000001740760336
D/wifi_gbk2utf(  909):  
D/wifi_gbk2utf(  909): parseScanResults, line=flags=[WPA-PSK-CCMP+TKIP][WPA2-PSK-CCMP+TKIP][WPS][ESS]
D/wifi_gbk2utf(  909):  
D/wifi_gbk2utf(  909): parseScanResults, line=ssid=Tianhongchenxin
D/wifi_gbk2utf(  909):  
D/wifi_gbk2utf(  909): parseScanResults, ssid = Tianhongchenxin, buf = Tianhongchenxin,isUTF8= 0, isCh = 0
D/wifi_gbk2utf(  909): parseScanResults, line=#### 
D/LBSSystemMonitorService(  909): handleMessage what - 4
D/Wiper_jni(  909): Send Network Location.
E/LocSvc_api_v02(  909): I/---> locClientSendReq line 2405 QMI_LOC_INJECT_WIFI_POSITION_REQ_V02
E/LocSvc_ApiV02(  909): I/<--- void globalRespCb(locClientHandleType, uint32_t, locClientRespIndUnionType, void*) line 106 QMI_LOC_INJECT_WIFI_POSITION_REQ_V02
D/StatusBar.MSimNetworkController( 1052): refreshViews subscription =0mMSimDataConnected =false
D/StatusBar.MSimNetworkController( 1052): refreshViews mMSimDataActivity =0
D/StatusBar.MSimNetworkController( 1052): refreshViews: Data not connected!! Set no data type icon / Roaming for subscription: 0
D/StatusBar.MSimNetworkController( 1052): refreshViews connected={ wifi } level=0 mMSimcombinedSignalIconId=0x7f0202b3/com.android.systemui:drawable/stat_sys_wifi_signal_3_fully mMSimcombinedActivityIconId=0x7f0202ae mAirplaneMode=false mMSimDataActivity=0 mMSimPhoneSignalIconId=0x7f0202a3/com.android.systemui:drawable/stat_sys_signal_null_1 mMSimDataDirectionIconId=0x0 mMSimDataSignalIconId=0x7f0202a3 mMSimDataTypeIconId=0x0/(null) mNoMSimIconId=0x7f0200d6/com.android.systemui:drawable/stat_sys_no_sim_1 mMSimMobileActivityIconId=0x0/(null) mWifiIconId=0x7f0202b3 mBluetoothTetherIconId=0x10805e2
D/StatusBar.MSimNetworkController( 1052): refreshSignalCluster, mMSimPhoneSignalIconId[0]=com.android.systemui:drawable/stat_sys_signal_null_1 mMSimDataSignalIconId[0]=com.android.systemui:drawable/stat_sys_signal_null_1 mMSimDataTypeIconId[0]=(null) mMSimMobileActivityIconId[0]=(null) mNoMSimIconId[0]=com.android.systemui:drawable/stat_sys_no_sim_1
D/StatusBar.MSimNetworkController( 1052): refreshSignalCluster, mMSimPhoneSignalIconId[0]=com.android.systemui:drawable/stat_sys_signal_null_1 mMSimDataSignalIconId[0]=com.android.systemui:drawable/stat_sys_signal_null_1 mMSimDataTypeIconId[0]=(null) mMSimMobileActivityIconId[0]=(null) mNoMSimIconId[0]=com.android.systemui:drawable/stat_sys_no_sim_1
D/dalvikvm(10422): GC_FOR_ALLOC freed 548K, 39% free 4543K/7356K, paused 40ms, total 41ms
D/wpa_supplicant( 1132): RX ctrl_iface - hexdump(len=11): 53 49 47 4e 41 4c 5f 50 4f 4c 4c
D/wpa_supplicant( 1132): wlan0: Control interface command 'SIGNAL_POLL'
D/wpa_supplicant( 1132): nl80211: survey data missing!
D/StatusBar.MSimNetworkController( 1052): refreshViews subscription =0mMSimDataConnected =false
D/StatusBar.MSimNetworkController( 1052): refreshViews mMSimDataActivity =0
D/StatusBar.MSimNetworkController( 1052): refreshViews: Data not connected!! Set no data type icon / Roaming for subscription: 0
D/StatusBar.MSimNetworkController( 1052): refreshViews connected={ wifi } level=0 mMSimcombinedSignalIconId=0x7f0202b3/com.android.systemui:drawable/stat_sys_wifi_signal_3_fully mMSimcombinedActivityIconId=0x7f0202ad mAirplaneMode=false mMSimDataActivity=0 mMSimPhoneSignalIconId=0x7f0202a3/com.android.systemui:drawable/stat_sys_signal_null_1 mMSimDataDirectionIconId=0x0 mMSimDataSignalIconId=0x7f0202a3 mMSimDataTypeIconId=0x0/(null) mNoMSimIconId=0x7f0200d6/com.android.systemui:drawable/stat_sys_no_sim_1 mMSimMobileActivityIconId=0x0/(null) mWifiIconId=0x7f0202b3 mBluetoothTetherIconId=0x10805e2
D/StatusBar.MSimNetworkController( 1052): refreshSignalCluster, mMSimPhoneSignalIconId[0]=com.android.systemui:drawable/stat_sys_signal_null_1 mMSimDataSignalIconId[0]=com.android.systemui:drawable/stat_sys_signal_null_1 mMSimDataTypeIconId[0]=(null) mMSimMobileActivityIconId[0]=(null) mNoMSimIconId[0]=com.android.systemui:drawable/stat_sys_no_sim_1
D/StatusBar.MSimNetworkController( 1052): refreshSignalCluster, mMSimPhoneSignalIconId[0]=com.android.systemui:drawable/stat_sys_signal_null_1 mMSimDataSignalIconId[0]=com.android.systemui:drawable/stat_sys_signal_null_1 mMSimDataTypeIconId[0]=(null) mMSimMobileActivityIconId[0]=(null) mNoMSimIconId[0]=com.android.systemui:drawable/stat_sys_no_sim_1
V/WLAN_PSA(  235): NL MSG, len[048], NL type[0x11] WNI type[0x5050] len[028]
D/wpa_supplicant( 1132): RX ctrl_iface - hexdump(len=11): 53 49 47 4e 41 4c 5f 50 4f 4c 4c
D/wpa_supplicant( 1132): wlan0: Control interface command 'SIGNAL_POLL'
D/wpa_supplicant( 1132): nl80211: survey data missing!
V/AlarmManager(  909): set(PendingIntent{41ddde10: PendingIntentRecord{41f10af8 com.qihoo.appstore startService}}) : type=2 triggerAtTime=2046770 win=0 tElapsed=2046770 maxElapsed=2046770 interval=0 standalone=false
V/AlarmManager(  909): remove(operation) changed bounds; rebatching
V/AlarmManager(  909): Adding Alarm{41d7b838 type 1 com.UCMobile} to Batch{41e0e128 num=2 start=1620000 end=1755000}
V/AlarmManager(  909):     => now Batch{41e0e128 num=2 start=1728247 end=1755000}
V/AlarmManager(  909): Adding Alarm{41ea7290 type 3 android} to Batch{41ea7208 num=2 start=1826321 end=1826321}
V/AlarmManager(  909):     => now Batch{41ea7208 num=2 start=1826321 end=1826321}
V/AlarmManager(  909): Adding Alarm{41f6de38 type 3 com.tencent.android.qqdownloader} to Batch{41f3ebc0 num=2 start=2525833 end=4400833}
V/AlarmManager(  909):     => now Batch{41f3ebc0 num=2 start=2646463 end=2646463}
V/AlarmManager(  909): Adding Alarm{420037e0 type 0 com.tencent.android.qqdownloader} to Batch{41fde538 num=2 start=2929530 end=2929530}
V/AlarmManager(  909):     => now Batch{41fde538 num=2 start=2929530 end=2929530}
V/AlarmManager(  909): Adding Alarm{42189a00 type 3 com.tencent.android.qqdownloader} to Batch{420bf158 num=2 start=3233972 end=5618972}
V/AlarmManager(  909):     => now Batch{420bf158 num=2 start=3235401 end=3235401}
V/AlarmManager(  909): Adding Alarm{41ef7448 type 0 com.tencent.android.qqdownloader} to Batch{41fe9900 num=2 start=3964109 end=3964109}
V/AlarmManager(  909):     => now Batch{41fe9900 num=2 start=3964109 end=3964109}
V/AlarmManager(  909): Adding Alarm{41c8e0a0 type 3 com.tencent.android.qqdownloader} to Batch{41bfe908 num=2 start=7258569 end=12658569}
V/AlarmManager(  909):     => now Batch{41bfe908 num=2 start=7266774 end=7266774}
V/AlarmManager(  909): Adding Alarm{41ea23a0 type 0 com.tencent.android.qqdownloader} to Batch{41e88ac8 num=2 start=28817413 end=50417413}
V/AlarmManager(  909):     => now Batch{41e88ac8 num=2 start=33019109 end=33019109}
V/AlarmManager(  909): Adding Alarm{41f31538 type 1 com.UCMobile} to Batch{41f314b0 num=2 start=86430866 end=86430866}
V/AlarmManager(  909):     => now Batch{41f314b0 num=2 start=86430866 end=86430866}
V/AlarmManager(  909): Checking for alarms... rtc=1453717071211, elapsed=1745292
V/AlarmManager(  909): Adding Alarm{420b7908 type 3 com.tencent.android.qqdownloader} to Batch{41ea7208 num=3 start=1826321 end=1826321}
V/AlarmManager(  909):     => now Batch{41ea7208 num=3 start=1826321 end=1826321}
V/AlarmManager(  909): Adding Alarm{41e3b4f0 type 1 com.UCMobile} to Batch{420401d8 num=2 start=2046770 end=2046770}
V/AlarmManager(  909):     => now Batch{420401d8 num=2 start=2046770 end=2046770}
V/AlarmManager(  909): sending alarm Alarm{41e0e0d8 type 3 com.tencent.android.qqdownloader}
V/AlarmManager(  909): sending alarm Alarm{41d7b838 type 1 com.UCMobile}
V/AlarmManager(  909): Checking for alarms... rtc=1453717071221, elapsed=1745303
D/dalvikvm( 2490): GC_FOR_ALLOC freed 528K, 15% free 3557K/4164K, paused 21ms, total 21ms
D/StatusBar.MSimNetworkController( 1052): refreshViews subscription =0mMSimDataConnected =false
D/StatusBar.MSimNetworkController( 1052): refreshViews mMSimDataActivity =0
D/StatusBar.MSimNetworkController( 1052): refreshViews: Data not connected!! Set no data type icon / Roaming for subscription: 0
D/StatusBar.MSimNetworkController( 1052): refreshViews connected={ wifi } level=0 mMSimcombinedSignalIconId=0x7f0202b3/com.android.systemui:drawable/stat_sys_wifi_signal_3_fully mMSimcombinedActivityIconId=0x7f0202ae mAirplaneMode=false mMSimDataActivity=0 mMSimPhoneSignalIconId=0x7f0202a3/com.android.systemui:drawable/stat_sys_signal_null_1 mMSimDataDirectionIconId=0x0 mMSimDataSignalIconId=0x7f0202a3 mMSimDataTypeIconId=0x0/(null) mNoMSimIconId=0x7f0200d6/com.android.systemui:drawable/stat_sys_no_sim_1 mMSimMobileActivityIconId=0x0/(null) mWifiIconId=0x7f0202b3 mBluetoothTetherIconId=0x10805e2
D/StatusBar.MSimNetworkController( 1052): refreshSignalCluster, mMSimPhoneSignalIconId[0]=com.android.systemui:drawable/stat_sys_signal_null_1 mMSimDataSignalIconId[0]=com.android.systemui:drawable/stat_sys_signal_null_1 mMSimDataTypeIconId[0]=(null) mMSimMobileActivityIconId[0]=(null) mNoMSimIconId[0]=com.android.systemui:drawable/stat_sys_no_sim_1
D/StatusBar.MSimNetworkController( 1052): refreshSignalCluster, mMSimPhoneSignalIconId[0]=com.android.systemui:drawable/stat_sys_signal_null_1 mMSimDataSignalIconId[0]=com.android.systemui:drawable/stat_sys_signal_null_1 mMSimDataTypeIconId[0]=(null) mMSimMobileActivityIconId[0]=(null) mNoMSimIconId[0]=com.android.systemui:drawable/stat_sys_no_sim_1
D/dalvikvm(10942): GC_FOR_ALLOC freed 760K, 25% free 4960K/6568K, paused 27ms, total 28ms
D/StatusBar.MSimNetworkController( 1052): refreshViews subscription =0mMSimDataConnected =false
D/StatusBar.MSimNetworkController( 1052): refreshViews mMSimDataActivity =0
D/StatusBar.MSimNetworkController( 1052): refreshViews: Data not connected!! Set no data type icon / Roaming for subscription: 0
D/StatusBar.MSimNetworkController( 1052): refreshViews connected={ wifi } level=0 mMSimcombinedSignalIconId=0x7f0202b3/com.android.systemui:drawable/stat_sys_wifi_signal_3_fully mMSimcombinedActivityIconId=0x7f0202ad mAirplaneMode=false mMSimDataActivity=0 mMSimPhoneSignalIconId=0x7f0202a3/com.android.systemui:drawable/stat_sys_signal_null_1 mMSimDataDirectionIconId=0x0 mMSimDataSignalIconId=0x7f0202a3 mMSimDataTypeIconId=0x0/(null) mNoMSimIconId=0x7f0200d6/com.android.systemui:drawable/stat_sys_no_sim_1 mMSimMobileActivityIconId=0x0/(null) mWifiIconId=0x7f0202b3 mBluetoothTetherIconId=0x10805e2
D/StatusBar.MSimNetworkController( 1052): refreshSignalCluster, mMSimPhoneSignalIconId[0]=com.android.systemui:drawable/stat_sys_signal_null_1 mMSimDataSignalIconId[0]=com.android.systemui:drawable/stat_sys_signal_null_1 mMSimDataTypeIconId[0]=(null) mMSimMobileActivityIconId[0]=(null) mNoMSimIconId[0]=com.android.systemui:drawable/stat_sys_no_sim_1
D/StatusBar.MSimNetworkController( 1052): refreshSignalCluster, mMSimPhoneSignalIconId[0]=com.android.systemui:drawable/stat_sys_signal_null_1 mMSimDataSignalIconId[0]=com.android.systemui:drawable/stat_sys_signal_null_1 mMSimDataTypeIconId[0]=(null) mMSimMobileActivityIconId[0]=(null) mNoMSimIconId[0]=com.android.systemui:drawable/stat_sys_no_sim_1
D/wpa_supplicant( 1132): RX ctrl_iface - hexdump(len=11): 53 49 47 4e 41 4c 5f 50 4f 4c 4c
D/wpa_supplicant( 1132): wlan0: Control interface command 'SIGNAL_POLL'
D/wpa_supplicant( 1132): nl80211: survey data missing!
V/WLAN_PSA(  235): NL MSG, len[048], NL type[0x11] WNI type[0x5050] len[028]
D/dalvikvm(10422): GC_FOR_ALLOC freed 606K, 39% free 4521K/7356K, paused 19ms, total 20ms
D/wpa_supplicant( 1132): RX ctrl_iface - hexdump(len=11): 53 49 47 4e 41 4c 5f 50 4f 4c 4c
D/wpa_supplicant( 1132): wlan0: Control interface command 'SIGNAL_POLL'
D/wpa_supplicant( 1132): nl80211: survey data missing!
D/wpa_supplicant( 1132): RX ctrl_iface - hexdump(len=11): 53 49 47 4e 41 4c 5f 50 4f 4c 4c
D/wpa_supplicant( 1132): wlan0: Control interface command 'SIGNAL_POLL'
V/AlarmManager(  909): Checking for alarms... rtc=1453717080000, elapsed=1754082
V/AlarmManager(  909): sending alarm Alarm{41e992f0 type 3 android}
V/AlarmManager(  909): Received TIME_TICK alarm; rescheduling
V/AlarmManager(  909): set(PendingIntent{41bc4c08: PendingIntentRecord{41c1e270 android broadcastIntent}}) : type=3 triggerAtTime=1814081 win=0 tElapsed=1814081 maxElapsed=1814081 interval=0 standalone=true
D/wpa_supplicant( 1132): nl80211: survey data missing!
V/WLAN_PSA(  235): NL MSG, len[048], NL type[0x11] WNI type[0x5050] len[028]
W/MountService(  909): getVolumeState(/storage/emulated/0/external_sd): Unknown volume
W/MountService(  909): getVolumeState(/mnt/sdcard-ext): Unknown volume
W/MountService(  909): getVolumeState(/mnt/ext_sdcard): Unknown volume
W/MountService(  909): getVolumeState(/mnt/sdcard2): Unknown volume
W/MountService(  909): getVolumeState(/mnt/emmc): Unknown volume
W/MountService(  909): getVolumeState(/mnt/extSdCard): Unknown volume
W/MountService(  909): getVolumeState(/mnt/sdcard/SD_CARD): Unknown volume
W/MountService(  909): getVolumeState(/mnt/sdcard/extra_sd): Unknown volume
W/MountService(  909): getVolumeState(/mnt/extrasd_bind): Unknown volume
W/MountService(  909): getVolumeState(/mnt/sdcard/ext_sd): Unknown volume
W/MountService(  909): getVolumeState(/storage/extSdCard): Unknown volume
W/MountService(  909): getVolumeState(/mnt/sdcard/external_SD): Unknown volume
W/MountService(  909): getVolumeState(/mnt/sdcard/external_sd): Unknown volume
D/dalvikvm(10422): GC_FOR_ALLOC freed 557K, 39% free 4541K/7356K, paused 16ms, total 16ms
D/dalvikvm( 1304): GC_EXPLICIT freed 276K, 15% free 3308K/3884K, paused 1ms+3ms, total 27ms
D/dalvikvm(10422): GC_FOR_ALLOC freed 552K, 38% free 4574K/7356K, paused 18ms, total 18ms
W/MountService(  909): getVolumeState(/storage/emulated/0/external_sd): Unknown volume
W/MountService(  909): getVolumeState(/mnt/sdcard-ext): Unknown volume
W/MountService(  909): getVolumeState(/mnt/ext_sdcard): Unknown volume
W/MountService(  909): getVolumeState(/mnt/sdcard2): Unknown volume
W/MountService(  909): getVolumeState(/mnt/emmc): Unknown volume
W/MountService(  909): getVolumeState(/mnt/extSdCard): Unknown volume
W/MountService(  909): getVolumeState(/mnt/sdcard/SD_CARD): Unknown volume
W/MountService(  909): getVolumeState(/mnt/sdcard/extra_sd): Unknown volume
W/MountService(  909): getVolumeState(/mnt/extrasd_bind): Unknown volume
W/MountService(  909): getVolumeState(/mnt/sdcard/ext_sd): Unknown volume
W/MountService(  909): getVolumeState(/storage/extSdCard): Unknown volume
W/MountService(  909): getVolumeState(/mnt/sdcard/external_SD): Unknown volume
W/MountService(  909): getVolumeState(/mnt/sdcard/external_sd): Unknown volume
D/dalvikvm(10422): GC_FOR_ALLOC freed 640K, 39% free 4529K/7356K, paused 40ms, total 40ms
D/VM_BMS  (  403): wake_lock acquired
D/VM_BMS  (  403): New BMS data - Size=56
D/VM_BMS  (  403): Start process_bms_data
D/VM_BMS  (  403): For batt_temp=224 fcc_mah=1872
D/VM_BMS  (  403): For ocv=3731646 batt_temp=224 soc=31
D/VM_BMS  (  403): fifo_count=5 acc_count=0
D/VM_BMS  (  403): INIT: ocv=3731646 last_ocv=3731646 batt_temp=224 soc=31
D/VM_BMS  (  403): For soc=31 batt_temp=224 slope=4400
D/VM_BMS  (  403): For soc=31 batt_temp=224 rbatt_sf=140
D/VM_BMS  (  403): rbatt_mohm_default=146, rbatt_mohm=204, sf=140 batt_temp=224
D/VM_BMS  (  403): For ocv=3731898 batt_temp=224 soc=31
D/VM_BMS  (  403): FIFO=0 fifo_avg=3.819614 rbatt=0.204000 slope=0.440000 ibatt=-0.430598 ocv=3.731898 soc=31 fcc_ah=1.872000 sample_count=128 sample_interval=70 seq_num=60
D/VM_BMS  (  403): For soc=31 batt_temp=224 slope=4400
D/VM_BMS  (  403): For soc=31 batt_temp=224 rbatt_sf=140
D/VM_BMS  (  403): rbatt_mohm_default=146, rbatt_mohm=204, sf=140 batt_temp=224
D/VM_BMS  (  403): For ocv=3732151 batt_temp=224 soc=31
D/VM_BMS  (  403): FIFO=1 fifo_avg=3.820487 rbatt=0.204000 slope=0.440000 ibatt=-0.433638 ocv=3.732152 soc=31 fcc_ah=1.872000 sample_count=128 sample_interval=70 seq_num=60
D/VM_BMS  (  403): For soc=31 batt_temp=224 slope=4400
D/VM_BMS  (  403): For soc=31 batt_temp=224 rbatt_sf=140
D/VM_BMS  (  403): rbatt_mohm_default=146, rbatt_mohm=204, sf=140 batt_temp=224
D/VM_BMS  (  403): For ocv=3732401 batt_temp=224 soc=31
D/VM_BMS  (  403): FIFO=2 fifo_avg=3.819621 rbatt=0.204000 slope=0.440000 ibatt=-0.428161 ocv=3.732402 soc=31 fcc_ah=1.872000 sample_count=128 sample_interval=70 seq_num=60
D/VM_BMS  (  403): For soc=31 batt_temp=224 slope=4400
D/VM_BMS  (  403): For soc=31 batt_temp=224 rbatt_sf=140
D/VM_BMS  (  403): rbatt_mohm_default=146, rbatt_mohm=204, sf=140 batt_temp=224
D/VM_BMS  (  403): For ocv=3732638 batt_temp=224 soc=31
D/VM_BMS  (  403): FIFO=3 fifo_avg=3.815185 rbatt=0.204000 slope=0.440000 ibatt=-0.405224 ocv=3.732638 soc=31 fcc_ah=1.872000 sample_count=128 sample_interval=70 seq_num=60
D/VM_BMS  (  403): For soc=31 batt_temp=224 slope=4400
D/VM_BMS  (  403): For soc=31 batt_temp=224 rbatt_sf=140
D/VM_BMS  (  403): rbatt_mohm_default=146, rbatt_mohm=204, sf=140 batt_temp=224
D/VM_BMS  (  403): For ocv=3732881 batt_temp=224 soc=31
D/VM_BMS  (  403): FIFO=4 fifo_avg=3.817828 rbatt=0.204000 slope=0.440000 ibatt=-0.417000 ocv=3.732882 soc=31 fcc_ah=1.872000 sample_count=128 sample_interval=70 seq_num=60
I/VM_BMS  (  403): power_supply_update: ocv_uv=3732881 ibatt=-417000 soc=31 seq_num=60
D/VM_BMS  (  403): End process_bms_data
D/VM_BMS  (  403): wake_lock released
D/wpa_supplicant( 1132): RX ctrl_iface - hexdump(len=11): 53 49 47 4e 41 4c 5f 50 4f 4c 4c
D/wpa_supplicant( 1132): wlan0: Control interface command 'SIGNAL_POLL'
D/wpa_supplicant( 1132): nl80211: survey data missing!
V/WLAN_PSA(  235): NL MSG, len[048], NL type[0x11] WNI type[0x5050] len[028]
D/dalvikvm(12201): GC_FOR_ALLOC freed 508K, 24% free 3364K/4388K, paused 15ms, total 15ms
D/wpa_supplicant( 1132): RX ctrl_iface - hexdump(len=11): 53 49 47 4e 41 4c 5f 50 4f 4c 4c
D/wpa_supplicant( 1132): wlan0: Control interface command 'SIGNAL_POLL'
D/wpa_supplicant( 1132): nl80211: survey data missing!
D/wpa_supplicant( 1132): RX ctrl_iface - hexdump(len=11): 53 49 47 4e 41 4c 5f 50 4f 4c 4c
D/wpa_supplicant( 1132): wlan0: Control interface command 'SIGNAL_POLL'
D/wpa_supplicant( 1132): nl80211: survey data missing!
D/dalvikvm(10422): GC_FOR_ALLOC freed 596K, 39% free 4512K/7356K, paused 22ms, total 23ms
V/WLAN_PSA(  235): NL MSG, len[048], NL type[0x11] WNI type[0x5050] len[028]
D/wpa_supplicant( 1132): RX ctrl_iface - hexdump(len=11): 53 49 47 4e 41 4c 5f 50 4f 4c 4c
D/wpa_supplicant( 1132): wlan0: Control interface command 'SIGNAL_POLL'
D/wpa_supplicant( 1132): nl80211: survey data missing!
D/wpa_supplicant( 1132): RX ctrl_iface - hexdump(len=11): 53 49 47 4e 41 4c 5f 50 4f 4c 4c
D/wpa_supplicant( 1132): wlan0: Control interface command 'SIGNAL_POLL'
D/wpa_supplicant( 1132): nl80211: survey data missing!
V/WLAN_PSA(  235): NL MSG, len[048], NL type[0x11] WNI type[0x5050] len[028]
D/wpa_supplicant( 1132): RX ctrl_iface - hexdump(len=11): 53 49 47 4e 41 4c 5f 50 4f 4c 4c
D/wpa_supplicant( 1132): wlan0: Control interface command 'SIGNAL_POLL'
D/wpa_supplicant( 1132): nl80211: survey data missing!
V/WLAN_PSA(  235): NL MSG, len[048], NL type[0x11] WNI type[0x5050] len[028]
D/dalvikvm(10422): GC_FOR_ALLOC freed 563K, 39% free 4524K/7356K, paused 26ms, total 26ms
D/wpa_supplicant( 1132): RX ctrl_iface - hexdump(len=11): 53 49 47 4e 41 4c 5f 50 4f 4c 4c
D/wpa_supplicant( 1132): wlan0: Control interface command 'SIGNAL_POLL'
D/wpa_supplicant( 1132): nl80211: survey data missing!
D/wpa_supplicant( 1132): RX ctrl_iface - hexdump(len=11): 53 49 47 4e 41 4c 5f 50 4f 4c 4c
D/wpa_supplicant( 1132): wlan0: Control interface command 'SIGNAL_POLL'
D/wpa_supplicant( 1132): nl80211: survey data missing!
V/WLAN_PSA(  235): NL MSG, len[048], NL type[0x11] WNI type[0x5050] len[028]
D/wpa_supplicant( 1132): RX ctrl_iface - hexdump(len=11): 53 49 47 4e 41 4c 5f 50 4f 4c 4c
D/wpa_supplicant( 1132): wlan0: Control interface command 'SIGNAL_POLL'
D/wpa_supplicant( 1132): nl80211: survey data missing!
D/StatusBar.MSimNetworkController( 1052): refreshViews subscription =0mMSimDataConnected =false
D/StatusBar.MSimNetworkController( 1052): refreshViews mMSimDataActivity =0
D/StatusBar.MSimNetworkController( 1052): refreshViews: Data not connected!! Set no data type icon / Roaming for subscription: 0
D/StatusBar.MSimNetworkController( 1052): refreshViews connected={ wifi } level=0 mMSimcombinedSignalIconId=0x7f0202b3/com.android.systemui:drawable/stat_sys_wifi_signal_3_fully mMSimcombinedActivityIconId=0x7f0202ae mAirplaneMode=false mMSimDataActivity=0 mMSimPhoneSignalIconId=0x7f0202a3/com.android.systemui:drawable/stat_sys_signal_null_1 mMSimDataDirectionIconId=0x0 mMSimDataSignalIconId=0x7f0202a3 mMSimDataTypeIconId=0x0/(null) mNoMSimIconId=0x7f0200d6/com.android.systemui:drawable/stat_sys_no_sim_1 mMSimMobileActivityIconId=0x0/(null) mWifiIconId=0x7f0202b3 mBluetoothTetherIconId=0x10805e2
D/StatusBar.MSimNetworkController( 1052): refreshSignalCluster, mMSimPhoneSignalIconId[0]=com.android.systemui:drawable/stat_sys_signal_null_1 mMSimDataSignalIconId[0]=com.android.systemui:drawable/stat_sys_signal_null_1 mMSimDataTypeIconId[0]=(null) mMSimMobileActivityIconId[0]=(null) mNoMSimIconId[0]=com.android.systemui:drawable/stat_sys_no_sim_1
D/StatusBar.MSimNetworkController( 1052): refreshSignalCluster, mMSimPhoneSignalIconId[0]=com.android.systemui:drawable/stat_sys_signal_null_1 mMSimDataSignalIconId[0]=com.android.systemui:drawable/stat_sys_signal_null_1 mMSimDataTypeIconId[0]=(null) mMSimMobileActivityIconId[0]=(null) mNoMSimIconId[0]=com.android.systemui:drawable/stat_sys_no_sim_1
D/StatusBar.MSimNetworkController( 1052): refreshViews subscription =0mMSimDataConnected =false
D/StatusBar.MSimNetworkController( 1052): refreshViews mMSimDataActivity =0
D/StatusBar.MSimNetworkController( 1052): refreshViews: Data not connected!! Set no data type icon / Roaming for subscription: 0
D/StatusBar.MSimNetworkController( 1052): refreshViews connected={ wifi } level=0 mMSimcombinedSignalIconId=0x7f0202b3/com.android.systemui:drawable/stat_sys_wifi_signal_3_fully mMSimcombinedActivityIconId=0x7f0202ad mAirplaneMode=false mMSimDataActivity=0 mMSimPhoneSignalIconId=0x7f0202a3/com.android.systemui:drawable/stat_sys_signal_null_1 mMSimDataDirectionIconId=0x0 mMSimDataSignalIconId=0x7f0202a3 mMSimDataTypeIconId=0x0/(null) mNoMSimIconId=0x7f0200d6/com.android.systemui:drawable/stat_sys_no_sim_1 mMSimMobileActivityIconId=0x0/(null) mWifiIconId=0x7f0202b3 mBluetoothTetherIconId=0x10805e2
D/StatusBar.MSimNetworkController( 1052): refreshSignalCluster, mMSimPhoneSignalIconId[0]=com.android.systemui:drawable/stat_sys_signal_null_1 mMSimDataSignalIconId[0]=com.android.systemui:drawable/stat_sys_signal_null_1 mMSimDataTypeIconId[0]=(null) mMSimMobileActivityIconId[0]=(null) mNoMSimIconId[0]=com.android.systemui:drawable/stat_sys_no_sim_1
D/StatusBar.MSimNetworkController( 1052): refreshSignalCluster, mMSimPhoneSignalIconId[0]=com.android.systemui:drawable/stat_sys_signal_null_1 mMSimDataSignalIconId[0]=com.android.systemui:drawable/stat_sys_signal_null_1 mMSimDataTypeIconId[0]=(null) mMSimMobileActivityIconId[0]=(null) mNoMSimIconId[0]=com.android.systemui:drawable/stat_sys_no_sim_1
D/dalvikvm( 2508): GC_FOR_ALLOC freed 510K, 17% free 3875K/4648K, paused 29ms, total 29ms
D/wpa_supplicant( 1132): RX ctrl_iface - hexdump(len=11): 53 49 47 4e 41 4c 5f 50 4f 4c 4c
D/wpa_supplicant( 1132): wlan0: Control interface command 'SIGNAL_POLL'
D/wpa_supplicant( 1132): nl80211: survey data missing!
D/dalvikvm(10422): GC_FOR_ALLOC freed 591K, 39% free 4511K/7356K, paused 22ms, total 22ms
V/WLAN_PSA(  235): NL MSG, len[048], NL type[0x11] WNI type[0x5050] len[028]
D/wpa_supplicant( 1132): RX ctrl_iface - hexdump(len=11): 53 49 47 4e 41 4c 5f 50 4f 4c 4c
D/wpa_supplicant( 1132): wlan0: Control interface command 'SIGNAL_POLL'
D/wpa_supplicant( 1132): nl80211: survey data missing!
V/WLAN_PSA(  235): NL MSG, len[048], NL type[0x11] WNI type[0x5050] len[028]
D/wpa_supplicant( 1132): RX ctrl_iface - hexdump(len=11): 53 49 47 4e 41 4c 5f 50 4f 4c 4c
D/wpa_supplicant( 1132): wlan0: Control interface command 'SIGNAL_POLL'
D/wpa_supplicant( 1132): nl80211: survey data missing!
D/dalvikvm( 1233): GC_FOR_ALLOC freed 471K, 22% free 5024K/6368K, paused 16ms, total 16ms
I/Timeline( 1233): Timeline: Activity_launch_request id:com.yishu.idcarder time:1790391
I/ActivityManager(  909): START u0 {act=android.intent.action.MAIN cat=[android.intent.category.LAUNCHER] flg=0x10200000 cmp=com.yishu.idcarder/.LoginActivity bnds=[240,100][360,250]} from pid 1233
I/Adreno-EGL(25695): <qeglDrvAPI_eglInitialize:410>: EGL 1.4 QUALCOMM build:  ()
I/Adreno-EGL(25695): OpenGL ES Shader Compiler Version: E031.24.02.07
I/Adreno-EGL(25695): Build Date: 09/24/14 Wed
I/Adreno-EGL(25695): Local Branch: 
I/Adreno-EGL(25695): Remote Branch: 
I/Adreno-EGL(25695): Local Patches: 
I/Adreno-EGL(25695): Reconstruct Branch: 
I/Timeline(25695): Timeline: Activity_idle id: android.os.BinderProxy@419137d8 time:1790510
D/dalvikvm( 1166): GC_FOR_ALLOC freed 1153K, 24% free 5643K/7368K, paused 25ms, total 25ms
I/Timeline(  909): Timeline: Activity_windows_visible id: ActivityRecord{41d879d0 u0 com.yishu.idcarder/.LoginActivity t12} time:1790806
D/SensorManager(11340): unregisterListenerImpl  
D/SensorManager(11340): removeSensor sensor:kxtj2-1009-acceldisable: true
D/SensorManager(11340): disableSensor sensor:kxtj2-1009-accel
E/Sensors (  909): activate handle:0, enabled:0
D/SensorManager(11340): unregisterListenerImpl  
D/SensorManager(11340): unregisterListenerImpl abort  
I/Timeline(25695): Timeline: Activity_launch_request id:com.yishu.idcarder time:1791450
I/ActivityManager(  909): START u0 {cmp=com.yishu.idcarder/.MainActivity} from pid 25695
D/dalvikvm(25695): GC_FOR_ALLOC freed 210K, 9% free 3165K/3448K, paused 10ms, total 11ms
I/Timeline(25695): Timeline: Activity_idle id: android.os.BinderProxy@4197a380 time:1791614
I/ActivityManager(  909): Displayed com.yishu.idcarder/.MainActivity: +165ms
I/Timeline(  909): Timeline: Activity_windows_visible id: ActivityRecord{423781a8 u0 com.yishu.idcarder/.MainActivity t12} time:1791940
D/wpa_supplicant( 1132): RX ctrl_iface - hexdump(len=11): 53 49 47 4e 41 4c 5f 50 4f 4c 4c
D/wpa_supplicant( 1132): wlan0: Control interface command 'SIGNAL_POLL'
D/wpa_supplicant( 1132): nl80211: survey data missing!
V/WLAN_PSA(  235): NL MSG, len[048], NL type[0x11] WNI type[0x5050] len[028]
D/dalvikvm(10422): GC_FOR_ALLOC freed 571K, 39% free 4514K/7356K, paused 24ms, total 24ms
D/BluetoothManagerService(  909): Message: 20
D/BluetoothManagerService(  909): Added callback: android.bluetooth.IBluetoothManagerCallback$Stub$Proxy@41d3c540:true
W/dalvikvm(25695): Exception Ljava/lang/UnsatisfiedLinkError; thrown while initializing Lcom/otg/idcard/OTGReadCardAPI;
D/AndroidRuntime(25695): Shutting down VM
W/dalvikvm(25695): threadid=1: thread exiting with uncaught exception (group=0x41636d58)
E/AndroidRuntime(25695): FATAL EXCEPTION: main
E/AndroidRuntime(25695): Process: com.yishu.idcarder, PID: 25695
E/AndroidRuntime(25695): java.lang.UnsatisfiedLinkError: Couldn't load btjni from loader dalvik.system.PathClassLoader[DexPathList[[zip file "/data/app/com.yishu.idcarder-2.apk"],nativeLibraryDirectories=[/data/app-lib/com.yishu.idcarder-2, /vendor/lib, /system/lib]]]: findLibrary returned null
E/AndroidRuntime(25695): 	at java.lang.Runtime.loadLibrary(Runtime.java:358)
E/AndroidRuntime(25695): 	at java.lang.System.loadLibrary(System.java:526)
E/AndroidRuntime(25695): 	at com.otg.idcard.OTGReadCardAPI.<clinit>(Unknown Source)
E/AndroidRuntime(25695): 	at com.yishu.idcarder.IDCardReaderFragment.onCreateView(IDCardReaderFragment.java:84)
E/AndroidRuntime(25695): 	at android.app.Fragment.performCreateView(Fragment.java:1700)
E/AndroidRuntime(25695): 	at android.app.FragmentManagerImpl.moveToState(FragmentManager.java:890)
E/AndroidRuntime(25695): 	at android.app.FragmentManagerImpl.moveToState(FragmentManager.java:1062)
E/AndroidRuntime(25695): 	at android.app.BackStackRecord.run(BackStackRecord.java:684)
E/AndroidRun