W/ContextImpl(10422): Implicit intents with startService are not safe: Intent { act=com.qihoo.appstore.ACTION_CLEAR_BACKGROUND (has extras) } com.qihoo.express.mini.receiver.ClearBroadcastReceiver.b:-1 com.qihoo.express.mini.receiver.ClearBroadcastReceiver.onReceive:-1 android.app.LoadedApk$ReceiverDispatcher$Args.run:759 
V/WLAN_PSA(  235): NL MSG, len[914], NL type[0x11] WNI type[0x5050] len[894]
V/WLAN_PSA(  235): NL MSG, len[914], NL type[0x11] WNI type[0x5050] len[894]
V/WLAN_PSA(  235): NL MSG, len[048], NL type[0x11] WNI type[0x5050] len[028]
V/WLAN_PSA(  235): NL MSG, len[914], NL type[0x11] WNI type[0x5050] len[894]
V/WLAN_PSA(  235): NL MSG, len[914], NL type[0x11] WNI type[0x5050] len[894]
V/WLAN_PSA(  235): NL MSG, len[048], NL type[0x11] WNI type[0x5050] len[028]
V/WLAN_PSA(  235): NL MSG, len[914], NL type[0x11] WNI type[0x5050] len[894]
D/wpa_supplicant( 1132): RX ctrl_iface - hexdump(len=11): 53 49 47 4e 41 4c 5f 50 4f 4c 4c
D/wpa_supplicant( 1132): wlan0: Control interface command 'SIGNAL_POLL'
D/wpa_supplicant( 1132): nl80211: survey data missing!
V/WLAN_PSA(  235): NL MSG, len[914], NL type[0x11] WNI type[0x5050] len[894]
V/WLAN_PSA(  235): NL MSG, len[048], NL type[0x11] WNI type[0x5050] len[028]
V/WLAN_PSA(  235): NL MSG, len[914], NL type[0x11] WNI type[0x5050] len[894]
D/wpa_supplicant( 1132): nl80211: Event message available
D/wpa_supplicant( 1132): nl80211: Drv Event 34 (NL80211_CMD_NEW_SCAN_RESULTS) received for wlan0
D/wpa_supplicant( 1132): wlan0: nl80211: New scan results available
D/wpa_supplicant( 1132): wlan0: Event SCAN_RESULTS (3) received
D/wpa_supplicant( 1132): nl80211: Associated on 2442 MHz
D/wpa_supplicant( 1132): nl80211: Associated with 80:89:17:b3:b6:76
D/wpa_supplicant( 1132): nl80211: Received scan results (17 BSSes)
D/wpa_supplicant( 1132): nl80211: Survey data missing
D/wpa_supplicant( 1132): nl80211: Scan results indicate BSS status with 80:89:17:b3:b6:76 as associated
D/wpa_supplicant( 1132): wlan0: BSS: Start scan result update 15
D/wpa_supplicant( 1132): wlan0: BSS: Add new id 64 BSSID 28:2c:b2:98:3d:d4 SSID 'gukedianzi'
D/wpa_supplicant( 1132): CTRL_IFACE monitor send - hexdump(len=39): 2f 64 61 74 61 2f 6d 69 73 63 2f 77 69 66 69 2f 73 6f 63 6b 65 74 73 2f 77 70 61 5f 63 74 72 6c ...
D/wpa_supplicant( 1132): wlan0: BSS: Add new id 65 BSSID 78:54:2e:a2:f2:ce SSID 'dlink'
D/wpa_supplicant( 1132): CTRL_IFACE monitor send - hexdump(len=39): 2f 64 61 74 61 2f 6d 69 73 63 2f 77 69 66 69 2f 73 6f 63 6b 65 74 73 2f 77 70 61 5f 63 74 72 6c ...
D/wpa_supplicant( 1132): wlan0: BSS: Add new id 66 BSSID e4:d3:32:5d:4d:82 SSID 'NJCJYJS201'
D/wpa_supplicant( 1132): CTRL_IFACE monitor send - hexdump(len=39): 2f 64 61 74 61 2f 6d 69 73 63 2f 77 69 66 69 2f 73 6f 63 6b 65 74 73 2f 77 70 61 5f 63 74 72 6c ...
D/wpa_supplicant( 1132): wlan0: BSS: Add new id 67 BSSID bc:d1:77:07:ad:cc SSID 'acpowerAP'
D/wpa_supplicant( 1132): CTRL_IFACE monitor send - hexdump(len=39): 2f 64 61 74 61 2f 6d 69 73 63 2f 77 69 66 69 2f 73 6f 63 6b 65 74 73 2f 77 70 61 5f 63 74 72 6c ...
D/wpa_supplicant( 1132): wlan0: BSS: Remove id 46 BSSID 64:09:80:14:63:92 SSID '-\xe6\x98\x8c\xe4\xbf\xa1\xe7\xa7\x91\xe6\x8a\x80-\xe6\x99\xba\xe6\x85\xa7\xe6\x96\xb9\xe6\xa1\x88' due to no match in scan
D/wpa_supplicant( 1132): CTRL_IFACE monitor send - hexdump(len=39): 2f 64 61 74 61 2f 6d 69 73 63 2f 77 69 66 69 2f 73 6f 63 6b 65 74 73 2f 77 70 61 5f 63 74 72 6c ...
D/wpa_supplicant( 1132): wlan0: BSS: Remove id 59 BSSID ac:85:3d:a5:69:a0 SSID 'luichi' due to no match in scan
D/wpa_supplicant( 1132): CTRL_IFACE monitor send - hexdump(len=39): 2f 64 61 74 61 2f 6d 69 73 63 2f 77 69 66 69 2f 73 6f 63 6b 65 74 73 2f 77 70 61 5f 63 74 72 6c ...
D/wpa_supplicant( 1132): BSS: last_scan_res_used=17/32 last_scan_full=0
D/wpa_supplicant( 1132): wlan0: Scan-only results received
D/wpa_supplicant( 1132): CTRL_IFACE monitor send - hexdump(len=39): 2f 64 61 74 61 2f 6d 69 73 63 2f 77 69 66 69 2f 73 6f 63 6b 65 74 73 2f 77 70 61 5f 63 74 72 6c ...
D/wpa_supplicant( 1132): wlan0: P2P: Station mode scan operation not pending anymore (sta_scan_pending=0 p2p_cb_on_scan_complete=0)
D/wpa_supplicant( 1132): nl80211: Drv Event 32 (NL80211_CMD_GET_SCAN) received for wlan0
D/wpa_supplicant( 1132): wlan0: nl80211: Ignored unknown event (cmd=32)
D/wpa_supplicant( 1132): RX ctrl_iface - hexdump(len=25): 42 53 53 20 52 41 4e 47 45 3d 30 2d 20 4d 41 53 4b 3d 30 78 32 31 39 38 37
D/wpa_supplicant( 1132): wlan0: Control interface command 'BSS RANGE=0- MASK=0x21987'
D/wpa_supplicant( 1132): WPS: Unknown Vendor Extension (Vendor ID 9442)
D/wpa_supplicant( 1132): WPS: Unknown Vendor Extension (Vendor ID 9442)
D/wpa_supplicant( 1132): WPS: Unknown Vendor Extension (Vendor ID 9442)
D/wifi_gbk2utf(  909): parseScanResults, line=id=0
D/wifi_gbk2utf(  909):  
D/wifi_gbk2utf(  909): parseScanResults, line=bssid=80:89:17:b3:b6:76
D/wifi_gbk2utf(  909):  
D/wifi_gbk2utf(  909): parseScanResults, line=freq=2442
D/wifi_gbk2utf(  909):  
D/wifi_gbk2utf(  909): parseScanResults, line=level=-52
D/wifi_gbk2utf(  909):  
D/wifi_gbk2utf(  909): parseScanResults, line=tsf=0000001612430625
D/wifi_gbk2utf(  909):  
D/wifi_gbk2utf(  909): parseScanResults, line=flags=[WPA-PSK-CCMP][WPA2-PSK-CCMP][ESS]
D/wifi_gbk2utf(  909):  
D/wifi_gbk2utf(  909): parseScanResults, line=ssid=DIANXIN
D/wifi_gbk2utf(  909):  
D/wifi_gbk2utf(  909): parseScanResults, ssid = DIANXIN, buf = DIANXIN,isUTF8= 0, isCh = 0
D/wifi_gbk2utf(  909): parseScanResults, line=====
D/wifi_gbk2utf(  909):  
D/wifi_gbk2utf(  909): After sscanf,ssid:DIANXIN, isCh:0
D/wifi_gbk2utf(  909): parseScanResults, line=id=9
D/wifi_gbk2utf(  909):  
D/wifi_gbk2utf(  909): parseScanResults, line=bssid=ea:86:87:47:e4:87
D/wifi_gbk2utf(  909):  
D/wifi_gbk2utf(  909): parseScanResults, line=freq=2412
D/wifi_gbk2utf(  909):  
D/wifi_gbk2utf(  909): parseScanResults, line=level=-60
D/wifi_gbk2utf(  909):  
D/wifi_gbk2utf(  909): parseScanResults, line=tsf=0000001612430646
D/wifi_gbk2utf(  909):  
D/wifi_gbk2utf(  909): parseScanResults, line=flags=[WPA2-PSK-CCMP][ESS]
D/wifi_gbk2utf(  909):  
D/wifi_gbk2utf(  909): parseScanResults, line=ssid=zyzx
D/wifi_gbk2utf(  909):  
D/wifi_gbk2utf(  909): parseScanResults, ssid = zyzx, buf = zyzx,isUTF8= 0, isCh = 0
D/wifi_gbk2utf(  909): parseScanResults, line=====
D/wifi_gbk2utf(  909):  
D/wifi_gbk2utf(  909): After sscanf,ssid:zyzx, isCh:0
D/wifi_gbk2utf(  909): parseScanResults, line=id=10
D/wifi_gbk2utf(  909):  
D/wifi_gbk2utf(  909): parseScanResults, line=bssid=0c:4c:39:12:49:06
D/wifi_gbk2utf(  909):  
D/wifi_gbk2utf(  909): parseScanResults, line=freq=2412
D/wifi_gbk2utf(  909):  
D/wifi_gbk2utf(  909): parseScanResults, line=level=-58
D/wifi_gbk2utf(  909):  
D/wifi_gbk2utf(  909): parseScanResults, line=tsf=0000001612430639
D/wifi_gbk2utf(  909):  
D/wifi_gbk2utf(  909): parseScanResults, line=flags=[WPA-PSK-CCMP+TKIP][WPS][ESS]
D/wifi_gbk2utf(  909):  
D/wifi_gbk2utf(  909): parseScanResults, line=ssid=ChinaNet-tXX5
D/wifi_gbk2utf(  909):  
D/wifi_gbk2utf(  909): parseScanResults, ssid = ChinaNet-tXX5, buf = ChinaNet-tXX5,isUTF8= 0, isCh = 0
D/wifi_gbk2utf(  909): parseScanResults, line=====
D/wifi_gbk2utf(  909):  
D/wifi_gbk2utf(  909): After sscanf,ssid:ChinaNet-tXX5, isCh:0
D/wifi_gbk2utf(  909): parseScanResults, line=id=11
D/wifi_gbk2utf(  909):  
D/wifi_gbk2utf(  909): parseScanResults, line=bssid=ec:88:8f:8e:43:f4
D/wifi_gbk2utf(  909):  
D/wifi_gbk2utf(  909): parseScanResults, line=freq=2437
D/wifi_gbk2utf(  909):  
D/wifi_gbk2utf(  909): parseScanResults, line=level=-63
D/wifi_gbk2utf(  909):  
D/wifi_gbk2utf(  909): parseScanResults, line=tsf=0000001612430659
D/wifi_gbk2utf(  909):  
D/wifi_gbk2utf(  909): parseScanResults, line=flags=[WPA-PSK-CCMP][WPS][ESS]
D/wifi_gbk2utf(  909):  
D/wifi_gbk2utf(  909): parseScanResults, line=ssid=HTZX
D/wifi_gbk2utf(  909):  
D/wifi_gbk2utf(  909): parseScanResults, ssid = HTZX, buf = HTZX,isUTF8= 0, isCh = 0
D/wifi_gbk2utf(  909): parseScanResults, line=====
D/wifi_gbk2utf(  909):  
D/wifi_gbk2utf(  909): After sscanf,ssid:HTZX, isCh:0
D/wifi_gbk2utf(  909): parseScanResults, line=id=12
D/wifi_gbk2utf(  909):  
D/wifi_gbk2utf(  909): parseScanResults, line=bssid=9c:21:6a:73:b2:26
D/wifi_gbk2utf(  909):  
D/wifi_gbk2utf(  909): parseScanResults, line=freq=2462
D/wifi_gbk2utf(  909):  
D/wifi_gbk2utf(  909): parseScanResults, line=level=-57
D/wifi_gbk2utf(  909):  
D/wifi_gbk2utf(  909): parseScanResults, line=tsf=0000001612430653
D/wifi_gbk2utf(  909):  
D/wifi_gbk2utf(  909): parseScanResults, line=flags=[WPA-PSK-CCMP][WPA2-PSK-CCMP][WPS][ESS]
D/wifi_gbk2utf(  909):  
D/wifi_gbk2utf(  909): parseScanResults, line=ssid=TP-LINKQX
D/wifi_gbk2utf(  909):  
D/wifi_gbk2utf(  909): parseScanResults, ssid = TP-LINKQX, buf = TP-LINKQX,isUTF8= 0, isCh = 0
D/wifi_gbk2utf(  909): parseScanResults, line=====
D/wifi_gbk2utf(  909):  
D/wifi_gbk2utf(  909): After sscanf,ssid:TP-LINKQX, isCh:0
D/wifi_gbk2utf(  909): parseScanResults, line=id=34
D/wifi_gbk2utf(  909):  
D/wifi_gbk2utf(  909): parseScanResults, line=bssid=9c:d3:6d:b3:81:1c
D/wifi_gbk2utf(  909):  
D/StatusBar.MSimNetworkController( 1052): refreshViews subscription =0mMSimDataConnected =false
D/StatusBar.MSimNetworkController( 1052): refreshViews mMSimDataActivity =0
D/StatusBar.MSimNetworkController( 1052): refreshViews: Data not connected!! Set no data type icon / Roaming for subscription: 0
D/wifi_gbk2utf(  909): parseScanResults, line=freq=2447
D/wifi_gbk2utf(  909):  
D/wifi_gbk2utf(  909): parseScanResults, line=level=-77
D/wifi_gbk2utf(  909):  
D/wifi_gbk2utf(  909): parseScanResults, line=tsf=0000001612430695
D/wifi_gbk2utf(  909):  
D/wifi_gbk2utf(  909): parseScanResults, line=flags=[WPA2-PSK-CCMP][WPS][ESS]
D/wifi_gbk2utf(  909):  
D/wifi_gbk2utf(  909): parseScanResults, line=ssid=ChinaNet-wdga
D/wifi_gbk2utf(  909):  
D/wifi_gbk2utf(  909): parseScanResults, ssid = ChinaNet-wdga, buf = ChinaNet-wdga,isUTF8= 0, isCh = 0
D/wifi_gbk2utf(  909): parseScanResults, line=====
D/wifi_gbk2utf(  909):  
D/wifi_gbk2utf(  909): After sscanf,ssid:ChinaNet-wdga, isCh:0
D/wifi_gbk2utf(  909): parseScanResults, line=id=45
D/wifi_gbk2utf(  909):  
D/wifi_gbk2utf(  909): parseScanResults, line=bssid=d8:15:0d:9a:c4:a6
D/wifi_gbk2utf(  909):  
D/wifi_gbk2utf(  909): parseScanResults, line=freq=2462
D/wifi_gbk2utf(  909):  
D/wifi_gbk2utf(  909): parseScanResults, line=level=-69
D/wifi_gbk2utf(  909):  
D/wifi_gbk2utf(  909): parseScanResults, line=tsf=0000001612430666
D/wifi_gbk2utf(  909):  
D/wifi_gbk2utf(  909): parseScanResults, line=flags=[WPA-PSK-CCMP][WPA2-PSK-CCMP][WPS][ESS]
D/wifi_gbk2utf(  909):  
D/wifi_gbk2utf(  909): parseScanResults, line=ssid=WSDV-Work
D/wifi_gbk2utf(  909):  
D/wifi_gbk2utf(  909): parseScanResults, ssid = WSDV-Work, buf = WSDV-Work,isUTF8= 0, isCh = 0
D/wifi_gbk2utf(  909): parseScanResults, line=====
D/wifi_gbk2utf(  909):  
D/wifi_gbk2utf(  909): After sscanf,ssid:WSDV-Work, isCh:0
D/wifi_gbk2utf(  909): parseScanResults, line=id=52
D/wifi_gbk2utf(  909):  
D/wifi_gbk2utf(  909): parseScanResults, line=bssid=14:75:90:fb:f7:fd
D/wifi_gbk2utf(  909):  
D/wifi_gbk2utf(  909): parseScanResults, line=freq=2462
D/wifi_gbk2utf(  909):  
D/wifi_gbk2utf(  909): parseScanResults, line=level=-73
D/wifi_gbk2utf(  909):  
D/wifi_gbk2utf(  909): parseScanResults, line=tsf=0000001612430673
D/wifi_gbk2utf(  909):  
D/wifi_gbk2utf(  909): parseScanResults, line=flags=[WPA-PSK-CCMP+TKIP][WPA2-PSK-CCMP+TKIP][ESS]
D/wifi_gbk2utf(  909):  
D/StatusBar.MSimNetworkController( 1052): refreshViews connected={ wifi } level=0 mMSimcombinedSignalIconId=0x7f0202b4/com.android.systemui:drawable/stat_sys_wifi_signal_4_fully mMSimcombinedActivityIconId=0x0 mAirplaneMode=false mMSimDataActivity=0 mMSimPhoneSignalIconId=0x7f0202a3/com.android.systemui:drawable/stat_sys_signal_null_1 mMSimDataDirectionIconId=0x0 mMSimDataSignalIconId=0x7f0202a3 mMSimDataTypeIconId=0x0/(null) mNoMSimIconId=0x7f0200d6/com.android.systemui:drawable/stat_sys_no_sim_1 mMSimMobileActivityIconId=0x0/(null) mWifiIconId=0x7f0202b4 mBluetoothTetherIconId=0x10805e2
D/wifi_gbk2utf(  909): parseScanResults, line=ssid=NJ KXT
D/wifi_gbk2utf(  909):  
D/wifi_gbk2utf(  909): parseScanResults, ssid = NJ KXT, buf = NJ KXT,isUTF8= 0, isCh = 0
D/wifi_gbk2utf(  909): parseScanResults, line=====
D/wifi_gbk2utf(  909):  
D/wifi_gbk2utf(  909): After sscanf,ssid:NJ KXT, isCh:0
D/wifi_gbk2utf(  909): parseScanResults, line=id=53
D/wifi_gbk2utf(  909):  
D/wifi_gbk2utf(  909): parseScanResults, line=bssid=50:bd:5f:38:e4:33
D/wifi_gbk2utf(  909):  
D/wifi_gbk2utf(  909): parseScanResults, line=freq=2462
D/wifi_gbk2utf(  909):  
D/wifi_gbk2utf(  909): parseScanResults, line=level=-81
D/wifi_gbk2utf(  909):  
D/wifi_gbk2utf(  909): parseScanResults, line=tsf=0000001612430702
D/wifi_gbk2utf(  909):  
D/wifi_gbk2utf(  909): parseScanResults, line=flags=[WPA-PSK-CCMP][WPA2-PSK-CCMP][ESS]
D/wifi_gbk2utf(  909):  
D/wifi_gbk2utf(  909): parseScanResults, line=ssid=TP-LINK_E433
D/wifi_gbk2utf(  909):  
D/wifi_gbk2utf(  909): parseScanResults, ssid = TP-LINK_E433, buf = TP-LINK_E433,isUTF8= 0, isCh = 0
D/wifi_gbk2utf(  909): parseScanResults, line=====
D/wifi_gbk2utf(  909):  
D/wifi_gbk2utf(  909): After sscanf,ssid:TP-LINK_E433, isCh:0
D/wifi_gbk2utf(  909): parseScanResults, line=id=60
D/wifi_gbk2utf(  909):  
D/wifi_gbk2utf(  909): parseScanResults, line=bssid=52:1f:cc:d8:3a:c9
D/wifi_gbk2utf(  909):  
D/wifi_gbk2utf(  909): parseScanResults, line=freq=2417
D/wifi_gbk2utf(  909):  
D/wifi_gbk2utf(  909): parseScanResults, line=level=-82
D/wifi_gbk2utf(  909):  
D/wifi_gbk2utf(  909): parseScanResults, line=tsf=0000001612430736
D/wifi_gbk2utf(  909):  
D/wifi_gbk2utf(  909): parseScanResults, line=flags=[WPA-PSK-TKIP][ESS]
D/wifi_gbk2utf(  909):  
D/wifi_gbk2utf(  909): parseScanResults, line=ssid=iTV-htbc
D/wifi_gbk2utf(  909):  
D/wifi_gbk2utf(  909): parseScanResults, ssid = iTV-htbc, buf = iTV-htbc,isUTF8= 0, isCh = 0
D/wifi_gbk2utf(  909): parseScanResults, line=====
D/wifi_gbk2utf(  909):  
D/wifi_gbk2utf(  909): After sscanf,ssid:iTV-htbc, isCh:0
D/wifi_gbk2utf(  909): parseScanResults, line=id=61
D/wifi_gbk2utf(  909):  
D/wifi_gbk2utf(  909): parseScanResults, line=bssid=d4:ee:07:2c:c7:90
D/wifi_gbk2utf(  909):  
D/wifi_gbk2utf(  909): parseScanResults, line=freq=2412
D/wifi_gbk2utf(  909):  
D/wifi_gbk2utf(  909): parseScanResults, line=level=-81
D/wifi_gbk2utf(  909):  
D/wifi_gbk2utf(  909): parseScanResults, line=tsf=0000001612430709
D/wifi_gbk2utf(  909):  
D/wifi_gbk2utf(  909): parseScanResults, line=flags=[WPA-PSK-CCMP][WPA2-PSK-CCMP][ESS]
D/wifi_gbk2utf(  909):  
D/wifi_gbk2utf(  909): parseScanResults, line=ssid=\xe5\x9b\xbd\xe9\x87\x87\xe8\x83\xbd\xe6\xba\x9004
D/wifi_gbk2utf(  909):  
D/wifi_gbk2utf(  909): parseScanResults, ssid = \xe5\x9b\xbd\xe9\x87\x87\xe8\x83\xbd\xe6\xba\x9004, buf = 04,isUTF8= 1, isCh = 1
D/wifi_gbk2utf(  909): parseScanResults, line=====
D/wifi_gbk2utf(  909):  
D/wifi_gbk2utf(  909): After sscanf,ssid:\xe5\x9b\xbd\xe9\x87\x87\xe8\x83\xbd\xe6\xba\x9004, isCh:1
D/wifi_gbk2utf(  909): parseScanResults, line=id=62
D/wifi_gbk2utf(  909):  
D/wifi_gbk2utf(  909): parseScanResults, line=bssid=6c:59:40:9c:bf:ae
D/wifi_gbk2utf(  909):  
D/wifi_gbk2utf(  909): parseScanResults, line=freq=2472
D/wifi_gbk2utf(  909):  
D/wifi_gbk2utf(  909): parseScanResults, line=level=-84
D/wifi_gbk2utf(  909):  
D/wifi_gbk2utf(  909): parseScanResults, line=tsf=0000001612430724
D/wifi_gbk2utf(  909):  
D/wifi_gbk2utf(  909): parseScanResults, line=flags=[WPA-PSK-CCMP][WPA2-PSK-CCMP][ESS]
D/wifi_gbk2utf(  909):  
D/wifi_gbk2utf(  909): parseScanResults, line=ssid=WeiHua_Guest
D/wifi_gbk2utf(  909):  
D/wifi_gbk2utf(  909): parseScanResults, ssid = WeiHua_Guest, buf = WeiHua_Guest,isUTF8= 0, isCh = 0
D/wifi_gbk2utf(  909): parseScanResults, line=====
D/wifi_gbk2utf(  909):  
D/wifi_gbk2utf(  909): After sscanf,ssid:WeiHua_Guest, isCh:0
D/wifi_gbk2utf(  909): parseScanResults, line=id=63
D/wifi_gbk2utf(  909):  
D/wifi_gbk2utf(  909): parseScanResults, line=bssid=4c:1f:cc:d8:3a:c9
D/wifi_gbk2utf(  909):  
D/wifi_gbk2utf(  909): parseScanResults, line=freq=2417
D/wifi_gbk2utf(  909):  
D/wifi_gbk2utf(  909): parseScanResults, line=level=-85
D/wifi_gbk2utf(  909):  
D/wifi_gbk2utf(  909): parseScanResults, line=tsf=0000001612430730
D/wifi_gbk2utf(  909):  
D/wifi_gbk2utf(  909): parseScanResults, line=flags=[WPA-PSK-TKIP][ESS]
D/wifi_gbk2utf(  909):  
D/wifi_gbk2utf(  909): parseScanResults, line=ssid=ChinaNet-htbc
D/wifi_gbk2utf(  909):  
D/wifi_gbk2utf(  909): parseScanResults, ssid = ChinaNet-htbc, buf = ChinaNet-htbc,isUTF8= 0, isCh = 0
D/wifi_gbk2utf(  909): parseScanResults, line=====
D/wifi_gbk2utf(  909):  
D/wifi_gbk2utf(  909): After sscanf,ssid:ChinaNet-htbc, isCh:0
D/wifi_gbk2utf(  909): parseScanResults, line=id=64
D/wifi_gbk2utf(  909):  
D/wifi_gbk2utf(  909): parseScanResults, line=bssid=28:2c:b2:98:3d:d4
D/wifi_gbk2utf(  909):  
D/wifi_gbk2utf(  909): parseScanResults, line=freq=2412
D/wifi_gbk2utf(  909):  
D/wifi_gbk2utf(  909): parseScanResults, line=level=-78
D/wifi_gbk2utf(  909):  
D/wifi_gbk2utf(  909): parseScanResults, line=tsf=0000001612430680
D/wifi_gbk2utf(  909):  
D/wifi_gbk2utf(  909): parseScanResults, line=flags=[WPA-PSK-CCMP][WPA2-PSK-CCMP][WPS][ESS]
D/wifi_gbk2utf(  909):  
D/wifi_gbk2utf(  909): parseScanResults, line=ssid=gukedianzi
D/wifi_gbk2utf(  909):  
D/wifi_gbk2utf(  909): parseScanResults, ssid = gukedianzi, buf = gukedianzi,isUTF8= 0, isCh = 0
D/wifi_gbk2utf(  909): parseScanResults, line=====
D/wifi_gbk2utf(  909):  
D/wifi_gbk2utf(  909): After sscanf,ssid:gukedianzi, isCh:0
D/wifi_gbk2utf(  909): parseScanResults, line=id=65
D/wifi_gbk2utf(  909):  
D/wifi_gbk2utf(  909): parseScanResults, line=bssid=78:54:2e:a2:f2:ce
D/wifi_gbk2utf(  909):  
D/wifi_gbk2utf(  909): parseScanResults, line=freq=2452
D/wifi_gbk2utf(  909):  
D/wifi_gbk2utf(  909): parseScanResults, line=level=-80
D/wifi_gbk2utf(  909):  
D/wifi_gbk2utf(  909): parseScanResults, line=tsf=0000001612430688
D/wifi_gbk2utf(  909):  
D/wifi_gbk2utf(  909): parseScanResults, line=flags=[WPA-PSK-CCMP+TKIP][WPA2-PSK-CCMP+TKIP][WPS][ESS]
D/wifi_gbk2utf(  909):  
D/wifi_gbk2utf(  909): parseScanResults, line=ssid=dlink
D/wifi_gbk2utf(  909):  
D/wifi_gbk2utf(  909): parseScanResults, ssid = dlink, buf = dlink,isUTF8= 0, isCh = 0
D/wifi_gbk2utf(  909): parseScanResults, line=====
D/wifi_gbk2utf(  909):  
D/wifi_gbk2utf(  909): After sscanf,ssid:dlink, isCh:0
D/wifi_gbk2utf(  909): parseScanResults, line=id=66
D/wifi_gbk2utf(  909):  
D/wifi_gbk2utf(  909): parseScanResults, line=bssid=e4:d3:32:5d:4d:82
D/wifi_gbk2utf(  909):  
D/wifi_gbk2utf(  909): parseScanResults, line=freq=2462
D/wifi_gbk2utf(  909):  
D/wifi_gbk2utf(  909): parseScanResults, line=level=-85
D/wifi_gbk2utf(  909):  
D/wifi_gbk2utf(  909): parseScanResults, line=tsf=0000001612430716
D/wifi_gbk2utf(  909):  
D/wifi_gbk2utf(  909): parseScanResults, line=flags=[WPA-PSK-CCMP][WPA2-PSK-CCMP][WPS][ESS]
D/wifi_gbk2utf(  909):  
D/wifi_gbk2utf(  909): parseScanResults, line=ssid=NJCJYJS201
D/wifi_gbk2utf(  909):  
D/wifi_gbk2utf(  909): parseScanResults, ssid = NJCJYJS201, buf = NJCJYJS201,isUTF8= 0, isCh = 0
D/wifi_gbk2utf(  909): parseScanResults, line=====
D/wifi_gbk2utf(  909):  
D/wifi_gbk2utf(  909): After sscanf,ssid:NJCJYJS201, isCh:0
D/wifi_gbk2utf(  909): parseScanResults, line=id=67
D/wifi_gbk2utf(  909):  
D/wifi_gbk2utf(  909): parseScanResults, line=bssid=bc:d1:77:07:ad:cc
D/wifi_gbk2utf(  909):  
D/wifi_gbk2utf(  909): parseScanResults, line=freq=2452
D/wifi_gbk2utf(  909):  
D/wifi_gbk2utf(  909): parseScanResults, line=level=-90
D/wifi_gbk2utf(  909):  
D/wifi_gbk2utf(  909): parseScanResults, line=tsf=0000001612430743
D/wifi_gbk2utf(  909):  
D/wifi_gbk2utf(  909): parseScanResults, line=flags=[WPA-PSK-CCMP+TKIP][WPA2-PSK-CCMP+TKIP][WPS][ESS]
D/wifi_gbk2utf(  909):  
D/wifi_gbk2utf(  909): parseScanResults, line=ssid=acpowerAP
D/wifi_gbk2utf(  909):  
D/wifi_gbk2utf(  909): parseScanResults, ssid = acpowerAP, buf = acpowerAP,isUTF8= 0, isCh = 0
D/wifi_gbk2utf(  909): parseScanResults, line=#### 
D/StatusBar.MSimNetworkController( 1052): refreshSignalCluster, mMSimPhoneSignalIconId[0]=com.android.systemui:drawable/stat_sys_signal_null_1 mMSimDataSignalIconId[0]=com.android.systemui:drawable/stat_sys_signal_null_1 mMSimDataTypeIconId[0]=(null) mMSimMobileActivityIconId[0]=(null) mNoMSimIconId[0]=com.android.systemui:drawable/stat_sys_no_sim_1
D/StatusBar.MSimNetworkController( 1052): refreshSignalCluster, mMSimPhoneSignalIconId[0]=com.android.systemui:drawable/stat_sys_signal_null_1 mMSimDataSignalIconId[0]=com.android.systemui:drawable/stat_sys_signal_null_1 mMSimDataTypeIconId[0]=(null) mMSimMobileActivityIconId[0]=(null) mNoMSimIconId[0]=com.android.systemui:drawable/stat_sys_no_sim_1
D/LBSSystemMonitorService(  909): handleMessage what - 4
D/Wiper_jni(  909): Send Network Location.
E/LocSvc_api_v02(  909): I/---> locClientSendReq line 2405 QMI_LOC_INJECT_WIFI_POSITION_REQ_V02
E/LocSvc_ApiV02(  909): I/<--- void globalRespCb(locClientHandleType, uint32_t, locClientRespIndUnionType, void*) line 106 QMI_LOC_INJECT_WIFI_POSITION_REQ_V02
D/StatusBar.MSimNetworkController( 1052): refreshViews subscription =0mMSimDataConnected =false
D/StatusBar.MSimNetworkController( 1052): refreshViews mMSimDataActivity =0
D/StatusBar.MSimNetworkController( 1052): refreshViews: Data not connected!! Set no data type icon / Roaming for subscription: 0
D/StatusBar.MSimNetworkController( 1052): refreshViews connected={ wifi } level=0 mMSimcombinedSignalIconId=0x7f0202b4/com.android.systemui:drawable/stat_sys_wifi_signal_4_fully mMSimcombinedActivityIconId=0x7f0202ae mAirplaneMode=false mMSimDataActivity=0 mMSimPhoneSignalIconId=0x7f0202a3/com.android.systemui:drawable/stat_sys_signal_null_1 mMSimDataDirectionIconId=0x0 mMSimDataSignalIconId=0x7f0202a3 mMSimDataTypeIconId=0x0/(null) mNoMSimIconId=0x7f0200d6/com.android.systemui:drawable/stat_sys_no_sim_1 mMSimMobileActivityIconId=0x0/(null) mWifiIconId=0x7f0202b4 mBluetoothTetherIconId=0x10805e2
D/StatusBar.MSimNetworkController( 1052): refreshSignalCluster, mMSimPhoneSignalIconId[0]=com.android.systemui:drawable/stat_sys_signal_null_1 mMSimDataSignalIconId[0]=com.android.systemui:drawable/stat_sys_signal_null_1 mMSimDataTypeIconId[0]=(null) mMSimMobileActivityIconId[0]=(null) mNoMSimIconId[0]=com.android.systemui:drawable/stat_sys_no_sim_1
D/StatusBar.MSimNetworkController( 1052): refreshSignalCluster, mMSimPhoneSignalIconId[0]=com.android.systemui:drawable/stat_sys_signal_null_1 mMSimDataSignalIconId[0]=com.android.systemui:drawable/stat_sys_signal_null_1 mMSimDataTypeIconId[0]=(null) mMSimMobileActivityIconId[0]=(null) mNoMSimIconId[0]=com.android.systemui:drawable/stat_sys_no_sim_1
D/dalvikvm(10422): GC_FOR_ALLOC freed 550K, 39% free 4540K/7356K, paused 22ms, total 23ms
V/WLAN_PSA(  235): NL MSG, len[048], NL type[0x11] WNI type[0x5050] len[028]
D/StatusBar.MSimNetworkController( 1052): refreshViews subscription =0mMSimDataConnected =false
D/StatusBar.MSimNetworkController( 1052): refreshViews mMSimDataActivity =0
D/StatusBar.MSimNetworkController( 1052): refreshViews: Data not connected!! Set no data type icon / Roaming for subscription: 0
D/StatusBar.MSimNetworkController( 1052): refreshViews connected={ wifi } level=0 mMSimcombinedSignalIconId=0x7f0202b4/com.android.systemui:drawable/stat_sys_wifi_signal_4_fully mMSimcombinedActivityIconId=0x7f0202ad mAirplaneMode=false mMSimDataActivity=0 mMSimPhoneSignalIconId=0x7f0202a3/com.android.systemui:drawable/stat_sys_signal_null_1 mMSimDataDirectionIconId=0x0 mMSimDataSignalIconId=0x7f0202a3 mMSimDataTypeIconId=0x0/(null) mNoMSimIconId=0x7f0200d6/com.android.systemui:drawable/stat_sys_no_sim_1 mMSimMobileActivityIconId=0x0/(null) mWifiIconId=0x7f0202b4 mBluetoothTetherIconId=0x10805e2
D/StatusBar.MSimNetworkController( 1052): refreshSignalCluster, mMSimPhoneSignalIconId[0]=com.android.systemui:drawable/stat_sys_signal_null_1 mMSimDataSignalIconId[0]=com.android.systemui:drawable/stat_sys_signal_null_1 mMSimDataTypeIconId[0]=(null) mMSimMobileActivityIconId[0]=(null) mNoMSimIconId[0]=com.android.systemui:drawable/stat_sys_no_sim_1
D/StatusBar.MSimNetworkController( 1052): refreshSignalCluster, mMSimPhoneSignalIconId[0]=com.android.systemui:drawable/stat_sys_signal_null_1 mMSimDataSignalIconId[0]=com.android.systemui:drawable/stat_sys_signal_null_1 mMSimDataTypeIconId[0]=(null) mMSimMobileActivityIconId[0]=(null) mNoMSimIconId[0]=com.android.systemui:drawable/stat_sys_no_sim_1
D/wpa_supplicant( 1132): RX ctrl_iface - hexdump(len=11): 53 49 47 4e 41 4c 5f 50 4f 4c 4c
D/wpa_supplicant( 1132): wlan0: Control interface command 'SIGNAL_POLL'
D/wpa_supplicant( 1132): nl80211: survey data missing!
D/wpa_supplicant( 1132): RX ctrl_iface - hexdump(len=11): 53 49 47 4e 41 4c 5f 50 4f 4c 4c
D/wpa_supplicant( 1132): wlan0: Control interface command 'SIGNAL_POLL'
D/wpa_supplicant( 1132): nl80211: survey data missing!
V/WLAN_PSA(  235): NL MSG, len[048], NL type[0x11] WNI type[0x5050] len[028]
D/wpa_supplicant( 1132): RX ctrl_iface - hexdump(len=11): 53 49 47 4e 41 4c 5f 50 4f 4c 4c
D/wpa_supplicant( 1132): wlan0: Control interface command 'SIGNAL_POLL'
D/wpa_supplicant( 1132): nl80211: survey data missing!
D/dalvikvm( 1052): GC_FOR_ALLOC freed 2073K, 28% free 11726K/16120K, paused 36ms, total 38ms
D/dalvikvm(10422): GC_FOR_ALLOC freed 611K, 39% free 4512K/7356K, paused 16ms, total 17ms
V/WLAN_PSA(  235): NL MSG, len[048], NL type[0x11] WNI type[0x5050] len[028]
D/wpa_supplicant( 1132): RX ctrl_iface - hexdump(len=11): 53 49 47 4e 41 4c 5f 50 4f 4c 4c
D/wpa_supplicant( 1132): wlan0: Control interface command 'SIGNAL_POLL'
D/wpa_supplicant( 1132): nl80211: survey data missing!
D/wpa_supplicant( 1132): RX ctrl_iface - hexdump(len=11): 53 49 47 4e 41 4c 5f 50 4f 4c 4c
D/wpa_supplicant( 1132): wlan0: Control interface command 'SIGNAL_POLL'
D/wpa_supplicant( 1132): nl80211: survey data missing!
V/WLAN_PSA(  235): NL MSG, len[048], NL type[0x11] WNI type[0x5050] len[028]
D/wpa_supplicant( 1132): RX ctrl_iface - hexdump(len=11): 53 49 47 4e 41 4c 5f 50 4f 4c 4c
D/wpa_supplicant( 1132): wlan0: Control interface command 'SIGNAL_POLL'
D/wpa_supplicant( 1132): nl80211: survey data missing!
D/dalvikvm(10422): GC_FOR_ALLOC freed 573K, 39% free 4513K/7356K, paused 22ms, total 22ms
D/dalvikvm(12201): GC_FOR_ALLOC freed 512K, 24% free 3362K/4388K, paused 12ms, total 12ms
D/wpa_supplicant( 1132): RX ctrl_iface - hexdump(len=11): 53 49 47 4e 41 4c 5f 50 4f 4c 4c
D/wpa_supplicant( 1132): wlan0: Control interface command 'SIGNAL_POLL'
D/wpa_supplicant( 1132): nl80211: survey data missing!
V/WLAN_PSA(  235): NL MSG, len[048], NL type[0x11] WNI type[0x5050] len[028]
V/AlarmManager(  909): Checking for alarms... rtc=1453716960002, elapsed=1634084
V/AlarmManager(  909): sending alarm Alarm{42096238 type 3 android}
V/AlarmManager(  909): Received TIME_TICK alarm; rescheduling
V/AlarmManager(  909): set(PendingIntent{41bc4c08: PendingIntentRecord{41c1e270 android broadcastIntent}}) : type=3 triggerAtTime=1694081 win=0 tElapsed=1694081 maxElapsed=1694081 interval=0 standalone=true
W/MountService(  909): getVolumeState(/storage/emulated/0/external_sd): Unknown volume
W/MountService(  909): getVolumeState(/mnt/sdcard-ext): Unknown volume
W/MountService(  909): getVolumeState(/mnt/ext_sdcard): Unknown volume
W/MountService(  909): getVolumeState(/mnt/sdcard2): Unknown volume
W/MountService(  909): getVolumeState(/mnt/emmc): Unknown volume
W/MountService(  909): getVolumeState(/mnt/extSdCard): Unknown volume
W/MountService(  909): getVolumeState(/mnt/sdcard/SD_CARD): Unknown volume
W/MountService(  909): getVolumeState(/mnt/sdcard/extra_sd): Unknown volume
W/MountService(  909): getVolumeState(/mnt/extrasd_bind): Unknown volume
W/MountService(  909): getVolumeState(/mnt/sdcard/ext_sd): Unknown volume
W/MountService(  909): getVolumeState(/storage/extSdCard): Unknown volume
W/MountService(  909): getVolumeState(/mnt/sdcard/external_SD): Unknown volume
W/MountService(  909): getVolumeState(/mnt/sdcard/external_sd): Unknown volume
D/dalvikvm(10422): GC_FOR_ALLOC freed 556K, 39% free 4533K/7356K, paused 17ms, total 17ms
D/dalvikvm(10422): GC_FOR_ALLOC freed 536K, 38% free 4570K/7356K, paused 15ms, total 15ms
W/MountService(  909): getVolumeState(/storage/emulated/0/external_sd): Unknown volume
W/MountService(  909): getVolumeState(/mnt/sdcard-ext): Unknown volume
W/MountService(  909): getVolumeState(/mnt/ext_sdcard): Unknown volume
W/MountService(  909): getVolumeState(/mnt/sdcard2): Unknown volume
W/MountService(  909): getVolumeState(/mnt/emmc): Unknown volume
W/MountService(  909): getVolumeState(/mnt/extSdCard): Unknown volume
W/MountService(  909): getVolumeState(/mnt/sdcard/SD_CARD): Unknown volume
W/MountService(  909): getVolumeState(/mnt/sdcard/extra_sd): Unknown volume
W/MountService(  909): getVolumeState(/mnt/extrasd_bind): Unknown volume
W/MountService(  909): getVolumeState(/mnt/sdcard/ext_sd): Unknown volume
W/MountService(  909): getVolumeState(/storage/extSdCard): Unknown volume
W/MountService(  909): getVolumeState(/mnt/sdcard/external_SD): Unknown volume
W/MountService(  909): getVolumeState(/mnt/sdcard/external_sd): Unknown volume
D/wpa_supplicant( 1132): RX ctrl_iface - hexdump(len=11): 53 49 47 4e 41 4c 5f 50 4f 4c 4c
D/wpa_supplicant( 1132): wlan0: Control interface command 'SIGNAL_POLL'
D/wpa_supplicant( 1132): nl80211: survey data missing!
D/dalvikvm(10422): GC_FOR_ALLOC freed 644K, 39% free 4520K/7356K, paused 29ms, total 29ms
V/WLAN_PSA(  235): NL MSG, len[048], NL type[0x11] WNI type[0x5050] len[028]
W/ProcessCpuTracker(  909): Skipping unknown process pid 25313
D/wpa_supplicant( 1132): RX ctrl_iface - hexdump(len=11): 53 49 47 4e 41 4c 5f 50 4f 4c 4c
D/wpa_supplicant( 1132): wlan0: Control interface command 'SIGNAL_POLL'
D/wpa_supplicant( 1132): nl80211: survey data missing!
D/wpa_supplicant( 1132): RX ctrl_iface - hexdump(len=11): 53 49 47 4e 41 4c 5f 50 4f 4c 4c
D/wpa_supplicant( 1132): wlan0: Control interface command 'SIGNAL_POLL'
D/wpa_supplicant( 1132): nl80211: survey data missing!
V/WLAN_PSA(  235): NL MSG, len[048], NL type[0x11] WNI type[0x5050] len[028]
D/wpa_supplicant( 1132): RX ctrl_iface - hexdump(len=11): 53 49 47 4e 41 4c 5f 50 4f 4c 4c
D/wpa_supplicant( 1132): wlan0: Control interface command 'SIGNAL_POLL'
D/wpa_supplicant( 1132): nl80211: survey data missing!
D/dalvikvm(10422): GC_FOR_ALLOC freed 575K, 39% free 4521K/7356K, paused 22ms, total 22ms
D/StatusBar.MSimNetworkController( 1052): refreshViews subscription =0mMSimDataConnected =false
D/StatusBar.MSimNetworkController( 1052): refreshViews mMSimDataActivity =0
D/StatusBar.MSimNetworkController( 1052): refreshViews: Data not connected!! Set no data type icon / Roaming for subscription: 0
D/StatusBar.MSimNetworkController( 1052): refreshViews connected={ wifi } level=0 mMSimcombinedSignalIconId=0x7f0202b4/com.android.systemui:drawable/stat_sys_wifi_signal_4_fully mMSimcombinedActivityIconId=0x7f0202ae mAirplaneMode=false mMSimDataActivity=0 mMSimPhoneSignalIconId=0x7f0202a3/com.android.systemui:drawable/stat_sys_signal_null_1 mMSimDataDirectionIconId=0x0 mMSimDataSignalIconId=0x7f0202a3 mMSimDataTypeIconId=0x0/(null) mNoMSimIconId=0x7f0200d6/com.android.systemui:drawable/stat_sys_no_sim_1 mMSimMobileActivityIconId=0x0/(null) mWifiIconId=0x7f0202b4 mBluetoothTetherIconId=0x10805e2
D/StatusBar.MSimNetworkController( 1052): refreshSignalCluster, mMSimPhoneSignalIconId[0]=com.android.systemui:drawable/stat_sys_signal_null_1 mMSimDataSignalIconId[0]=com.android.systemui:drawable/stat_sys_signal_null_1 mMSimDataTypeIconId[0]=(null) mMSimMobileActivityIconId[0]=(null) mNoMSimIconId[0]=com.android.systemui:drawable/stat_sys_no_sim_1
D/StatusBar.MSimNetworkController( 1052): refreshSignalCluster, mMSimPhoneSignalIconId[0]=com.android.systemui:drawable/stat_sys_signal_null_1 mMSimDataSignalIconId[0]=com.android.systemui:drawable/stat_sys_signal_null_1 mMSimDataTypeIconId[0]=(null) mMSimMobileActivityIconId[0]=(null) mNoMSimIconId[0]=com.android.systemui:drawable/stat_sys_no_sim_1
D/wpa_supplicant( 1132): RX ctrl_iface - hexdump(len=11): 53 49 47 4e 41 4c 5f 50 4f 4c 4c
D/wpa_supplicant( 1132): wlan0: Control interface command 'SIGNAL_POLL'
D/wpa_supplicant( 1132): nl80211: survey data missing!
D/StatusBar.MSimNetworkController( 1052): refreshViews subscription =0mMSimDataConnected =false
D/StatusBar.MSimNetworkController( 1052): refreshViews mMSimDataActivity =0
D/StatusBar.MSimNetworkController( 1052): refreshViews: Data not connected!! Set no data type icon / Roaming for subscription: 0
D/StatusBar.MSimNetworkController( 1052): refreshViews connected={ wifi } level=0 mMSimcombinedSignalIconId=0x7f0202b4/com.android.systemui:drawable/stat_sys_wifi_signal_4_fully mMSimcombinedActivityIconId=0x7f0202ad mAirplaneMode=false mMSimDataActivity=0 mMSimPhoneSignalIconId=0x7f0202a3/com.android.systemui:drawable/stat_sys_signal_null_1 mMSimDataDirectionIconId=0x0 mMSimDataSignalIconId=0x7f0202a3 mMSimDataTypeIconId=0x0/(null) mNoMSimIconId=0x7f0200d6/com.android.systemui:drawable/stat_sys_no_sim_1 mMSimMobileActivityIconId=0x0/(null) mWifiIconId=0x7f0202b4 mBluetoothTetherIconId=0x10805e2
D/StatusBar.MSimNetworkController( 1052): refreshSignalCluster, mMSimPhoneSignalIconId[0]=com.android.systemui:drawable/stat_sys_signal_null_1 mMSimDataSignalIconId[0]=com.android.systemui:drawable/stat_sys_signal_null_1 mMSimDataTypeIconId[0]=(null) mMSimMobileActivityIconId[0]=(null) mNoMSimIconId[0]=com.android.systemui:drawable/stat_sys_no_sim_1
D/StatusBar.MSimNetworkController( 1052): refreshSignalCluster, mMSimPhoneSignalIconId[0]=com.android.systemui:drawable/stat_sys_signal_null_1 mMSimDataSignalIconId[0]=com.android.systemui:drawable/stat_sys_signal_null_1 mMSimDataTypeIconId[0]=(null) mMSimMobileActivityIconId[0]=(null) mNoMSimIconId[0]=com.android.systemui:drawable/stat_sys_no_sim_1
V/WLAN_PSA(  235): NL MSG, len[048], NL type[0x11] WNI type[0x5050] len[028]
D/wpa_supplicant( 1132): RX ctrl_iface - hexdump(len=11): 53 49 47 4e 41 4c 5f 50 4f 4c 4c
D/wpa_supplicant( 1132): wlan0: Control interface command 'SIGNAL_POLL'
D/wpa_supplicant( 1132): nl80211: survey data missing!
V/WLAN_PSA(  235): NL MSG, len[048], NL type[0x11] WNI type[0x5050] len[028]
D/wpa_supplicant( 1132): RX ctrl_iface - hexdump(len=11): 53 49 47 4e 41 4c 5f 50 4f 4c 4c
D/wpa_supplicant( 1132): wlan0: Control interface command 'SIGNAL_POLL'
D/wpa_supplicant( 1132): nl80211: survey data missing!
D/dalvikvm(10422): GC_FOR_ALLOC freed 585K, 39% free 4513K/7356K, paused 23ms, total 23ms
D/wpa_supplicant( 1132): RX ctrl_iface - hexdump(len=11): 53 49 47 4e 41 4c 5f 50 4f 4c 4c
D/wpa_supplicant( 1132): wlan0: Control interface command 'SIGNAL_POLL'
D/wpa_supplicant( 1132): nl80211: survey data missing!
D/StatusBar.NetworkController( 1052): updateWifiIcons, mWifiIconId = com.android.systemui:drawable/stat_sys_wifi_signal_3_fully mQSWifiIconId = com.android.systemui:drawable/ic_qs_wifi_3
D/StatusBar.MSimNetworkController( 1052): refreshViews subscription =0mMSimDataConnected =false
D/StatusBar.MSimNetworkController( 1052): refreshViews mMSimDataActivity =0
D/StatusBar.MSimNetworkController( 1052): refreshViews: Data not connected!! Set no data type icon / Roaming for subscription: 0
D/StatusBar.MSimNetworkController( 1052): refreshViews connected={ wifi } level=0 mMSimcombinedSignalIconId=0x7f0202b3/com.android.systemui:drawable/stat_sys_wifi_signal_3_fully mMSimcombinedActivityIconId=0x7f0202ad mAirplaneMode=false mMSimDataActivity=0 mMSimPhoneSignalIconId=0x7f0202a3/com.android.systemui:drawable/stat_sys_signal_null_1 mMSimDataDirectionIconId=0x0 mMSimDataSignalIconId=0x7f0202a3 mMSimDataTypeIconId=0x0/(null) mNoMSimIconId=0x7f0200d6/com.android.systemui:drawable/stat_sys_no_sim_1 mMSimMobileActivityIconId=0x0/(null) mWifiIconId=0x7f0202b3 mBluetoothTetherIconId=0x10805e2
D/StatusBar.MSimNetworkController( 1052): refreshSignalCluster, mMSimPhoneSignalIconId[0]=com.android.systemui:drawable/stat_sys_signal_null_1 mMSimDataSignalIconId[0]=com.android.systemui:drawable/stat_sys_signal_null_1 mMSimDataTypeIconId[0]=(null) mMSimMobileActivityIconId[0]=(null) mNoMSimIconId[0]=com.android.systemui:drawable/stat_sys_no_sim_1
D/StatusBar.MSimNetworkController( 1052): refreshSignalCluster, mMSimPhoneSignalIconId[0]=com.android.systemui:drawable/stat_sys_signal_null_1 mMSimDataSignalIconId[0]=com.android.systemui:drawable/stat_sys_signal_null_1 mMSimDataTypeIconId[0]=(null) mMSimMobileActivityIconId[0]=(null) mNoMSimIconId[0]=com.android.systemui:drawable/stat_sys_no_sim_1
V/WLAN_PSA(  235): NL MSG, len[048], NL type[0x11] WNI type[0x5050] len[028]
D/VM_BMS  (  403): wake_lock acquired
D/VM_BMS  (  403): New BMS data - Size=56
D/VM_BMS  (  403): Start process_bms_data
D/VM_BMS  (  403): For batt_temp=224 fcc_mah=1872
D/VM_BMS  (  403): For ocv=3729130 batt_temp=224 soc=31
D/VM_BMS  (  403): fifo_count=5 acc_count=0
D/VM_BMS  (  403): INIT: ocv=3729130 last_ocv=3729130 batt_temp=224 soc=31
D/VM_BMS  (  403): For soc=31 batt_temp=224 slope=4400
D/VM_BMS  (  403): For soc=31 batt_temp=224 rbatt_sf=140
D/VM_BMS  (  403): rbatt_mohm_default=146, rbatt_mohm=204, sf=140 batt_temp=224
D/VM_BMS  (  403): For ocv=3729383 batt_temp=224 soc=31
D/VM_BMS  (  403): FIFO=0 fifo_avg=3.817672 rbatt=0.204000 slope=0.440000 ibatt=-0.433408 ocv=3.729383 soc=31 fcc_ah=1.872000 sample_count=128 sample_interval=70 seq_num=58
D/VM_BMS  (  403): For soc=31 batt_temp=224 slope=4400
D/VM_BMS  (  403): For soc=31 batt_temp=224 rbatt_sf=140
D/VM_BMS  (  403): rbatt_mohm_default=146, rbatt_mohm=204, sf=140 batt_temp=224
D/VM_BMS  (  403): For ocv=3729641 batt_temp=224 soc=31
D/VM_BMS  (  403): FIFO=1 fifo_avg=3.819439 rbatt=0.204000 slope=0.440000 ibatt=-0.440819 ocv=3.729641 soc=31 fcc_ah=1.872000 sample_count=128 sample_interval=70 seq_num=58
D/VM_BMS  (  403): For soc=31 batt_temp=224 slope=4400
D/VM_BMS  (  403): For soc=31 batt_temp=224 rbatt_sf=140
D/VM_BMS  (  403): rbatt_mohm_default=146, rbatt_mohm=204, sf=140 batt_temp=224
D/VM_BMS  (  403): For ocv=3729893 batt_temp=224 soc=31
D/VM_BMS  (  403): FIFO=2 fifo_avg=3.817665 rbatt=0.204000 slope=0.440000 ibatt=-0.430873 ocv=3.729893 soc=31 fcc_ah=1.872000 sample_count=128 sample_interval=70 seq_num=58
D/VM_BMS  (  403): For soc=31 batt_temp=224 slope=4400
D/VM_BMS  (  403): For soc=31 batt_temp=224 rbatt_sf=140
D/VM_BMS  (  403): rbatt_mohm_default=146, rbatt_mohm=204, sf=140 batt_temp=224
D/VM_BMS  (  403): For ocv=3730152 batt_temp=224 soc=31
D/VM_BMS  (  403): FIFO=3 fifo_avg=3.820331 rbatt=0.204000 slope=0.440000 ibatt=-0.442689 ocv=3.730152 soc=31 fcc_ah=1.872000 sample_count=128 sample_interval=70 seq_num=58
D/VM_BMS  (  403): For soc=31 batt_temp=224 slope=4400
D/VM_BMS  (  403): For soc=31 batt_temp=224 rbatt_sf=140
D/VM_BMS  (  403): rbatt_mohm_default=146, rbatt_mohm=204, sf=140 batt_temp=224
D/VM_BMS  (  403): For ocv=3730412 batt_temp=224 soc=31
D/VM_BMS  (  403): FIFO=4 fifo_avg=3.821224 rbatt=0.204000 slope=0.440000 ibatt=-0.445793 ocv=3.730413 soc=31 fcc_ah=1.872000 sample_count=128 sample_interval=70 seq_num=58
I/VM_BMS  (  403): power_supply_update: ocv_uv=3730412 ibatt=-445792 soc=31 seq_num=58
D/VM_BMS  (  403): End process_bms_data
D/VM_BMS  (  403): wake_lock released
D/wpa_supplicant( 1132): RX ctrl_iface - hexdump(len=11): 53 49 47 4e 41 4c 5f 50 4f 4c 4c
D/wpa_supplicant( 1132): wlan0: Control interface command 'SIGNAL_POLL'
D/wpa_supplicant( 1132): nl80211: survey data missing!
D/StatusBar.NetworkController( 1052): updateWifiIcons, mWifiIconId = com.android.systemui:drawable/stat_sys_wifi_signal_4_fully mQSWifiIconId = com.android.systemui:drawable/ic_qs_wifi_4
D/StatusBar.MSimNetworkController( 1052): refreshViews subscription =0mMSimDataConnected =false
D/StatusBar.MSimNetworkController( 1052): refreshViews mMSimDataActivity =0
D/StatusBar.MSimNetworkController( 1052): refreshViews: Data not connected!! Set no data type icon / Roaming for subscription: 0
D/StatusBar.MSimNetworkController( 1052): refreshViews connected={ wifi } level=0 mMSimcombinedSignalIconId=0x7f0202b4/com.android.systemui:drawable/stat_sys_wifi_signal_4_fully mMSimcombinedActivityIconId=0x7f0202ad mAirplaneMode=false mMSimDataActivity=0 mMSimPhoneSignalIconId=0x7f0202a3/com.android.systemui:drawable/stat_sys_signal_null_1 mMSimDataDirectionIconId=0x0 mMSimDataSignalIconId=0x7f0202a3 mMSimDataTypeIconId=0x0/(null) mNoMSimIconId=0x7f0200d6/com.android.systemui:drawable/stat_sys_no_sim_1 mMSimMobileActivityIconId=0x0/(null) mWifiIconId=0x7f0202b4 mBluetoothTetherIconId=0x10805e2
D/StatusBar.MSimNetworkController( 1052): refreshSignalCluster, mMSimPhoneSignalIconId[0]=com.android.systemui:drawable/stat_sys_signal_null_1 mMSimDataSignalIconId[0]=com.android.systemui:drawable/stat_sys_signal_null_1 mMSimDataTypeIconId[0]=(null) mMSimMobileActivityIconId[0]=(null) mNoMSimIconId[0]=com.android.systemui:drawable/stat_sys_no_sim_1
D/StatusBar.MSimNetworkController( 1052): refreshSignalCluster, mMSimPhoneSignalIconId[0]=com.android.systemui:drawable/stat_sys_signal_null_1 mMSimDataSignalIconId[0]=com.android.systemui:drawable/stat_sys_signal_null_1 mMSimDataTypeIconId[0]=(null) mMSimMobileActivityIconId[0]=(null) mNoMSimIconId[0]=com.android.systemui:drawable/stat_sys_no_sim_1
D/wpa_supplicant( 1132): RX ctrl_iface - hexdump(len=11): 53 49 47 4e 41 4c 5f 50 4f 4c 4c
D/wpa_supplicant( 1132): wlan0: Control interface command 'SIGNAL_POLL'
D/wpa_supplicant( 1132): nl80211: survey data missing!
I/Process (20924): Sending signal. PID: 20924 SIG: 9
I/ActivityManager(  909): Process com.yishu.idcarder (pid 20924) has died.
I/WindowState(  909): WIN DEATH: Window{4219a718 u0 com.yishu.idcarder/com.yishu.idcarder.LoginActivity}
I/WindowState(  909): WIN DEATH: Window{41eaaac8 u0 com.yishu.idcarder/com.yishu.idcarder.MainActivity}
I/ActivityManager(  909): Start proc com.yishu.idcarder for activity com.yishu.idcarder/.LoginActivity: pid=25695 uid=10066 gids={50066, 3002, 3003}
D/dalvikvm(25695): Late-enabling CheckJNI
D/ActivityThread(25695): handleBindApplication:com.yishu.idcarder
D/ActivityThread(25695): setTargetHeapUtilization:0.75
D/ActivityThread(25695): setTargetHeapMinFree:524288
W/dalvikvm(25695): VFY: unable to find class referenced in signature (Landroid/view/SearchEvent;)
I/dalvikvm(25695): Could not find method android.view.Window$Callback.onSearchRequested, referenced from method android.support.v7.internal.view.WindowCallbackWrapper.onSearchRequested
W/dalvikvm(25695): VFY: unable to resolve interface method 15553: Landroid/view/Window$Callback;.onSearchRequested (Landroid/view/SearchEvent;)Z
D/dalvikvm(25695): VFY: replacing opcode 0x72 at 0x0002
I/dalvikvm(25695): Could not find method android.view.Window$Callback.onWindowStartingActionMode, referenced from method android.support.v7.internal.view.WindowCallbackWrapper.onWindowStartingActionMode
W/dalvikvm(25695): VFY: unable to resolve interface method 15557: Landroid/view/Window$Callback;.onWindowStartingActionMode (Landroid/view/ActionMode$Callback;I)Landroid/view/ActionMode;
D/dalvikvm(25695): VFY: replacing opcode 0x72 at 0x0002
I/dalvikvm(25695): Could not find method android.content.res.Resources.getDrawable, referenced from method android.support.v7.internal.widget.ResourcesWrapper.getDrawable
W/dalvikvm(25695): VFY: unable to resolve virtual method 411: Landroid/content/res/Resources;.getDrawable (ILandroid/content/res/Resources$Theme;)Landroid/graphics/drawable/Drawable;
D/dalvikvm(25695): VFY: replacing opcode 0x6e at 0x0002
I/dalvikvm(25695): Could not find method android.content.res.Resources.getDrawableForDensity, referenced from method android.support.v7.internal.widget.ResourcesWrapper.getDrawableForDensity
W/dalvikvm(25695): VFY: unable to resolve virtual method 413: Landroid/content/res/Resources;.getDrawableForDensity (IILandroid/content/res/Resources$Theme;)Landroid/graphics/drawable/Drawable;
D/dalvikvm(25695): VFY: replacing opcode 0x6e at 0x0002
I/Adreno-EGL(25695): <qeglDrvAPI_eglInitialize:410>: EGL 1.4 QUALCOMM build:  ()
I/Adreno-EGL(25695): OpenGL ES Shader Compiler Version: E031.24.02.07
I/Adreno-EGL(25695): Build Date: 09/24/14 Wed
I/Adreno-EGL(25695): Local Branch: 
I/Adreno-EGL(25695): Remote Branch: 
I/Adreno-EGL(25695): Local Patches: 
I/Adreno-EGL(25695): Reconstruct Branch: 
D/OpenGLRenderer(25695): Enabling debug mode 0
W/Binder  ( 1166): Caught a RuntimeException from the binder stub implementation.
W/Binder  ( 1166): java.lang.NullPointerException
W/Binder  ( 1166): 	at android.inputmethodservice.IInputMethodWrapper.setSessionEnabled(IInputMethodWrapper.java:280)
W/Binder  ( 1166): 	at com.android.internal.view.IInputMethod$Stub.onTransact(IInputMethod.java:129)
W/Binder  ( 1166): 	at android.os.Binder.execTransact(Binder.java:404)
W/Binder  ( 1166): 	at dalvik.system.NativeStart.run(Native Method)
W/InputMethodManagerService(  909): Got RemoteException sending setActive(false) notification to pid 20924 uid 10066
I/Timeline(25695): Timeline: Activity_idle id: android.os.BinderProxy@419137d8 time:1664013
I/ActivityManager(  909): Displayed com.yishu.idcarder/.LoginActivity: +371ms
I/Timeline(  909): Timeline: Activity_windows_visible id: ActivityRecord{41d879d0 u0 com.yishu.idcarder/.LoginActivity t12} time:1664031
V/WLAN_PSA(  235): NL MSG, len[048], NL type[0x11] WNI type[0x5050] len[028]
D/dalvikvm(  909): GC_FOR_ALLOC freed 1575K, 35% free 9890K/15212K, paused 55ms, total 56ms
D/dalvikvm(  909): GC_FOR_ALLOC freed 156K, 36% free 9840K/15212K, paused 42ms, total 42ms
I/ActivityManager(  909): START u0 {act=android.intent.action.MAIN cat=[android.intent.category.HOME] flg=0x10200000 cmp=com.android.launcher/com.android.launcher2.Launcher} from pid 909
D/dalvikvm(  909): GC_FOR_ALLOC freed 25K, 35% free 9926K/15212K, paused 48ms, total 48ms
I/dalvikvm-heap(  909): Grow heap (frag case) to 10.372MB for 107272-byte allocation
E/HomeEventObserver(10942): [main:1] g.onReceive(79): action: android.intent.action.CLOSE_SYSTEM_DIALOGS,reason: homekey
D/Launcher( 1233): Broadcasting Home Idle Screen Intent ...
I/Adreno-EGL( 1233): <qeglDrvAPI_eglInitialize:410>: EGL 1.4 QUALCOMM build:  ()
I/Adreno-EGL( 1233): OpenGL ES Shader Compiler Version: E031.24.02.07
I/Adreno-EGL( 1233): Build Date: 09/24/14 Wed
I/Adreno-EGL( 1233): Local Branch: 
I/Adreno-EGL( 1233): Remote Branch: 
I/Adreno-EGL( 1233): Local Patches: 
I/Adreno-EGL( 1233): Reconstruct Branch: 
W/IInputConnectionWrapper(25695): showStatusIcon on inactive InputConnection
W/InputMethodManagerService(  909): Starting input on non-focused client com.android.internal.view.IInputMethodClient$Stub$Proxy@41dd2868 (uid=10066 pid=25695)
I/Timeline( 1233): Timeline: Activity_idle id: android.os.BinderProxy@419121e8 time:1665634
I/Timeline(  909): Timeline: Activity_windows_visible id: ActivityRecord{41ca27b8 u0 com.android.launcher/com.android.launcher2.Launcher t1} time:1666059
I/ActivityManager(  909): Start proc com.qihoo360.mobilesafe:FloatWindow for service com.qihoo360.mobilesafe/.floatwin.service.FloatService: pid=25768 uid=10064 gids={50064, 1028, 1015, 1023, 3003, 3002, 3001}
D/SensorManager(11340): registerListenerImpl sensor:ft5x06-proximity
D/SensorManager(11340): registerListenerImpl abort  
D/SensorManager(11340): registerListenerImpl sensor:kxtj2-1009-accel
D/SensorManager(11340): addSensor sensor:kxtj2-1009-accel
D/SensorManager(11340): enableSensor sensor:kxtj2-1009-accel
E/Sensors (  909): activate handle:0, enabled:1
D/ActivityThread(25768): handleBindApplication:com.qihoo360.mobilesafe:FloatWindow
D/ActivityThread(25768): setTargetHeapUtilization:0.75
D/ActivityThread(25768): setTargetHeapMinFree:524288
W/dalvikvm(25768): Unable to resolve superclass of Lcom/qihoo360/mobilesafe/service/KLJobService; (393)
W/dalvikvm(25768): Link of class 'Lcom/qihoo360/mobilesafe/service/KLJobService;' failed
E/dalvikvm(25768): Could not find class 'com.qihoo360.mobilesafe.service.KLJobService', referenced from method com.qihoo360.mobilesafe.ui.index.MobileSafeApplication.s
W/dalvikvm(25768): VFY: unable to resolve const-class 2570 (Lcom/qihoo360/mobilesafe/service/KLJobService;) in Lcom/qihoo360/mobilesafe/ui/index/MobileSafeApplication;
D/dalvikvm(25768): VFY: replacing opcode 0x1c at 0x0015
I/ws000   (25768): runtime.process.name=com.qihoo360.mobilesafe:FloatWindow
I/ws000   (25768): process ui=false persist=false persistUI=false crash=false contact=false barcode=false permm=false v=6.3.1.1056
D/dalvikvm(25768): Trying to load lib /data/data/com.qihoo360.mobilesafe/lib/libipc_pref.600.11.so 0x419184e0
D/dalvikvm(25768): Added shared lib /data/data/com.qihoo360.mobilesafe/lib/libipc_pref.600.11.so 0x419184e0
D/dalvikvm(25768): Trying to load lib /data/data/com.qihoo360.mobilesafe/lib/libmobilesafe360-jni-600.9.so 0x419184e0
D/dalvikvm(25768): Added shared lib /data/data/com.qihoo360.mobilesafe/lib/libmobilesafe360-jni-600.9.so 0x419184e0
I/NativeMainLoader(25768): load main so success
D/dalvikvm(25768): Trying to load lib /data/data/com.qihoo360.mobilesafe/lib/libbreakpad-jni-1.5.so 0x419184e0
D/dalvikvm(25768): Added shared lib /data/data/com.qihoo360.mobilesafe/lib/libbreakpad-jni-1.5.so 0x419184e0
