W/MountService(  909): getVolumeState(/mnt/emmc): Unknown volume
W/MountService(  909): getVolumeState(/mnt/extSdCard): Unknown volume
W/MountService(  909): getVolumeState(/mnt/sdcard/SD_CARD): Unknown volume
W/MountService(  909): getVolumeState(/mnt/sdcard/extra_sd): Unknown volume
W/MountService(  909): getVolumeState(/mnt/extrasd_bind): Unknown volume
W/MountService(  909): getVolumeState(/mnt/sdcard/ext_sd): Unknown volume
W/MountService(  909): getVolumeState(/storage/extSdCard): Unknown volume
W/MountService(  909): getVolumeState(/mnt/sdcard/external_SD): Unknown volume
W/MountService(  909): getVolumeState(/mnt/sdcard/external_sd): Unknown volume
I/ActivityManager(  909): Start proc com.qihoo360.mobilesafe:FloatWindow for service com.qihoo360.mobilesafe/.floatwin.service.FloatService: pid=20422 uid=10064 gids={50064, 1028, 1015, 1023, 3003, 3002, 3001}
D/StatusBar.MSimNetworkController( 1052): refreshViews subscription =0mMSimDataConnected =false
D/StatusBar.MSimNetworkController( 1052): refreshViews mMSimDataActivity =0
D/StatusBar.MSimNetworkController( 1052): refreshViews: Data not connected!! Set no data type icon / Roaming for subscription: 0
D/StatusBar.MSimNetworkController( 1052): refreshViews connected={ wifi } level=0 mMSimcombinedSignalIconId=0x7f0202b4/com.android.systemui:drawable/stat_sys_wifi_signal_4_fully mMSimcombinedActivityIconId=0x7f0202ad mAirplaneMode=false mMSimDataActivity=0 mMSimPhoneSignalIconId=0x7f0202a3/com.android.systemui:drawable/stat_sys_signal_null_1 mMSimDataDirectionIconId=0x0 mMSimDataSignalIconId=0x7f0202a3 mMSimDataTypeIconId=0x0/(null) mNoMSimIconId=0x7f0200d6/com.android.systemui:drawable/stat_sys_no_sim_1 mMSimMobileActivityIconId=0x0/(null) mWifiIconId=0x7f0202b4 mBluetoothTetherIconId=0x10805e2
D/StatusBar.MSimNetworkController( 1052): refreshSignalCluster, mMSimPhoneSignalIconId[0]=com.android.systemui:drawable/stat_sys_signal_null_1 mMSimDataSignalIconId[0]=com.android.systemui:drawable/stat_sys_signal_null_1 mMSimDataTypeIconId[0]=(null) mMSimMobileActivityIconId[0]=(null) mNoMSimIconId[0]=com.android.systemui:drawable/stat_sys_no_sim_1
D/StatusBar.MSimNetworkController( 1052): refreshSignalCluster, mMSimPhoneSignalIconId[0]=com.android.systemui:drawable/stat_sys_signal_null_1 mMSimDataSignalIconId[0]=com.android.systemui:drawable/stat_sys_signal_null_1 mMSimDataTypeIconId[0]=(null) mMSimMobileActivityIconId[0]=(null) mNoMSimIconId[0]=com.android.systemui:drawable/stat_sys_no_sim_1
I/ActivityManager(  909): START u0 {act=android.intent.action.MAIN cat=[android.intent.category.LAUNCHER] flg=0x10200000 cmp=com.android.settings/.Settings bnds=[240,550][360,700]} from pid 1233
I/ActivityManager(  909): Start proc com.android.settings for activity com.android.settings/.Settings: pid=20492 uid=1000 gids={41000, 3002, 3001, 3003, 1028, 1015, 1023, 3009, 3010, 1021, 3004, 3005, 1000, 1010, 3006}
W/ContextImpl(20492): Calling a method in the system process without a qualified user: android.app.ContextImpl.bindService:1559 android.content.ContextWrapper.bindService:517 android.bluetooth.BluetoothA2dp.doBind:165 android.bluetooth.BluetoothA2dp.<init>:158 android.bluetooth.BluetoothAdapter.getProfileProxy:1367 
W/ContextImpl(20492): Calling a method in the system process without a qualified user: android.app.ContextImpl.bindService:1559 android.content.ContextWrapper.bindService:517 android.bluetooth.BluetoothHeadset.doBind:283 android.bluetooth.BluetoothHeadset.<init>:276 android.bluetooth.BluetoothAdapter.getProfileProxy:1364 
W/ContextImpl(20492): Calling a method in the system process without a qualified user: android.app.ContextImpl.bindService:1559 android.content.ContextWrapper.bindService:517 android.bluetooth.BluetoothInputDevice.doBind:256 android.bluetooth.BluetoothInputDevice.<init>:249 android.bluetooth.BluetoothAdapter.getProfileProxy:1370 
W/ContextImpl(20492): Calling a method in the system process without a qualified user: android.app.ContextImpl.bindService:1559 android.content.ContextWrapper.bindService:517 android.bluetooth.BluetoothPan.doBind:148 android.bluetooth.BluetoothPan.<init>:141 android.bluetooth.BluetoothAdapter.getProfileProxy:1373 
W/ContextImpl(20492): Calling a method in the system process without a qualified user: android.app.ContextImpl.bindService:1559 android.content.ContextWrapper.bindService:517 android.bluetooth.BluetoothMap.doBind:109 android.bluetooth.BluetoothMap.<init>:102 android.bluetooth.BluetoothAdapter.getProfileProxy:1385 
W/ContextImpl(20492): Calling a method in the system process without a qualified user: android.app.ContextImpl.bindService:1559 android.content.ContextWrapper.bindService:517 android.bluetooth.BluetoothSap.doBind:108 android.bluetooth.BluetoothSap.<init>:101 android.bluetooth.BluetoothAdapter.getProfileProxy:1376 
W/ContextImpl(20492): Calling a method in the system process without a qualified user: android.app.ContextImpl.bindService:1559 android.content.ContextWrapper.bindService:517 android.bluetooth.BluetoothDun.doBind:108 android.bluetooth.BluetoothDun.<init>:101 android.bluetooth.BluetoothAdapter.getProfileProxy:1379 
W/ContextImpl(20492): Calling a method in the system process without a qualified user: android.app.ContextImpl.bindService:1559 android.content.ContextWrapper.bindService:517 android.bluetooth.BluetoothPbap.doBind:164 android.bluetooth.BluetoothPbap.<init>:157 com.android.settings.bluetooth.PbapServerProfile.<init>:68 
W/ContextImpl(20492): Calling a method in the system process without a qualified user: android.app.ContextImpl.bindService:1559 android.content.ContextWrapper.bindService:517 com.qualcomm.qti.phonefeature.PhoneServiceClient.<init>:29 java.lang.reflect.Constructor.constructNative:-2 java.lang.reflect.Constructor.newInstance:423 
D/StatusBar.MSimNetworkController( 1052): refreshViews subscription =0mMSimDataConnected =false
D/StatusBar.MSimNetworkController( 1052): refreshViews mMSimDataActivity =0
D/StatusBar.MSimNetworkController( 1052): refreshViews: Data not connected!! Set no data type icon / Roaming for subscription: 0
D/StatusBar.MSimNetworkController( 1052): refreshViews connected={ wifi } level=0 mMSimcombinedSignalIconId=0x7f0202b3/com.android.systemui:drawable/stat_sys_wifi_signal_3_fully mMSimcombinedActivityIconId=0x7f0202ad mAirplaneMode=false mMSimDataActivity=0 mMSimPhoneSignalIconId=0x7f0202a3/com.android.systemui:drawable/stat_sys_signal_null_1 mMSimDataDirectionIconId=0x0 mMSimDataSignalIconId=0x7f0202a3 mMSimDataTypeIconId=0x0/(null) mNoMSimIconId=0x7f0200d6/com.android.systemui:drawable/stat_sys_no_sim_1 mMSimMobileActivityIconId=0x0/(null) mWifiIconId=0x7f0202b3 mBluetoothTetherIconId=0x10805e2
D/StatusBar.MSimNetworkController( 1052): refreshSignalCluster, mMSimPhoneSignalIconId[0]=com.android.systemui:drawable/stat_sys_signal_null_1 mMSimDataSignalIconId[0]=com.android.systemui:drawable/stat_sys_signal_null_1 mMSimDataTypeIconId[0]=(null) mMSimMobileActivityIconId[0]=(null) mNoMSimIconId[0]=com.android.systemui:drawable/stat_sys_no_sim_1
D/StatusBar.MSimNetworkController( 1052): refreshSignalCluster, mMSimPhoneSignalIconId[0]=com.android.systemui:drawable/stat_sys_signal_null_1 mMSimDataSignalIconId[0]=com.android.systemui:drawable/stat_sys_signal_null_1 mMSimDataTypeIconId[0]=(null) mMSimMobileActivityIconId[0]=(null) mNoMSimIconId[0]=com.android.systemui:drawable/stat_sys_no_sim_1
D/WifiService(  909): setWifiEnabled: true pid=20492, uid=1000
I/ActivityManager(  909): Process com.android.defcontainer (pid 13749) has died.
I/ActivityManager(  909): Process com.android.gallery3d (pid 16700) has died.
I/ActivityManager(  909): START u0 {act=android.intent.action.MAIN cmp=com.android.settings/.SubSettings (has extras)} from pid 20492
W/ContextImpl(20492): Calling a method in the system process without a qualified user: android.app.ContextImpl.startService:1495 android.content.ContextWrapper.startService:494 android.content.ContextWrapper.startService:494 com.android.settings.bluetooth.DockEventReceiver.beginStartingService:134 com.android.settings.bluetooth.DockEventReceiver.onReceive:115 
--------- beginning of /dev/log/main
D/BluetoothManagerService(  909): Calling onQBluetoothServiceDown callbacks
D/BluetoothManagerService(  909): Broadcasting onQBluetoothServiceDown() to 0 receivers.
D/BluetoothManagerService(  909): unbindAndFinish(): android.bluetooth.IBluetooth$Stub$Proxy@419b5e30 mBinding = false
D/BluetoothManagerService(  909): Sending unbind request.
D/BluetoothManagerService(  909): Bluetooth State Change Intent: 13 -> 10
D/BluetoothMapService( 1648): cleanup()
D/BluetoothMapService( 1648): MAP Service closeService in
D/BluetoothMapService( 1648): MAP Service closeService in
D/BluetoothAdapter(20492): 1100036264: getState() :  mService = null. Returning STATE_OFF
D/BluetoothAdapter( 1052): 1100374720: getState() :  mService = null. Returning STATE_OFF
D/BluetoothAdapterService(1100113080)( 1648): getState(): mAdapterProperties: com.android.bluetooth.btservice.AdapterProperties@41928770
D/BluetoothAdapterService(1100113080)( 1648): onUnbind, calling cleanup
D/BluetoothAdapterService(1100113080)( 1648): cleanup()
D/BluetoothAdapterService( 1648): Cleaning up adapter native....
I/GKI_LINUX( 1648): gki_task_entry: gki_task task_id=1 [BTIF] terminating
I/GKI_LINUX( 1648): GKI_exit_task: GKI_exit_task 1 done
I/GKI_LINUX( 1648): GKI_destroy_task: GKI_shutdown(): task [BTIF] terminated
I/BluetoothServiceJni( 1648): cleanupNative: return from cleanup
D/BluetoothAdapterService( 1648): Done cleaning up adapter native....
D/BluetoothAdapterService(1100113080)( 1648): cleanup() done
D/BluetoothAdapterService(1100113080)( 1648): ****onDestroy()********
D/BtGatt.GattService( 1648): cleanup()
W/bt-btif ( 1648): GATTC Module not enabled/already disabled
W/bt-btif ( 1648): GATTS Module not enabled/already disabled
D/BluetoothAdapter(20492): 1100036264: getState() :  mService = null. Returning STATE_OFF
D/BluetoothAdapter(20492): 1100036264: getState() :  mService = null. Returning STATE_OFF
W/ContextImpl(20492): Calling a method in the system process without a qualified user: android.app.ContextImpl.startService:1495 android.content.ContextWrapper.startService:494 android.content.ContextWrapper.startService:494 com.android.settings.bluetooth.DockEventReceiver.beginStartingService:134 com.android.settings.bluetooth.DockEventReceiver.onReceive:115 
D/DockEventReceiver(20492): finishStartingService: stopping service
D/BluetoothAdapter(20492): 1100036264: getState() :  mService = null. Returning STATE_OFF
E/BTEventHandler( 1648): A4WP is not supported
V/BluetoothSapReceiver( 1648): SapReceiver onReceive 
V/BluetoothSapReceiver( 1648): action = android.bluetooth.adapter.action.STATE_CHANGED
V/BluetoothSapReceiver( 1648):  Bluetooth Adapter state = 10
E/BTEventHandler( 1648): A4WP is not supported
D/BluetoothAdapter(20492): 1100036264: getState() :  mService = null. Returning STATE_OFF
D/LocalBluetoothManager(20492): setting foreground activity to null
W/Settings(20492): Setting airplane_mode_on has moved from android.provider.Settings.System to android.provider.Settings.Global, returning read-only value.
D/BluetoothAdapter(20492): 1100036264: getState() :  mService = null. Returning STATE_OFF
W/Settings(20492): Setting airplane_mode_on has moved from android.provider.Settings.System to android.provider.Settings.Global, returning read-only value.
E/MSimPhoneGlobals( 1204): subscripton Index out of bounds java.lang.ArrayIndexOutOfBoundsException: length=2; index=2
W/MSimPhoneGlobals( 1204): msPhone object is null returning default phone
I/Lte4GEnabler(20492): get preferred network type=8
W/Settings(20492): Setting airplane_mode_on has moved from android.provider.Settings.System to android.provider.Settings.Global, returning read-only value.
W/Settings(20492): Setting airplane_mode_on has moved from android.provider.Settings.System to android.provider.Settings.Global, returning read-only value.
W/ResourceType(20492): No package identifier when getting value for resource number 0x00000000
I/Timeline(20492): Timeline: Activity_idle id: android.os.BinderProxy@419123e8 time:1346710
D/wpa_supplicant( 1132): RX ctrl_iface - hexdump(len=11): 53 49 47 4e 41 4c 5f 50 4f 4c 4c
D/wpa_supplicant( 1132): wlan0: Control interface command 'SIGNAL_POLL'
D/wpa_supplicant( 1132): nl80211: survey data missing!
I/Timeline(  909): Timeline: Activity_windows_visible id: ActivityRecord{41ee81b0 u0 com.android.settings/.Settings t11} time:1347013
D/dalvikvm(  909): GC_FOR_ALLOC freed 1538K, 35% free 9958K/15212K, paused 67ms, total 70ms
D/Launcher( 1233): Broadcasting Home Idle Screen Intent ...
I/Adreno-EGL( 1233): <qeglDrvAPI_eglInitialize:410>: EGL 1.4 QUALCOMM build:  ()
I/Adreno-EGL( 1233): OpenGL ES Shader Compiler Version: E031.24.02.07
I/Adreno-EGL( 1233): Build Date: 09/24/14 Wed
I/Adreno-EGL( 1233): Local Branch: 
I/Adreno-EGL( 1233): Remote Branch: 
I/Adreno-EGL( 1233): Local Patches: 
I/Adreno-EGL( 1233): Reconstruct Branch: 
I/Timeline( 1233): Timeline: Activity_idle id: android.os.BinderProxy@419121e8 time:1347668
I/ActivityManager(  909): Process com.android.musicfx (pid 16687) has died.
I/Timeline(  909): Timeline: Activity_windows_visible id: ActivityRecord{41ca27b8 u0 com.android.launcher/com.android.launcher2.Launcher t1} time:1348077
V/phone_client(20492): dispose(): Unbinding service
V/RenderScript( 1233): Application requested CPU execution
V/RenderScript( 1233): 0x5502c450 Launching thread(s), CPUs 4
V/WLAN_PSA(  235): NL MSG, len[048], NL type[0x11] WNI type[0x5050] len[028]
D/SensorManager(11340): registerListenerImpl sensor:ft5x06-proximity
D/SensorManager(11340): registerListenerImpl abort  
D/SensorManager(11340): registerListenerImpl sensor:kxtj2-1009-accel
D/SensorManager(11340): addSensor sensor:kxtj2-1009-accel
D/SensorManager(11340): enableSensor sensor:kxtj2-1009-accel
E/Sensors (  909): activate handle:0, enabled:1
D/dalvikvm( 1233): GC_FOR_ALLOC freed 471K, 22% free 5026K/6368K, paused 12ms, total 12ms
E/Sensors (  909): setDelay handle:0, ns:20000000
D/dalvikvm( 1233): GC_FOR_ALLOC freed 298K, 22% free 5024K/6368K, paused 17ms, total 17ms
I/Timeline( 1233): Timeline: Activity_launch_request id:com.yishu.idcarder time:1349408
I/ActivityManager(  909): START u0 {act=android.intent.action.MAIN cat=[android.intent.category.LAUNCHER] flg=0x10200000 cmp=com.yishu.idcarder/.LoginActivity bnds=[240,100][360,250]} from pid 1233
D/dalvikvm(  909): GC_FOR_ALLOC freed 541K, 35% free 9911K/15212K, paused 49ms, total 50ms
I/Adreno-EGL(20227): <qeglDrvAPI_eglInitialize:410>: EGL 1.4 QUALCOMM build:  ()
I/Adreno-EGL(20227): OpenGL ES Shader Compiler Version: E031.24.02.07
I/Adreno-EGL(20227): Build Date: 09/24/14 Wed
I/Adreno-EGL(20227): Local Branch: 
I/Adreno-EGL(20227): Remote Branch: 
I/Adreno-EGL(20227): Local Patches: 
I/Adreno-EGL(20227): Reconstruct Branch: 
I/Timeline(20227): Timeline: Activity_idle id: android.os.BinderProxy@4196ffd0 time:1349670
I/ActivityManager(  909): Displayed com.yishu.idcarder/.LoginActivity: +186ms
I/Timeline(  909): Timeline: Activity_windows_visible id: ActivityRecord{41d879d0 u0 com.yishu.idcarder/.LoginActivity t12} time:1349798
E/rsC++   ( 1233): RS Message thread exiting.
D/wpa_supplicant( 1132): RX ctrl_iface - hexdump(len=11): 53 49 47 4e 41 4c 5f 50 4f 4c 4c
D/wpa_supplicant( 1132): wlan0: Control interface command 'SIGNAL_POLL'
D/wpa_supplicant( 1132): nl80211: survey data missing!
D/StatusBar.NetworkController( 1052): updateWifiIcons, mWifiIconId = com.android.systemui:drawable/stat_sys_wifi_signal_4_fully mQSWifiIconId = com.android.systemui:drawable/ic_qs_wifi_4
D/StatusBar.MSimNetworkController( 1052): refreshViews subscription =0mMSimDataConnected =false
D/StatusBar.MSimNetworkController( 1052): refreshViews mMSimDataActivity =0
D/StatusBar.MSimNetworkController( 1052): refreshViews: Data not connected!! Set no data type icon / Roaming for subscription: 0
D/StatusBar.MSimNetworkController( 1052): refreshViews connected={ wifi } level=0 mMSimcombinedSignalIconId=0x7f0202b4/com.android.systemui:drawable/stat_sys_wifi_signal_4_fully mMSimcombinedActivityIconId=0x7f0202ad mAirplaneMode=false mMSimDataActivity=0 mMSimPhoneSignalIconId=0x7f0202a3/com.android.systemui:drawable/stat_sys_signal_null_1 mMSimDataDirectionIconId=0x0 mMSimDataSignalIconId=0x7f0202a3 mMSimDataTypeIconId=0x0/(null) mNoMSimIconId=0x7f0200d6/com.android.systemui:drawable/stat_sys_no_sim_1 mMSimMobileActivityIconId=0x0/(null) mWifiIconId=0x7f0202b4 mBluetoothTetherIconId=0x10805e2
D/StatusBar.MSimNetworkController( 1052): refreshSignalCluster, mMSimPhoneSignalIconId[0]=com.android.systemui:drawable/stat_sys_signal_null_1 mMSimDataSignalIconId[0]=com.android.systemui:drawable/stat_sys_signal_null_1 mMSimDataTypeIconId[0]=(null) mMSimMobileActivityIconId[0]=(null) mNoMSimIconId[0]=com.android.systemui:drawable/stat_sys_no_sim_1
D/StatusBar.MSimNetworkController( 1052): refreshSignalCluster, mMSimPhoneSignalIconId[0]=com.android.systemui:drawable/stat_sys_signal_null_1 mMSimDataSignalIconId[0]=com.android.systemui:drawable/stat_sys_signal_null_1 mMSimDataTypeIconId[0]=(null) mMSimMobileActivityIconId[0]=(null) mNoMSimIconId[0]=com.android.systemui:drawable/stat_sys_no_sim_1
D/dalvikvm(10422): GC_FOR_ALLOC freed 571K, 39% free 4492K/7356K, paused 29ms, total 29ms
D/dalvikvm(11340): GC_EXPLICIT freed 348K, 19% free 3986K/4912K, paused 3ms+5ms, total 78ms
D/dalvikvm(20227): GC_FOR_ALLOC freed 172K, 8% free 3203K/3448K, paused 13ms, total 14ms
I/Timeline(20227): Timeline: Activity_launch_request id:com.yishu.idcarder time:1350409
I/ActivityManager(  909): START u0 {cmp=com.yishu.idcarder/.MainActivity} from pid 20227
D/SensorManager(11340): unregisterListenerImpl  
D/SensorManager(11340): removeSensor sensor:kxtj2-1009-acceldisable: true
D/SensorManager(11340): disableSensor sensor:kxtj2-1009-accel
E/Sensors (  909): activate handle:0, enabled:0
D/SensorManager(11340): unregisterListenerImpl  
D/SensorManager(11340): unregisterListenerImpl abort  
I/Timeline(20227): Timeline: Activity_idle id: android.os.BinderProxy@419797c8 time:1350516
I/ActivityManager(  909): Displayed com.yishu.idcarder/.MainActivity: +109ms
I/Timeline(  909): Timeline: Activity_windows_visible id: ActivityRecord{41d99fb0 u0 com.yishu.idcarder/.MainActivity t12} time:1350844
D/wpa_supplicant( 1132): RX ctrl_iface - hexdump(len=11): 53 49 47 4e 41 4c 5f 50 4f 4c 4c
D/wpa_supplicant( 1132): wlan0: Control interface command 'SIGNAL_POLL'
D/wpa_supplicant( 1132): nl80211: survey data missing!
D/StatusBar.NetworkController( 1052): updateWifiIcons, mWifiIconId = com.android.systemui:drawable/stat_sys_wifi_signal_3_fully mQSWifiIconId = com.android.systemui:drawable/ic_qs_wifi_3
D/StatusBar.MSimNetworkController( 1052): refreshViews subscription =0mMSimDataConnected =false
D/StatusBar.MSimNetworkController( 1052): refreshViews mMSimDataActivity =0
D/StatusBar.MSimNetworkController( 1052): refreshViews: Data not connected!! Set no data type icon / Roaming for subscription: 0
D/StatusBar.MSimNetworkController( 1052): refreshViews connected={ wifi } level=0 mMSimcombinedSignalIconId=0x7f0202b3/com.android.systemui:drawable/stat_sys_wifi_signal_3_fully mMSimcombinedActivityIconId=0x7f0202ad mAirplaneMode=false mMSimDataActivity=0 mMSimPhoneSignalIconId=0x7f0202a3/com.android.systemui:drawable/stat_sys_signal_null_1 mMSimDataDirectionIconId=0x0 mMSimDataSignalIconId=0x7f0202a3 mMSimDataTypeIconId=0x0/(null) mNoMSimIconId=0x7f0200d6/com.android.systemui:drawable/stat_sys_no_sim_1 mMSimMobileActivityIconId=0x0/(null) mWifiIconId=0x7f0202b3 mBluetoothTetherIconId=0x10805e2
D/StatusBar.MSimNetworkController( 1052): refreshSignalCluster, mMSimPhoneSignalIconId[0]=com.android.systemui:drawable/stat_sys_signal_null_1 mMSimDataSignalIconId[0]=com.android.systemui:drawable/stat_sys_signal_null_1 mMSimDataTypeIconId[0]=(null) mMSimMobileActivityIconId[0]=(null) mNoMSimIconId[0]=com.android.systemui:drawable/stat_sys_no_sim_1
D/StatusBar.MSimNetworkController( 1052): refreshSignalCluster, mMSimPhoneSignalIconId[0]=com.android.systemui:drawable/stat_sys_signal_null_1 mMSimDataSignalIconId[0]=com.android.systemui:drawable/stat_sys_signal_null_1 mMSimDataTypeIconId[0]=(null) mMSimMobileActivityIconId[0]=(null) mNoMSimIconId[0]=com.android.systemui:drawable/stat_sys_no_sim_1
V/WLAN_PSA(  235): NL MSG, len[048], NL type[0x11] WNI type[0x5050] len[028]
D/wpa_supplicant( 1132): RX ctrl_iface - hexdump(len=11): 53 49 47 4e 41 4c 5f 50 4f 4c 4c
D/wpa_supplicant( 1132): wlan0: Control interface command 'SIGNAL_POLL'
D/wpa_supplicant( 1132): nl80211: survey data missing!
D/StatusBar.NetworkController( 1052): updateWifiIcons, mWifiIconId = com.android.systemui:drawable/stat_sys_wifi_signal_4_fully mQSWifiIconId = com.android.systemui:drawable/ic_qs_wifi_4
D/StatusBar.MSimNetworkController( 1052): refreshViews subscription =0mMSimDataConnected =false
D/StatusBar.MSimNetworkController( 1052): refreshViews mMSimDataActivity =0
D/StatusBar.MSimNetworkController( 1052): refreshViews: Data not connected!! Set no data type icon / Roaming for subscription: 0
D/StatusBar.MSimNetworkController( 1052): refreshViews connected={ wifi } level=0 mMSimcombinedSignalIconId=0x7f0202b4/com.android.systemui:drawable/stat_sys_wifi_signal_4_fully mMSimcombinedActivityIconId=0x7f0202ad mAirplaneMode=false mMSimDataActivity=0 mMSimPhoneSignalIconId=0x7f0202a3/com.android.systemui:drawable/stat_sys_signal_null_1 mMSimDataDirectionIconId=0x0 mMSimDataSignalIconId=0x7f0202a3 mMSimDataTypeIconId=0x0/(null) mNoMSimIconId=0x7f0200d6/com.android.systemui:drawable/stat_sys_no_sim_1 mMSimMobileActivityIconId=0x0/(null) mWifiIconId=0x7f0202b4 mBluetoothTetherIconId=0x10805e2
D/StatusBar.MSimNetworkController( 1052): refreshSignalCluster, mMSimPhoneSignalIconId[0]=com.android.systemui:drawable/stat_sys_signal_null_1 mMSimDataSignalIconId[0]=com.android.systemui:drawable/stat_sys_signal_null_1 mMSimDataTypeIconId[0]=(null) mMSimMobileActivityIconId[0]=(null) mNoMSimIconId[0]=com.android.systemui:drawable/stat_sys_no_sim_1
D/StatusBar.MSimNetworkController( 1052): refreshSignalCluster, mMSimPhoneSignalIconId[0]=com.android.systemui:drawable/stat_sys_signal_null_1 mMSimDataSignalIconId[0]=com.android.systemui:drawable/stat_sys_signal_null_1 mMSimDataTypeIconId[0]=(null) mMSimMobileActivityIconId[0]=(null) mNoMSimIconId[0]=com.android.systemui:drawable/stat_sys_no_sim_1
D/dalvikvm(10422): GC_FOR_ALLOC freed 566K, 39% free 4493K/7356K, paused 22ms, total 22ms
V/WLAN_PSA(  235): NL MSG, len[048], NL type[0x11] WNI type[0x5050] len[028]
D/wpa_supplicant( 1132): RX ctrl_iface - hexdump(len=11): 53 49 47 4e 41 4c 5f 50 4f 4c 4c
D/wpa_supplicant( 1132): wlan0: Control interface command 'SIGNAL_POLL'
D/wpa_supplicant( 1132): nl80211: survey data missing!
D/BluetoothManagerService(  909): Message: 20
D/BluetoothManagerService(  909): Added callback: android.bluetooth.IBluetoothManagerCallback$Stub$Proxy@41e3bbb0:true
W/dalvikvm(20227): Exception Ljava/lang/UnsatisfiedLinkError; thrown while initializing Lcom/otg/idcard/OTGReadCardAPI;
D/AndroidRuntime(20227): Shutting down VM
W/dalvikvm(20227): threadid=1: thread exiting with uncaught exception (group=0x41636d58)
E/AndroidRuntime(20227): FATAL EXCEPTION: main
E/AndroidRuntime(20227): Process: com.yishu.idcarder, PID: 20227
E/AndroidRuntime(20227): java.lang.UnsatisfiedLinkError: Couldn't load btjni from loader dalvik.system.PathClassLoader[DexPathList[[zip file "/data/app/com.yishu.idcarder-2.apk"],nativeLibraryDirectories=[/data/app-lib/com.yishu.idcarder-2, /vendor/lib, /system/lib]]]: findLibrary returned null
E/AndroidRuntime(20227): 	at java.lang.Runtime.loadLibrary(Runtime.java:358)
E/AndroidRuntime(20227): 	at java.lang.System.loadLibrary(System.java:526)
E/AndroidRuntime(20227): 	at com.otg.idcard.OTGReadCardAPI.<clinit>(Unknown Source)
E/AndroidRuntime(20227): 	at com.yishu.idcarder.IDCardReaderFragment.onCreateView(IDCardReaderFragment.java:84)
E/AndroidRuntime(20227): 	at android.app.Fragment.performCreateView(Fragment.java:1700)
E/AndroidRuntime(20227): 	at android.app.FragmentManagerImpl.moveToState(FragmentManager.java:890)
E/AndroidRuntime(20227): 	at android.app.FragmentManagerImpl.moveToState(FragmentManager.java:1062)
E/AndroidRuntime(20227): 	at android.app.BackStackRecord.run(BackStackRecord.java:684)
E/AndroidRuntime(20227): 	at android.app.FragmentManagerImpl.execPendingActions(FragmentManager.java:1447)
E/AndroidRuntime(20227): 	at android.app.FragmentManagerImpl$1.run(FragmentManager.java:443)
E/AndroidRuntime(20227): 	at android.os.Handler.handleCallback(Handler.java:733)
E/AndroidRuntime(20227): 	at android.os.Handler.dispatchMessage(Handler.java:95)
E/AndroidRuntime(20227): 	at android.os.Looper.loop(Looper.java:136)
E/AndroidRuntime(20227): 	at android.app.ActivityThread.main(ActivityThread.java:5095)
E/AndroidRuntime(20227): 	at java.lang.reflect.Method.invokeNative(Native Method)
E/AndroidRuntime(20227): 	at java.lang.reflect.Method.invoke(Method.java:515)
E/AndroidRuntime(20227): 	at com.android.internal.os.ZygoteInit$MethodAndArgsCaller.run(ZygoteInit.java:786)
E/AndroidRuntime(20227): 	at com.android.internal.os.ZygoteInit.main(ZygoteInit.java:602)
E/AndroidRuntime(20227): 	at dalvik.system.NativeStart.main(Native Method)
W/ActivityManager(  909):   Force finishing activity com.yishu.idcarder/.MainActivity
W/ActivityManager(  909): Activity pause timeout for ActivityRecord{41d99fb0 u0 com.yishu.idcarder/.MainActivity t12 f}
E/ws000   (20422): begin call prefClean
E/ws000   (20422): end call prefClean
W/IpcPrefManager(20422): happy, gracefully clean
D/wpa_supplicant( 1132): RX ctrl_iface - hexdump(len=14): 53 43 41 4e 20 54 59 50 45 3d 4f 4e 4c 59
D/wpa_supplicant( 1132): wlan0: Control interface command 'SCAN TYPE=ONLY'
D/wpa_supplicant( 1132): wlan0: Setting scan request: 0 sec 0 usec
D/wpa_supplicant( 1132): wlan0: Starting AP scan for wildcard SSID
D/wpa_supplicant( 1132): wlan0: nl80211: scan request
D/wpa_supplicant( 1132): nl80211: Scan SSID - hexdump(len=0): [NULL]
D/wpa_supplicant( 1132): Scan requested (ret=0) - scan timeout 30 seconds
D/wpa_supplicant( 1132): nl80211: Event message available
D/wpa_supplicant( 1132): nl80211: Drv Event 33 (NL80211_CMD_TRIGGER_SCAN) received for wlan0
D/wpa_supplicant( 1132): wlan0: nl80211: Scan trigger
D/wpa_supplicant( 1132): wlan0: Event SCAN_STARTED (57) received
D/wpa_supplicant( 1132): wlan0: Own scan request started a scan
I/wpa_supplicant( 1132): wlan0: CTRL-EVENT-SCAN-STARTED 
D/wpa_supplicant( 1132): CTRL_IFACE monitor send - hexdump(len=39): 2f 64 61 74 61 2f 6d 69 73 63 2f 77 69 66 69 2f 73 6f 63 6b 65 74 73 2f 77 70 61 5f 63 74 72 6c ...
V/WLAN_PSA(  235): NL MSG, len[914], NL type[0x11] WNI type[0x5050] len[894]
V/WLAN_PSA(  235): NL MSG, len[048], NL type[0x11] WNI type[0x5050] len[028]
I/AndroidRuntime(20422): VM exiting with result code 0, cleanup skipped.
D/dalvikvm(10942): GC_FOR_ALLOC freed 736K, 25% free 4958K/6568K, paused 79ms, total 80ms
I/ActivityManager(  909): Process com.qihoo360.mobilesafe:FloatWindow (pid 20422) has died.
V/WLAN_PSA(  235): NL MSG, len[914], NL type[0x11] WNI type[0x5050] len[894]
D/wpa_supplicant( 1132): nl80211: Event message available
D/wpa_supplicant( 1132): nl80211: Drv Event 34 (NL80211_CMD_NEW_SCAN_RESULTS) received for wlan0
D/wpa_supplicant( 1132): wlan0: nl80211: New scan results available
D/wpa_supplicant( 1132): wlan0: Event SCAN_RESULTS (3) received
D/wpa_supplicant( 1132): nl80211: Associated on 2442 MHz
D/wpa_supplicant( 1132): nl80211: Associated with 80:89:17:b3:b6:76
D/wpa_supplicant( 1132): nl80211: Received scan results (22 BSSes)
D/wpa_supplicant( 1132): nl80211: Survey data missing
D/wpa_supplicant( 1132): nl80211: Scan results indicate BSS status with 80:89:17:b3:b6:76 as associated
D/wpa_supplicant( 1132): wlan0: BSS: Start scan result update 11
D/wpa_supplicant( 1132): wlan0: BSS: Add new id 51 BSSID 00:22:aa:a1:1f:6c SSID 'WSWY'
D/wpa_supplicant( 1132): CTRL_IFACE monitor send - hexdump(len=39): 2f 64 61 74 61 2f 6d 69 73 63 2f 77 69 66 69 2f 73 6f 63 6b 65 74 73 2f 77 70 61 5f 63 74 72 6c ...
D/wpa_supplicant( 1132): wlan0: BSS: Add new id 52 BSSID 14:75:90:fb:f7:fd SSID 'NJ KXT'
D/wpa_supplicant( 1132): CTRL_IFACE monitor send - hexdump(len=39): 2f 64 61 74 61 2f 6d 69 73 63 2f 77 69 66 69 2f 73 6f 63 6b 65 74 73 2f 77 70 61 5f 63 74 72 6c ...
D/wpa_supplicant( 1132): wlan0: BSS: Add new id 53 BSSID 50:bd:5f:38:e4:33 SSID 'TP-LINK_E433'
D/wpa_supplicant( 1132): CTRL_IFACE monitor send - hexdump(len=39): 2f 64 61 74 61 2f 6d 69 73 63 2f 77 69 66 69 2f 73 6f 63 6b 65 74 73 2f 77 70 61 5f 63 74 72 6c ...
D/wpa_supplicant( 1132): wlan0: BSS: Add new id 54 BSSID 28:2c:b2:98:3d:d4 SSID 'gukedianzi'
D/wpa_supplicant( 1132): CTRL_IFACE monitor send - hexdump(len=39): 2f 64 61 74 61 2f 6d 69 73 63 2f 77 69 66 69 2f 73 6f 63 6b 65 74 73 2f 77 70 61 5f 63 74 72 6c ...
D/wpa_supplicant( 1132): wlan0: BSS: Add new id 55 BSSID fc:e3:3c:4e:9b:f4 SSID 'ChinaNet-xrBH'
D/wpa_supplicant( 1132): CTRL_IFACE monitor send - hexdump(len=39): 2f 64 61 74 61 2f 6d 69 73 63 2f 77 69 66 69 2f 73 6f 63 6b 65 74 73 2f 77 70 61 5f 63 74 72 6c ...
D/wpa_supplicant( 1132): wlan0: BSS: Add new id 56 BSSID 58:6a:b1:9b:92:1b SSID 'WeiHua'
D/wpa_supplicant( 1132): CTRL_IFACE monitor send - hexdump(len=39): 2f 64 61 74 61 2f 6d 69 73 63 2f 77 69 66 69 2f 73 6f 63 6b 65 74 73 2f 77 70 61 5f 63 74 72 6c ...
D/wpa_supplicant( 1132): wlan0: BSS: Add new id 57 BSSID 02:0e:5e:4b:23:d8 SSID 'ChinaNet-aiPm'
D/wpa_supplicant( 1132): CTRL_IFACE monitor send - hexdump(len=39): 2f 64 61 74 61 2f 6d 69 73 63 2f 77 69 66 69 2f 73 6f 63 6b 65 74 73 2f 77 70 61 5f 63 74 72 6c ...
D/wpa_supplicant( 1132): wlan0: BSS: Add new id 58 BSSID 34:e0:cf:16:73:37 SSID 'ChinaNet-5Lwm'
D/wpa_supplicant( 1132): CTRL_IFACE monitor send - hexdump(len=39): 2f 64 61 74 61 2f 6d 69 73 63 2f 77 69 66 69 2f 73 6f 63 6b 65 74 73 2f 77 70 61 5f 63 74 72 6c ...
D/wpa_supplicant( 1132): wlan0: BSS: Add new id 59 BSSID ac:85:3d:a5:69:a0 SSID 'luichi'
D/wpa_supplicant( 1132): CTRL_IFACE monitor send - hexdump(len=39): 2f 64 61 74 61 2f 6d 69 73 63 2f 77 69 66 69 2f 73 6f 63 6b 65 74 73 2f 77 70 61 5f 63 74 72 6c ...
D/wpa_supplicant( 1132): wlan0: BSS: Remove id 36 BSSID 50:bd:5f:3d:90:68 SSID 'changxinsoft' due to no match in scan
D/wpa_supplicant( 1132): CTRL_IFACE monitor send - hexdump(len=39): 2f 64 61 74 61 2f 6d 69 73 63 2f 77 69 66 69 2f 73 6f 63 6b 65 74 73 2f 77 70 61 5f 63 74 72 6c ...
D/wpa_supplicant( 1132): wlan0: BSS: Remove id 37 BSSID 54:b8:0a:0c:b6:dc SSID 'WeiHua_QA2' due to no match in scan
D/wpa_supplicant( 1132): CTRL_IFACE monitor send - hexdump(len=39): 2f 64 61 74 61 2f 6d 69 73 63 2f 77 69 66 69 2f 73 6f 63 6b 65 74 73 2f 77 70 61 5f 63 74 72 6c ...
D/wpa_supplicant( 1132): wlan0: BSS: Remove id 42 BSSID d4:ee:07:2c:c7:90 SSID '\xe5\x9b\xbd\xe9\x87\x87\xe8\x83\xbd\xe6\xba\x9004' due to no match in scan
D/wpa_supplicant( 1132): CTRL_IFACE monitor send - hexdump(len=39): 2f 64 61 74 61 2f 6d 69 73 63 2f 77 69 66 69 2f 73 6f 63 6b 65 74 73 2f 77 70 61 5f 63 74 72 6c ...
D/wpa_supplicant( 1132): wlan0: BSS: Remove id 43 BSSID c0:61:18:d5:cb:eb SSID '505NEW' due to no match in scan
D/wpa_supplicant( 1132): CTRL_IFACE monitor send - hexdump(len=39): 2f 64 61 74 61 2f 6d 69 73 63 2f 77 69 66 69 2f 73 6f 63 6b 65 74 73 2f 77 70 61 5f 63 74 72 6c ...
D/wpa_supplicant( 1132): wlan0: BSS: Remove id 38 BSSID d4:ee:07:2c:c8:22 SSID '\xe5\x9b\xbd\xe9\x87\x86\xe8\x83\xbd\xe6\xba\x9002' due to no match in scan
D/wpa_supplicant( 1132): CTRL_IFACE monitor send - hexdump(len=39): 2f 64 61 74 61 2f 6d 69 73 63 2f 77 69 66 69 2f 73 6f 63 6b 65 74 73 2f 77 70 61 5f 63 74 72 6c ...
D/wpa_supplicant( 1132): wlan0: BSS: Remove id 44 BSSID c8:3a:35:0e:0c:c1 SSID 'dikang' due to no match in scan
D/wpa_supplicant( 1132): CTRL_IFACE monitor send - hexdump(len=39): 2f 64 61 74 61 2f 6d 69 73 63 2f 77 69 66 69 2f 73 6f 63 6b 65 74 73 2f 77 70 61 5f 63 74 72 6c ...
D/wpa_supplicant( 1132): wlan0: BSS: Remove id 39 BSSID f4:ee:14:42:d9:2e SSID 'WeiHua_QA' due to no match in scan
D/wpa_supplicant( 1132): CTRL_IFACE monitor send - hexdump(len=39): 2f 64 61 74 61 2f 6d 69 73 63 2f 77 69 66 69 2f 73 6f 63 6b 65 74 73 2f 77 70 61 5f 63 74 72 6c ...
D/wpa_supplicant( 1132): wlan0: BSS: Remove id 40 BSSID 58:6a:b1:9b:92:1a SSID '' due to no match in scan
D/wpa_supplicant( 1132): CTRL_IFACE monitor send - hexdump(len=39): 2f 64 61 74 61 2f 6d 69 73 63 2f 77 69 66 69 2f 73 6f 63 6b 65 74 73 2f 77 70 61 5f 63 74 72 6c ...
D/wpa_supplicant( 1132): BSS: last_scan_res_used=22/32 last_scan_full=0
D/wpa_supplicant( 1132): wlan0: Scan-only results received
D/wpa_supplicant( 1132): CTRL_IFACE monitor send - hexdump(len=39): 2f 64 61 74 61 2f 6d 69 73 63 2f 77 69 66 69 2f 73 6f 63 6b 65 74 73 2f 77 70 61 5f 63 74 72 6c ...
D/wpa_supplicant( 1132): wlan0: P2P: Station mode scan operation not pending anymore (sta_scan_pending=0 p2p_cb_on_scan_complete=0)
D/wpa_supplicant( 1132): nl80211: Drv Event 32 (NL80211_CMD_GET_SCAN) received for wlan0
D/wpa_supplicant( 1132): wlan0: nl80211: Ignored unknown event (cmd=32)
D/wpa_supplicant( 1132): RX ctrl_iface - hexdump(len=25): 42 53 53 20 52 41 4e 47 45 3d 30 2d 20 4d 41 53 4b 3d 30 78 32 31 39 38 37
D/wpa_supplicant( 1132): wlan0: Control interface command 'BSS RANGE=0- MASK=0x21987'
D/wifi_gbk2utf(  909): parseScanResults, line=id=0
D/wifi_gbk2utf(  909):  
D/wifi_gbk2utf(  909): parseScanResults, line=bssid=80:89:17:b3:b6:76
D/wifi_gbk2utf(  909):  
D/wifi_gbk2utf(  909): parseScanResults, line=freq=2442
D/wifi_gbk2utf(  909):  
D/wifi_gbk2utf(  909): parseScanResults, line=level=-55
D/wifi_gbk2utf(  909):  
D/wifi_gbk2utf(  909): parseScanResults, line=tsf=0000001361371454
D/wifi_gbk2utf(  909):  
D/wifi_gbk2utf(  909): parseScanResults, line=flags=[WPA-PSK-CCMP][WPA2-PSK-CCMP][ESS]
D/wifi_gbk2utf(  909):  
D/wifi_gbk2utf(  909): parseScanResults, line=ssid=DIANXIN
D/wifi_gbk2utf(  909):  
D/wifi_gbk2utf(  909): parseScanResults, ssid = DIANXIN, buf = DIANXIN,isUTF8= 0, isCh = 0
D/wifi_gbk2utf(  909): parseScanResults, line=====
D/wifi_gbk2utf(  909):  
D/wifi_gbk2utf(  909): After sscanf,ssid:DIANXIN, isCh:0
D/wifi_gbk2utf(  909): parseScanResults, line=id=9
D/wifi_gbk2utf(  909):  
D/wifi_gbk2utf(  909): parseScanResults, line=bssid=ea:86:87:47:e4:87
D/wifi_gbk2utf(  909):  
D/wifi_gbk2utf(  909): parseScanResults, line=freq=2412
D/wifi_gbk2utf(  909):  
D/wifi_gbk2utf(  909): parseScanResults, line=level=-59
D/wifi_gbk2utf(  909):  
D/wifi_gbk2utf(  909): parseScanResults, line=tsf=0000001361371468
D/wifi_gbk2utf(  909):  
D/wifi_gbk2utf(  909): parseScanResults, line=flags=[WPA2-PSK-CCMP][ESS]
D/wifi_gbk2utf(  909):  
D/wifi_gbk2utf(  909): parseScanResults, line=ssid=zyzx
D/wifi_gbk2utf(  909):  
D/wifi_gbk2utf(  909): parseScanResults, ssid = zyzx, buf = zyzx,isUTF8= 0, isCh = 0
D/wifi_gbk2utf(  909): parseScanResults, line=====
D/wifi_gbk2utf(  909):  
D/wifi_gbk2utf(  909): After sscanf,ssid:zyzx, isCh:0
D/wifi_gbk2utf(  909): parseScanResults, line=id=10
D/wifi_gbk2utf(  909):  
D/wifi_gbk2utf(  909): parseScanResults, line=bssid=0c:4c:39:12:49:06
D/wifi_gbk2utf(  909):  
D/wifi_gbk2utf(  909): parseScanResults, line=freq=2412
D/wifi_gbk2utf(  909):  
D/wifi_gbk2utf(  909): parseScanResults, line=level=-67
D/wifi_gbk2utf(  909):  
D/wifi_gbk2utf(  909): parseScanResults, line=tsf=0000001361371482
D/wifi_gbk2utf(  909):  
D/wifi_gbk2utf(  909): parseScanResults, line=flags=[WPA-PSK-CCMP+TKIP][WPS][ESS]
D/wifi_gbk2utf(  909):  
D/wifi_gbk2utf(  909): parseScanResults, line=ssid=ChinaNet-tXX5
D/wifi_gbk2utf(  909):  
D/wifi_gbk2utf(  909): parseScanResults, ssid = ChinaNet-tXX5, buf = ChinaNet-tXX5,isUTF8= 0, isCh = 0
D/wifi_gbk2utf(  909): parseScanResults, line=====
D/wifi_gbk2utf(  909):  
D/wifi_gbk2utf(  909): After sscanf,ssid:ChinaNet-tXX5, isCh:0
D/wifi_gbk2utf(  909): parseScanResults, line=id=11
D/wifi_gbk2utf(  909):  
D/wifi_gbk2utf(  909): parseScanResults, line=bssid=ec:88:8f:8e:43:f4
D/wifi_gbk2utf(  909):  
D/wifi_gbk2utf(  909): parseScanResults, line=freq=2437
D/wifi_gbk2utf(  909):  
D/wifi_gbk2utf(  909): parseScanResults, line=level=-69
D/wifi_gbk2utf(  909):  
D/wifi_gbk2utf(  909): parseScanResults, line=tsf=0000001361371488
D/wifi_gbk2utf(  909):  
D/wifi_gbk2utf(  909): parseScanResults, line=flags=[WPA-PSK-CCMP][WPS][ESS]
D/wifi_gbk2utf(  909):  
D/wifi_gbk2utf(  909): parseScanResults, line=ssid=HTZX
D/wifi_gbk2utf(  909):  
D/wifi_gbk2utf(  909): parseScanResults, ssid = HTZX, buf = HTZX,isUTF8= 0, isCh = 0
D/wifi_gbk2utf(  909): parseScanResults, line=====
D/wifi_gbk2utf(  909):  
D/wifi_gbk2utf(  909): After sscanf,ssid:HTZX, isCh:0
D/wifi_gbk2utf(  909): parseScanResults, line=id=12
D/wifi_gbk2utf(  909):  
D/wifi_gbk2utf(  909): parseScanResults, line=bssid=9c:21:6a:73:b2:26
D/wifi_gbk2utf(  909):  
D/wifi_gbk2utf(  909): parseScanResults, line=freq=2462
D/wifi_gbk2utf(  909):  
D/wifi_gbk2utf(  909): parseScanResults, line=level=-62
D/wifi_gbk2utf(  909):  
D/wifi_gbk2utf(  909): parseScanResults, line=tsf=0000001361371475
D/wifi_gbk2utf(  909):  
D/wifi_gbk2utf(  909): parseScanResults, line=flags=[WPA-PSK-CCMP][WPA2-PSK-CCMP][WPS][ESS]
D/wifi_gbk2utf(  909):  
D/wifi_gbk2utf(  909): parseScanResults, line=ssid=TP-LINKQX
D/wifi_gbk2utf(  909):  
D/wifi_gbk2utf(  909): parseScanResults, ssid = TP-LINKQX, buf = TP-LINKQX,isUTF8= 0, isCh = 0
D/wifi_gbk2utf(  909): parseScanResults, line=====
D/wifi_gbk2utf(  909):  
D/wifi_gbk2utf(  909): After sscanf,ssid:TP-LINKQX, isCh:0
D/wifi_gbk2utf(  909): parseScanResults, line=id=34
D/wifi_gbk2utf(  909):  
D/wifi_gbk2utf(  909): parseScanResults, line=bssid=9c:d3:6d:b3:81:1c
D/wifi_gbk2utf(  909):  
D/wifi_gbk2utf(  909): parseScanResults, line=freq=2447
D/wifi_gbk2utf(  909):  
D/wifi_gbk2utf(  909): parseScanResults, line=level=-77
D/wifi_gbk2utf(  909):  
D/wifi_gbk2utf(  909): parseScanResults, line=tsf=0000001361371532
D/wifi_gbk2utf(  909):  
D/wifi_gbk2utf(  909): parseScanResults, line=flags=[WPA2-PSK-CCMP][WPS][ESS]
D/wifi_gbk2utf(  909):  
D/wifi_gbk2utf(  909): parseScanResults, line=ssid=ChinaNet-wdga
D/wifi_gbk2utf(  909):  
D/wifi_gbk2utf(  909): parseScanResults, ssid = ChinaNet-wdga, buf = ChinaNet-wdga,isUTF8= 0, isCh = 0
D/wifi_gbk2utf(  909): parseScanResults, line=====
D/wifi_gbk2utf(  909):  
D/wifi_gbk2utf(  909): After sscanf,ssid:ChinaNet-wdga, isCh:0
D/wifi_gbk2utf(  909): parseScanResults, line=id=41
D/wifi_gbk2utf(  909):  
D/wifi_gbk2utf(  909): parseScanResults, line=bssid=80:89:17:90:4f:9c
D/wifi_gbk2utf(  909):  
D/wifi_gbk2utf(  909): parseScanResults, line=freq=2412
D/wifi_gbk2utf(  909):  
D/wifi_gbk2utf(  909): parseScanResults, line=level=-84
D/wifi_gbk2utf(  909):  
D/wifi_gbk2utf(  909): parseScanResults, line=tsf=0000001361371571
D/wifi_gbk2utf(  909):  
D/wifi_gbk2utf(  909): parseScanResults, line=flags=[WPA-PSK-CCMP][WPA2-PSK-CCMP][ESS]
D/wifi_gbk2utf(  909):  
D/wifi_gbk2utf(  909): parseScanResults, line=ssid=pactera2015
D/wifi_gbk2utf(  909):  
D/wifi_gbk2utf(  909): parseScanResults, ssid = pactera2015, buf = pactera2015,isUTF8= 0, isCh = 0
D/wifi_gbk2utf(  909): parseScanResults, line=====
D/wifi_gbk2utf(  909):  
D/wifi_gbk2utf(  909): After sscanf,ssid:pactera2015, isCh:0
D/wifi_gbk2utf(  909): parseScanResults, line=id=45
D/wifi_gbk2utf(  909):  
D/wifi_gbk2utf(  909): parseScanResults, line=bssid=d8:15:0d:9a:c4:a6
D/wifi_gbk2utf(  909):  
D/wifi_gbk2utf(  909): parseScanResults, line=freq=2462
D/wifi_gbk2utf(  909):  
D/wifi_gbk2utf(  909): parseScanResults, line=level=-72
D/wifi_gbk2utf(  909):  
D/wifi_gbk2utf(  909): parseScanResults, line=tsf=0000001361371494
D/wifi_gbk2utf(  909):  
D/wifi_gbk2utf(  909): parseScanResults, line=flags=[WPA-PSK-CCMP][WPA2-PSK-CCMP][WPS][ESS]
D/wifi_gbk2utf(  909):  
D/wifi_gbk2utf(  909): parseScanResults, line=ssid=WSDV-Work
D/wifi_gbk2utf(  909):  
D/wifi_gbk2utf(  909): parseScanResults, ssid = WSDV-Work, buf = WSDV-Work,isUTF8= 0, isCh = 0
D/wifi_gbk2utf(  909): parseScanResults, line=====
D/wifi_gbk2utf(  909):  
D/wifi_gbk2utf(  909): After sscanf,ssid:WSDV-Work, isCh:0
D/wifi_gbk2utf(  909): parseScanResults, line=id=46
D/wifi_gbk2utf(  909):  
D/wifi_gbk2utf(  909): parseScanResults, line=bssid=64:09:80:14:63:92
D/wifi_gbk2utf(  909):  
D/wifi_gbk2utf(  909): parseScanResults, line=freq=2437
D/wifi_gbk2utf(  909):  
D/wifi_gbk2utf(  909): parseScanResults, line=level=-77
D/wifi_gbk2utf(  909):  
D/wifi_gbk2utf(  909): parseScanResults, line=tsf=0000001361371510
D/wifi_gbk2utf(  909):  
D/wifi_gbk2utf(  909): parseScanResults, line=flags=[WPA-PSK-CCMP+TKIP][WPA2-PSK-CCMP+TKIP][WPS][ESS]
D/wifi_gbk2utf(  909):  
D/wifi_gbk2utf(  909): parseScanResults, line=ssid=-\xe6\x98\x8c\xe4\xbf\xa1\xe7\xa7\x91\xe6\x8a\x80-\xe6\x99\xba\xe6\x85\xa7\xe6\x96\xb9\xe6\xa1\x88
D/wifi_gbk2utf(  909):  
D/wifi_gbk2utf(  909): parseScanResults, ssid = -\xe6\x98\x8c\xe4\xbf\xa1\xe7\xa7\x91\xe6\x8a\x80-\xe6\x99\xba\xe6\x85\xa7\xe6\x96\xb9\xe6\xa1\x88, buf = --,isUTF8= 1, isCh = 1
D/wifi_gbk2utf(  909): parseScanResults, line=====
D/wifi_gbk2utf(  909):  
D/wifi_gbk2utf(  909): After sscanf,ssid:-\xe6\x98\x8c\xe4\xbf\xa1\xe7\xa7\x91\xe6\x8a\x80-\xe6\x99\xba\xe6\x85\xa7\xe6\x96\xb9\xe6\xa1\x88, isCh:1
D/wifi_gbk2utf(  909): parseScanResults, line=id=47
D/wifi_gbk2utf(  909):  
D/wifi_gbk2utf(  909): parseScanResults, line=bssid=70:3a:d8:21:ce:30
D/wifi_gbk2utf(  909):  
D/wifi_gbk2utf(  909): parseScanResults, line=freq=2462
D/wifi_gbk2utf(  909):  
D/wifi_gbk2utf(  909): parseScanResults, line=level=-81
D/wifi_gbk2utf(  909):  
D/wifi_gbk2utf(  909): parseScanResults, line=tsf=0000001361371551
D/wifi_gbk2utf(  909):  
D/wifi_gbk2utf(  909): parseScanResults, line=flags=[WPA-PSK-CCMP][WPA2-PSK-CCMP][ESS]
D/wifi_gbk2utf(  909):  
D/wifi_gbk2utf(  909): parseScanResults, line=ssid=yuhuiintel-AF
D/wifi_gbk2utf(  909):  
D/wifi_gbk2utf(  909): parseScanResults, ssid = yuhuiintel-AF, buf = yuhuiintel-AF,isUTF8= 0, isCh = 0
D/wifi_gbk2utf(  909): parseScanResults, line=====
D/wifi_gbk2utf(  909):  
D/wifi_gbk2utf(  909): After sscanf,ssid:yuhuiintel-AF, isCh:0
D/wifi_gbk2utf(  909): parseScanResults, line=id=48
D/wifi_gbk2utf(  909):  
D/wifi_gbk2utf(  909): parseScanResults, line=bssid=64:09:80:79:f5:fb
D/wifi_gbk2utf(  909):  
D/wifi_gbk2utf(  909): parseScanResults, line=freq=2457
D/wifi_gbk2utf(  909):  
D/wifi_gbk2utf(  909): parseScanResults, line=level=-84
D/wifi_gbk2utf(  909):  
D/wifi_gbk2utf(  909): parseScanResults, line=tsf=0000001361371544
D/wifi_gbk2utf(  909):  
D/wifi_gbk2utf(  909): parseScanResults, line=flags=[WPA-PSK-CCMP+TKIP][WPA2-PSK-CCMP+TKIP][WPS][ESS]
D/wifi_gbk2utf(  909):  
D/wifi_gbk2utf(  909): parseScanResults, line=ssid=jszhaomi-608
D/wifi_gbk2utf(  909):  
D/wifi_gbk2utf(  909): parseScanResults, ssid = jszhaomi-608, buf = jszhaomi-608,isUTF8= 0, isCh = 0
D/wifi_gbk2utf(  909): parseScanResults, line=====
D/wifi_gbk2utf(  909):  
D/wifi_gbk2utf(  909): After sscanf,ssid:jszhaomi-608, isCh:0
D/wifi_gbk2utf(  909): parseScanResults, line=id=49
D/wifi_gbk2utf(  909):  
D/wifi_gbk2utf(  909): parseScanResults, line=bssid=02:0e:5e:36:d5:12
D/wifi_gbk2utf(  909):  
D/wifi_gbk2utf(  909): parseScanResults, line=freq=2412
D/wifi_gbk2utf(  909):  
D/wifi_gbk2utf(  909): parseScanResults, line=level=-84
D/wifi_gbk2utf(  909):  
D/wifi_gbk2utf(  909): parseScanResults, line=tsf=0000001334801003
D/wifi_gbk2utf(  909):  
D/wifi_gbk2utf(  909): parseScanResults, line=flags=[WPA-PSK-CCMP+TKIP][ESS]
D/wifi_gbk2utf(  909):  
D/wifi_gbk2utf(  909): parseScanResults, line=ssid=ChinaNet-fHdH
D/wifi_gbk2utf(  909):  
D/wifi_gbk2utf(  909): parseScanResults, ssid = ChinaNet-fHdH, buf = ChinaNet-fHdH,isUTF8= 0, isCh = 0
D/wifi_gbk2utf(  909): parseScanResults, line=====
D/wifi_gbk2utf(  909):  
D/wifi_gbk2utf(  909): After sscanf,ssid:ChinaNet-fHdH, isCh:0
D/wifi_gbk2utf(  909): parseScanResults, line=id=50
D/wifi_gbk2utf(  909):  
D/wifi_gbk2utf(  909): parseScanResults, line=bssid=6c:e8:73:4c:9f:ac
D/wifi_gbk2utf(  909):  
D/wifi_gbk2utf(  909): parseScanResults, line=freq=2437
D/wifi_gbk2utf(  909):  
D/wifi_gbk2utf(  909): parseScanResults, line=level=-85
D/wifi_gbk2utf(  909):  
D/wifi_gbk2utf(  909): parseScanResults, line=tsf=0000001361371557
D/wifi_gbk2utf(  909):  
D/wifi_gbk2utf(  909): parseScanResults, line=flags=[WPA-PSK-CCMP+TKIP][WPA2-PSK-CCMP+TKIP][WPS][ESS]
D/wifi_gbk2utf(  909):  
D/wifi_gbk2utf(  909): parseScanResults, line=ssid=TP-LINK_4C9FAC
D/wifi_gbk2utf(  909):  
D/wifi_gbk2utf(  909): parseScanResults, ssid = TP-LINK_4C9FAC, buf = TP-LINK_4C9FAC,isUTF8= 0, isCh = 0
D/wifi_gbk2utf(  909): parseScanResults, line=====
D/wifi_gbk2utf(  909):  
D/wifi_gbk2utf(  909): After sscanf,ssid:TP-LINK_4C9FAC, isCh:0
D/wifi_gbk2utf(  909): parseScanResults, line=id=51
D/wifi_gbk2utf(  909):  
D/wifi_gbk2utf(  909): parseScanResults, line=bssid=00:22:aa:a1:1f:6c
D/wifi_gbk2utf(  909):  
D/wifi_gbk2utf(  909): parseScanResults, line=freq=2437
D/wifi_gbk2utf(  909):  
D/wifi_gbk2utf(  909): parseScanResults, line=level=-73
D/wifi_gbk2utf(  909):  
D/wifi_gbk2utf(  909): parseScanResults, line=tsf=0000001361371500
D/wifi_gbk2utf(  909):  
D/wifi_gbk2utf(  909): parseScanResults, line=flags=[WPA-PSK-CCMP+TKIP][WPA2-PSK-CCMP+TKIP][ESS]
D/wifi_gbk2utf(  909):  
D/wifi_gbk2utf(  909): parseScanResults, line=ssid=WSWY
D/wifi_gbk2utf(  909):  
D/wifi_gbk2utf(  909): parseScanResults, ssid = WSWY, buf = WSWY,isUTF8= 0, isCh = 0
D/wifi_gbk2utf(  909): parseScanResults, line=====
D/wifi_gbk2utf(  909):  
D/wifi_gbk2utf(  909): After sscanf,ssid:WSWY, isCh:0
D/wifi_gbk2utf(  909): parseScanResults, line=id=52
D/wifi_gbk2utf(  909):  
D/wifi_gbk2utf(  909): parseScanResults, line=bssid=14:75:90:fb:f7:fd
D/wifi_gbk2utf(  909):  
D/wifi_gbk2utf(  909): parseScanResults, line=freq=2462
D/wifi_gbk2utf(  909):  
D/wifi_gbk2utf(  909): parseScanResults, line=level=-77
D/wifi_gbk2utf(  909):  
D/wifi_gbk2utf(  909): parseScanResults, line=tsf=0000001361371538
D/wifi_gbk2utf(  909):  
D/wifi_gbk2utf(  909): parseScanResults, line=flags=[WPA-PSK-CCMP+TKIP][WPA2-PSK-CCMP+TKIP][ESS]
D/wifi_gbk2utf(  909):  
D/wifi_gbk2utf(  909): parseScanResults, line=ssid=NJ KXT
D/wifi_gbk2utf(  909):  
D/wifi_gbk2utf(  909): parseScanResults, ssid = NJ KXT, buf = NJ KXT,isUTF8= 0, isCh = 0
D/wifi_gbk2utf(  909): parseScanResults, line=====
D/wifi_gbk2utf(  909):  
D/wifi_gbk2utf(  909): After sscanf,ssid:NJ KXT, isCh:0
D/wifi_gbk2utf(  909): parseScanResults, line=id=53
D/wifi_gbk2utf(  909):  
D/wifi_gbk2utf(  909): parseScanResults, line=bssid=50:bd:5f:38:e4:33
D/wifi_gbk2utf(  909):  
D/wifi_gbk2utf(  909): parseScanResults, line=freq=2462
D/wifi_gbk2utf(  909):  
D/wifi_gbk2utf(  909): parseScanResults, line=level=-77
D/wifi_gbk2utf(  909):  
D/wifi_gbk2utf(  909): parseScanResults, line=tsf=0000001361371518
D/wifi_gbk2utf(  909):  
D/wifi_gbk2utf(  909): parseScanResults, line=flags=[WPA-PSK-CCMP][WPA2-PSK-CCMP][ESS]
D/wifi_gbk2utf(  909):  
D/wifi_gbk2utf(  909): parseScanResults, line=ssid=TP-LINK_E433
D/wifi_gbk2utf(  909):  
D/wifi_gbk2utf(  909): parseScanResults, ssid = TP-LINK_E433, buf = TP-LINK_E433,isUTF8= 0, isCh = 0
D/wifi_gbk2utf(  909): parseScanResults, line=====
D/wifi_gbk2utf(  909):  
D/wifi_gbk2utf(  909): After sscanf,ssid:TP-LINK_E433, isCh:0
D/wifi_gbk2utf(  909): parseScanResults, line=id=54
D/wifi_gbk2utf(  909):  
D/wifi_gbk2utf(  909): parseScanResults, line=bssid=28:2c:b2:98:3d:d4
D/wifi_gbk2utf(  909):  
D/wifi_gbk2utf(  909): parseScanResults, line=freq=2412
D/wifi_gbk2utf(  909):  
D/wifi_gbk2utf(  909): parseScanResults, line=level=-78
D/wifi_gbk2utf(  909):  
D/wifi_gbk2utf(  909): parseScanResults, line=tsf=0000001361371525
D/wifi_gbk2utf(  909):  
D/wifi_gbk2utf(  909): parseScanResults, line=flags=[WPA-PSK-CCMP][WPA2-PSK-CCMP][WPS][ESS]
D/wifi_gbk2utf(  909):  
D/wifi_gbk2utf(  909): parseScanResults, line=ssid=gukedianzi
D/wifi_gbk2utf(  909):  
D/wifi_gbk2utf(  909): parseScanResults, ssid = gukedianzi, buf = gukedianzi,isUTF8= 0, isCh = 0
D/wifi_gbk2utf(  909): parseScanResults, line=====
D/wifi_gbk2utf(  909):  
D/wifi_gbk2utf(  909): After sscanf,ssid:gukedianzi, isCh:0
D/wifi_gbk2utf(  909): parseScanResults, line=id=55
D/wifi_gbk2utf(  909):  
D/wifi_gbk2utf(  909): parseScanResults, line=bssid=fc:e3:3c:4e:9b:f4
D/wifi_gbk2utf(  909):  
D/wifi_gbk2utf(  909): parseScanResults, line=freq=2442
D/wifi_gbk2utf(  909):  
D/wifi_gbk2utf(  909): parseScanResults, line=level=-85
D/wifi_gbk2utf(  909):  
D/wifi_gbk2utf(  909): parseScanResults, line=tsf=0000001361371564
D/wifi_gbk2utf(  909):  
D/wifi_gbk2utf(  909): parseScanResults, line=flags=[WPA-PSK-CCMP+TKIP][ESS]
D/wifi_gbk2utf(  909):  
D/wifi_gbk2utf(  909): parseScanResults, line=ssid=ChinaNet-xrBH
D/wifi_gbk2utf(  909):  
D/wifi_gbk2utf(  909): parseScanResults, ssid = ChinaNet-xrBH, buf = ChinaNet-xrBH,isUTF8= 0, isCh = 0
D/wifi_gbk2utf(  909): parseScanResults, line=====
D/wifi_gbk2utf(  909):  
D/wifi_gbk2utf(  909): After sscanf,ssid:ChinaNet-xrBH, isCh:0
D/wifi_gbk2utf(  909): parseScanResults, line=id=56
D/wifi_gbk2utf(  909):  
D/wifi_gbk2utf(  909): parseScanResults, line=bssid=58:6a:b1:9b:92:1b
D/wifi_gbk2utf(  909):  
D/wifi_gbk2utf(  909): parseScanResults, line=freq=2412
D/wifi_gbk2utf(  909):  
